Archive member included because of file (symbol)

c:/freescale/kds_3.0.0/toolchain/bin/../lib/gcc/arm-none-eabi/4.8.4/armv7e-m/fpu\libgcc.a(_aeabi_uldivmod.o)
                              ./SDK/platform/drivers/src/pit/fsl_pit_driver.o (__aeabi_uldivmod)
c:/freescale/kds_3.0.0/toolchain/bin/../lib/gcc/arm-none-eabi/4.8.4/armv7e-m/fpu\libgcc.a(bpabi.o)
                              c:/freescale/kds_3.0.0/toolchain/bin/../lib/gcc/arm-none-eabi/4.8.4/armv7e-m/fpu\libgcc.a(_aeabi_uldivmod.o) (__gnu_uldivmod_helper)
c:/freescale/kds_3.0.0/toolchain/bin/../lib/gcc/arm-none-eabi/4.8.4/armv7e-m/fpu\libgcc.a(_dvmd_tls.o)
                              c:/freescale/kds_3.0.0/toolchain/bin/../lib/gcc/arm-none-eabi/4.8.4/armv7e-m/fpu\libgcc.a(_aeabi_uldivmod.o) (__aeabi_ldiv0)
c:/freescale/kds_3.0.0/toolchain/bin/../lib/gcc/arm-none-eabi/4.8.4/armv7e-m/fpu\libgcc.a(_divdi3.o)
                              c:/freescale/kds_3.0.0/toolchain/bin/../lib/gcc/arm-none-eabi/4.8.4/armv7e-m/fpu\libgcc.a(bpabi.o) (__divdi3)
c:/freescale/kds_3.0.0/toolchain/bin/../lib/gcc/arm-none-eabi/4.8.4/armv7e-m/fpu\libgcc.a(_udivdi3.o)
                              c:/freescale/kds_3.0.0/toolchain/bin/../lib/gcc/arm-none-eabi/4.8.4/armv7e-m/fpu\libgcc.a(bpabi.o) (__udivdi3)
c:/freescale/kds_3.0.0/toolchain/bin/../lib/gcc/arm-none-eabi/4.8.4/../../../../arm-none-eabi/lib/armv7e-m/fpu\libg_s.a(lib_a-assert.o)
                              ./Sources/Events.o (__assert_func)
c:/freescale/kds_3.0.0/toolchain/bin/../lib/gcc/arm-none-eabi/4.8.4/../../../../arm-none-eabi/lib/armv7e-m/fpu\libg_s.a(lib_a-calloc.o)
                              ./SDK/platform/osa/src/fsl_os_abstraction_bm.o (calloc)
c:/freescale/kds_3.0.0/toolchain/bin/../lib/gcc/arm-none-eabi/4.8.4/../../../../arm-none-eabi/lib/armv7e-m/fpu\libg_s.a(lib_a-exit.o)
                              c:/freescale/kds_3.0.0/toolchain/bin/../lib/gcc/arm-none-eabi/4.8.4/../../../../arm-none-eabi/lib/armv7e-m/fpu/crt0.o (exit)
c:/freescale/kds_3.0.0/toolchain/bin/../lib/gcc/arm-none-eabi/4.8.4/../../../../arm-none-eabi/lib/armv7e-m/fpu\libg_s.a(lib_a-fprintf.o)
                              c:/freescale/kds_3.0.0/toolchain/bin/../lib/gcc/arm-none-eabi/4.8.4/../../../../arm-none-eabi/lib/armv7e-m/fpu\libg_s.a(lib_a-assert.o) (fiprintf)
c:/freescale/kds_3.0.0/toolchain/bin/../lib/gcc/arm-none-eabi/4.8.4/../../../../arm-none-eabi/lib/armv7e-m/fpu\libg_s.a(lib_a-impure.o)
                              c:/freescale/kds_3.0.0/toolchain/bin/../lib/gcc/arm-none-eabi/4.8.4/../../../../arm-none-eabi/lib/armv7e-m/fpu\libg_s.a(lib_a-exit.o) (_global_impure_ptr)
c:/freescale/kds_3.0.0/toolchain/bin/../lib/gcc/arm-none-eabi/4.8.4/../../../../arm-none-eabi/lib/armv7e-m/fpu\libg_s.a(lib_a-init.o)
                              c:/freescale/kds_3.0.0/toolchain/bin/../lib/gcc/arm-none-eabi/4.8.4/../../../../arm-none-eabi/lib/armv7e-m/fpu/crt0.o (__libc_init_array)
c:/freescale/kds_3.0.0/toolchain/bin/../lib/gcc/arm-none-eabi/4.8.4/../../../../arm-none-eabi/lib/armv7e-m/fpu\libg_s.a(lib_a-malloc.o)
                              ./SDK/platform/osa/src/fsl_os_abstraction_bm.o (malloc)
c:/freescale/kds_3.0.0/toolchain/bin/../lib/gcc/arm-none-eabi/4.8.4/../../../../arm-none-eabi/lib/armv7e-m/fpu\libg_s.a(lib_a-memset.o)
                              c:/freescale/kds_3.0.0/toolchain/bin/../lib/gcc/arm-none-eabi/4.8.4/../../../../arm-none-eabi/lib/armv7e-m/fpu/crt0.o (memset)
c:/freescale/kds_3.0.0/toolchain/bin/../lib/gcc/arm-none-eabi/4.8.4/../../../../arm-none-eabi/lib/armv7e-m/fpu\libg_s.a(lib_a-nano-callocr.o)
                              c:/freescale/kds_3.0.0/toolchain/bin/../lib/gcc/arm-none-eabi/4.8.4/../../../../arm-none-eabi/lib/armv7e-m/fpu\libg_s.a(lib_a-calloc.o) (_calloc_r)
c:/freescale/kds_3.0.0/toolchain/bin/../lib/gcc/arm-none-eabi/4.8.4/../../../../arm-none-eabi/lib/armv7e-m/fpu\libg_s.a(lib_a-nano-freer.o)
                              c:/freescale/kds_3.0.0/toolchain/bin/../lib/gcc/arm-none-eabi/4.8.4/../../../../arm-none-eabi/lib/armv7e-m/fpu\libg_s.a(lib_a-malloc.o) (_free_r)
c:/freescale/kds_3.0.0/toolchain/bin/../lib/gcc/arm-none-eabi/4.8.4/../../../../arm-none-eabi/lib/armv7e-m/fpu\libg_s.a(lib_a-nano-mallocr.o)
                              c:/freescale/kds_3.0.0/toolchain/bin/../lib/gcc/arm-none-eabi/4.8.4/../../../../arm-none-eabi/lib/armv7e-m/fpu\libg_s.a(lib_a-malloc.o) (_malloc_r)
c:/freescale/kds_3.0.0/toolchain/bin/../lib/gcc/arm-none-eabi/4.8.4/../../../../arm-none-eabi/lib/armv7e-m/fpu\libg_s.a(lib_a-sbrkr.o)
                              c:/freescale/kds_3.0.0/toolchain/bin/../lib/gcc/arm-none-eabi/4.8.4/../../../../arm-none-eabi/lib/armv7e-m/fpu\libg_s.a(lib_a-nano-mallocr.o) (_sbrk_r)
c:/freescale/kds_3.0.0/toolchain/bin/../lib/gcc/arm-none-eabi/4.8.4/../../../../arm-none-eabi/lib/armv7e-m/fpu\libg_s.a(lib_a-vfprintf.o)
[...]
Memory Configuration

Name             Origin             Length             Attributes
m_interrupts     0x00000000         0x00000400         xr
m_flash_config   0x00000400         0x00000010         xr
m_interrupts_ram 0x1fff0000         0x00000400         rw
m_text           0x00000410         0x000ffbf0         xr
m_data           0x1fff0400         0x0000fc00         rw
m_data_2         0x20000000         0x00030000         rw
*default*        0x00000000         0xffffffff

Linker script and memory map

LOAD c:/freescale/kds_3.0.0/toolchain/bin/../lib/gcc/arm-none-eabi/4.8.4/armv7e-m/fpu/crti.o
LOAD c:/freescale/kds_3.0.0/toolchain/bin/../lib/gcc/arm-none-eabi/4.8.4/armv7e-m/fpu/crtbegin.o
LOAD c:/freescale/kds_3.0.0/toolchain/bin/../lib/gcc/arm-none-eabi/4.8.4/../../../../arm-none-eabi/lib/armv7e-m/fpu/crt0.o
LOAD ./Static_Code/System/PE_low_level_init.o
LOAD ./Sources/Events.o
LOAD ./Sources/NRF24L01_DRIVER.o
LOAD ./Sources/Serial_Driver.o
LOAD ./Sources/main.o
LOAD ./SDK/platform/system/src/interrupt/fsl_interrupt_manager.o
LOAD ./SDK/platform/system/src/clock/MK64F12/fsl_clock_MK64F12.o
LOAD ./SDK/platform/system/src/clock/fsl_clock_manager.o
LOAD ./SDK/platform/system/src/clock/fsl_clock_manager_common.o
LOAD ./SDK/platform/osa/src/fsl_os_abstraction_bm.o
LOAD ./SDK/platform/hal/src/uart/fsl_uart_hal.o
LOAD ./SDK/platform/hal/src/sim/MK64F12/fsl_sim_hal_MK64F12.o
LOAD ./SDK/platform/hal/src/rtc/fsl_rtc_hal.o
LOAD ./SDK/platform/hal/src/port/fsl_port_hal.o
LOAD ./SDK/platform/hal/src/pit/fsl_pit_hal.o
LOAD ./SDK/platform/hal/src/osc/fsl_osc_hal.o
LOAD ./SDK/platform/hal/src/mcg/fsl_mcg_hal.o
LOAD ./SDK/platform/hal/src/mcg/fsl_mcg_hal_modes.o
LOAD ./SDK/platform/hal/src/gpio/fsl_gpio_hal.o
LOAD ./SDK/platform/hal/src/ftm/fsl_ftm_hal.o
LOAD ./SDK/platform/hal/src/dspi/fsl_dspi_hal.o
LOAD ./SDK/platform/drivers/src/uart/fsl_uart_common.o
LOAD ./SDK/platform/drivers/src/uart/fsl_uart_driver.o
LOAD ./SDK/platform/drivers/src/rtc/fsl_rtc_common.o
LOAD ./SDK/platform/drivers/src/pit/fsl_pit_common.o
LOAD ./SDK/platform/drivers/src/pit/fsl_pit_driver.o
LOAD ./SDK/platform/drivers/src/gpio/fsl_gpio_common.o
LOAD ./SDK/platform/drivers/src/gpio/fsl_gpio_driver.o
LOAD ./SDK/platform/drivers/src/ftm/fsl_ftm_common.o
LOAD ./SDK/platform/drivers/src/ftm/fsl_ftm_driver.o
LOAD ./SDK/platform/drivers/src/dspi/fsl_dspi_common.o
LOAD ./SDK/platform/drivers/src/dspi/fsl_dspi_master_driver.o
LOAD ./SDK/platform/drivers/src/dspi/fsl_dspi_shared_function.o
LOAD ./SDK/platform/drivers/src/dspi/fsl_dspi_slave_driver.o
LOAD ./SDK/platform/devices/MK64F12/startup/gcc/startup_MK64F12.o
LOAD ./SDK/platform/devices/MK64F12/startup/system_MK64F12.o
LOAD ./SDK/platform/devices/startup.o
LOAD ./Generated_Code/Cpu.o
LOAD ./Generated_Code/SERIAL1.o
LOAD ./Generated_Code/clockMan1.o
LOAD ./Generated_Code/dspiCom1.o
LOAD ./Generated_Code/flexTimer1.o
LOAD ./Generated_Code/gpio1.o
LOAD ./Generated_Code/hardware_init.o
LOAD ./Generated_Code/osa1.o
LOAD ./Generated_Code/pin_mux.o
LOAD ./Generated_Code/pit100us.o
LOAD ./Generated_Code/pitTimer1.o
LOAD c:/freescale/kds_3.0.0/toolchain/bin/../lib/gcc/arm-none-eabi/4.8.4/../../../../arm-none-eabi/lib/armv7e-m/fpu\libstdc++_s.a
LOAD c:/freescale/kds_3.0.0/toolchain/bin/../lib/gcc/arm-none-eabi/4.8.4/../../../../arm-none-eabi/lib/armv7e-m/fpu\libm.a
START GROUP
LOAD c:/freescale/kds_3.0.0/toolchain/bin/../lib/gcc/arm-none-eabi/4.8.4/armv7e-m/fpu\libgcc.a
LOAD c:/freescale/kds_3.0.0/toolchain/bin/../lib/gcc/arm-none-eabi/4.8.4/../../../../arm-none-eabi/lib/armv7e-m/fpu\libg_s.a
LOAD c:/freescale/kds_3.0.0/toolchain/bin/../lib/gcc/arm-none-eabi/4.8.4/../../../../arm-none-eabi/lib/armv7e-m/fpu\libc_s.a
END GROUP
START GROUP
LOAD c:/freescale/kds_3.0.0/toolchain/bin/../lib/gcc/arm-none-eabi/4.8.4/armv7e-m/fpu\libgcc.a
LOAD c:/freescale/kds_3.0.0/toolchain/bin/../lib/gcc/arm-none-eabi/4.8.4/../../../../arm-none-eabi/lib/armv7e-m/fpu\libc_s.a
LOAD c:/freescale/kds_3.0.0/toolchain/bin/../lib/gcc/arm-none-eabi/4.8.4/../../../../arm-none-eabi/lib/armv7e-m/fpu\libnosys.a
END GROUP
START GROUP
LOAD c:/freescale/kds_3.0.0/toolchain/bin/../lib/gcc/arm-none-eabi/4.8.4/armv7e-m/fpu\libgcc.a
LOAD c:/freescale/kds_3.0.0/toolchain/bin/../lib/gcc/arm-none-eabi/4.8.4/../../../../arm-none-eabi/lib/armv7e-m/fpu\libc_s.a
LOAD c:/freescale/kds_3.0.0/toolchain/bin/../lib/gcc/arm-none-eabi/4.8.4/../../../../arm-none-eabi/lib/armv7e-m/fpu\libnosys.a
END GROUP
LOAD c:/freescale/kds_3.0.0/toolchain/bin/../lib/gcc/arm-none-eabi/4.8.4/armv7e-m/fpu/crtend.o
LOAD c:/freescale/kds_3.0.0/toolchain/bin/../lib/gcc/arm-none-eabi/4.8.4/armv7e-m/fpu/crtn.o
                0x00000000                HEAP_SIZE = DEFINED (__heap_size__)?__heap_size__:0x0
                0x00000400                STACK_SIZE = DEFINED (__stack_size__)?__stack_size__:0x400

.interrupts     0x00000000      0x400
                0x00000000                __VECTOR_TABLE = .
                0x00000000                . = ALIGN (0x4)
 *(.isr_vector)
 .isr_vector    0x00000000      0x400 ./SDK/platform/devices/MK64F12/startup/gcc/startup_MK64F12.o
                0x00000000                __isr_vector
                0x00000400                . = ALIGN (0x4)
                0x1fff0000                __VECTOR_RAM = ORIGIN (m_interrupts_ram)

.flash_config   0x00000400       0x10
                0x00000400                . = ALIGN (0x4)
 *(.FlashConfig)
 .FlashConfig   0x00000400       0x10 ./SDK/platform/devices/MK64F12/startup/gcc/startup_MK64F12.o
                0x00000410                . = ALIGN (0x4)

.text           0x00000410     0x83f0
                0x00000410                . = ALIGN (0x4)
 *(.text)
 .text          0x00000410       0x54 c:/freescale/kds_3.0.0/toolchain/bin/../lib/gcc/arm-none-eabi/4.8.4/armv7e-m/fpu/crtbegin.o
 .text          0x00000464       0x74 c:/freescale/kds_3.0.0/toolchain/bin/../lib/gcc/arm-none-eabi/4.8.4/../../../../arm-none-eabi/lib/armv7e-m/fpu/crt0.o
                0x00000464                _start
                0x00000464                _mainCRTStartup
 .text          0x000004d8       0x14 ./SDK/platform/devices/MK64F12/startup/gcc/startup_MK64F12.o
                0x000004d8                Reset_Handler
                0x000004e8                DebugMon_Handler
                0x000004e8                I2C0_IRQHandler
                0x000004e8                HardFault_Handler
                0x000004e8                UART3_RX_TX_IRQHandler
                0x000004e8                PendSV_Handler
                0x000004e8                NMI_Handler
                0x000004e8                UART0_RX_TX_IRQHandler
                0x000004e8                I2C1_IRQHandler
                0x000004e8                DMA2_IRQHandler
                0x000004e8                ENET_Error_IRQHandler
                0x000004e8                CAN0_Tx_Warning_IRQHandler
                0x000004e8                CAN0_ORed_Message_buffer_IRQHandler
                0x000004e8                CMP2_IRQHandler
                0x000004e8                LLWU_IRQHandler
                0x000004e8                ENET_Receive_IRQHandler
                0x000004e8                ENET_1588_Timer_IRQHandler
                0x000004e8                UART2_RX_TX_IRQHandler
                0x000004e8                SWI_IRQHandler
                0x000004e8                ADC0_IRQHandler
                0x000004e8                UsageFault_Handler
                0x000004e8                I2S0_Tx_IRQHandler
                0x000004e8                CMT_IRQHandler
                0x000004e8                UART4_RX_TX_IRQHandler
                0x000004e8                DefaultISR
                0x000004e8                DMA9_IRQHandler
                0x000004e8                DMA14_IRQHandler
                0x000004e8                CMP1_IRQHandler
                0x000004e8                Reserved71_IRQHandler
                0x000004e8                UART4_ERR_IRQHandler
                0x000004e8                ADC1_IRQHandler
                0x000004e8                I2C2_IRQHandler
                0x000004e8                PIT2_IRQHandler
                0x000004e8                I2S0_Rx_IRQHandler
                0x000004e8                DMA5_IRQHandler
                0x000004e8                RTC_IRQHandler
                0x000004e8                PDB0_IRQHandler
                0x000004e8                CAN0_Rx_Warning_IRQHandler
                0x000004e8                FTM1_IRQHandler
                0x000004e8                UART5_RX_TX_IRQHandler
                0x000004e8                UART3_ERR_IRQHandler
                0x000004e8                PIT3_IRQHandler
                0x000004e8                SDHC_IRQHandler
                0x000004e8                RTC_Seconds_IRQHandler
                0x000004e8                MCG_IRQHandler
                0x000004e8                FTFE_IRQHandler
                0x000004e8                UART2_ERR_IRQHandler
                0x000004e8                DMA11_IRQHandler
                0x000004e8                UART5_ERR_IRQHandler
                0x000004e8                Read_Collision_IRQHandler
                0x000004e8                DMA7_IRQHandler
                0x000004e8                ENET_Transmit_IRQHandler
                0x000004e8                USBDCD_IRQHandler
                0x000004e8                USB0_IRQHandler
                0x000004e8                SPI2_IRQHandler
                0x000004e8                WDOG_EWM_IRQHandler
                0x000004e8                MemManage_Handler
                0x000004e8                SVC_Handler
                0x000004e8                DMA13_IRQHandler
                0x000004e8                DMA3_IRQHandler
                0x000004e8                UART0_LON_IRQHandler
                0x000004e8                RNG_IRQHandler
                0x000004e8                DMA0_IRQHandler
                0x000004e8                DMA15_IRQHandler
                0x000004e8                DAC0_IRQHandler
                0x000004e8                CAN0_Error_IRQHandler
                0x000004e8                DMA4_IRQHandler
                0x000004e8                UART0_ERR_IRQHandler
                0x000004e8                DMA_Error_IRQHandler
                0x000004e8                LVD_LVW_IRQHandler
                0x000004e8                SPI0_IRQHandler
                0x000004e8                DAC1_IRQHandler
                0x000004e8                MCM_IRQHandler
                0x000004e8                DMA12_IRQHandler
                0x000004e8                CAN0_Bus_Off_IRQHandler
                0x000004e8                FTM3_IRQHandler
                0x000004e8                FTM2_IRQHandler
                0x000004e8                LPTMR0_IRQHandler
                0x000004e8                BusFault_Handler
                0x000004e8                DMA8_IRQHandler
                0x000004e8                DMA10_IRQHandler
                0x000004e8                CAN0_Wake_Up_IRQHandler
                0x000004e8                UART1_ERR_IRQHandler
                0x000004e8                CMP0_IRQHandler
                0x000004e8                DMA6_IRQHandler
                0x000004e8                DMA1_IRQHandler
 .text          0x000004ec       0x2c c:/freescale/kds_3.0.0/toolchain/bin/../lib/gcc/arm-none-eabi/4.8.4/armv7e-m/fpu\libgcc.a(_aeabi_uldivmod.o)
                0x000004ec                __aeabi_uldivmod
 .text          0x00000518       0x60 c:/freescale/kds_3.0.0/toolchain/bin/../lib/gcc/arm-none-eabi/4.8.4/armv7e-m/fpu\libgcc.a(bpabi.o)
                0x00000518                __gnu_ldivmod_helper
                0x00000548                __gnu_uldivmod_helper
 .text          0x00000578        0x4 c:/freescale/kds_3.0.0/toolchain/bin/../lib/gcc/arm-none-eabi/4.8.4/armv7e-m/fpu\libgcc.a(_dvmd_tls.o)
                0x00000578                __aeabi_idiv0
                0x00000578                __aeabi_ldiv0
 .text          0x0000057c      0x298 c:/freescale/kds_3.0.0/toolchain/bin/../lib/gcc/arm-none-eabi/4.8.4/armv7e-m/fpu\libgcc.a(_divdi3.o)
                0x0000057c                __divdi3
 .text          0x00000814      0x284 c:/freescale/kds_3.0.0/toolchain/bin/../lib/gcc/arm-none-eabi/4.8.4/armv7e-m/fpu\libgcc.a(_udivdi3.o)
                0x00000814                __udivdi3
 *(.text*)
 .text.PEX_components_init
                0x00000a98        0xc ./Static_Code/System/PE_low_level_init.o
                0x00000a98                PEX_components_init
 .text.PE_low_level_init
                0x00000aa4       0x14 ./Static_Code/System/PE_low_level_init.o
                0x00000aa4                PE_low_level_init
 .text.PORT_HAL_ClearPortIntFlag
                0x00000ab8       0x1c ./Sources/Events.o
 .text.PIT_HAL_ClearIntFlag
                0x00000ad4       0x40 ./Sources/Events.o
 .text.Delay_ms
                0x00000b14       0x4c ./Sources/Events.o
                0x00000b14                Delay_ms
 .text.GetSetInterruptFlag
                0x00000b60       0x4c ./Sources/Events.o
                0x00000b60                GetSetInterruptFlag
 .text.PORTA_IRQHandler
                0x00000bac       0x1c ./Sources/Events.o
                0x00000bac                PORTA_IRQHandler
 .text.PORTB_IRQHandler
                0x00000bc8       0x1c ./Sources/Events.o
                0x00000bc8                PORTB_IRQHandler
 .text.PORTC_IRQHandler
                0x00000be4       0x1c ./Sources/Events.o
                0x00000be4                PORTC_IRQHandler
 .text.PORTD_IRQHandler
                0x00000c00       0x1c ./Sources/Events.o
                0x00000c00                PORTD_IRQHandler
 .text.PORTE_IRQHandler
                0x00000c1c       0x1c ./Sources/Events.o
                0x00000c1c                PORTE_IRQHandler
 .text.PIT0_IRQHandler
                0x00000c38       0x28 ./Sources/Events.o
                0x00000c38                PIT0_IRQHandler
 .text.FTM0_IRQHandler
                0x00000c60        0xc ./Sources/Events.o
                0x00000c60                FTM0_IRQHandler
 .text.SPI1_IRQHandler
                0x00000c6c        0xc ./Sources/Events.o
                0x00000c6c                SPI1_IRQHandler
 .text.PIT1_IRQHandler
                0x00000c78       0x28 ./Sources/Events.o
                0x00000c78                PIT1_IRQHandler
 .text.Clear_NRF_Int_Flags
                0x00000ca0       0x3c ./Sources/NRF24L01_DRIVER.o
                0x00000ca0                Clear_NRF_Int_Flags
 .text.Init_NRF24L_Reciever
                0x00000cdc      0x138 ./Sources/NRF24L01_DRIVER.o
                0x00000cdc                Init_NRF24L_Reciever
 .text.Read_Register
                0x00000e14       0x84 ./Sources/NRF24L01_DRIVER.o
                0x00000e14                Read_Register
 .text.Write_Register
                0x00000e98       0xc0 ./Sources/NRF24L01_DRIVER.o
                0x00000e98                Write_Register
 .text.Read_Status
                0x00000f58       0x2c ./Sources/NRF24L01_DRIVER.o
                0x00000f58                Read_Status
 .text.ReadPayload
                0x00000f84       0x7c ./Sources/NRF24L01_DRIVER.o
                0x00000f84                ReadPayload
 .text.Flush_RX
                0x00001000       0x40 ./Sources/NRF24L01_DRIVER.o
                0x00001000                Flush_RX
 .text.Serial_Send_String
                0x00001040       0x38 ./Sources/Serial_Driver.o
                0x00001040                Serial_Send_String
 .text.main     0x00001078      0x184 ./Sources/main.o
                0x00001078                main
 .text.INT_SYS_EnableIRQGlobal
                0x000011fc       0x30 ./SDK/platform/system/src/interrupt/fsl_interrupt_manager.o
                0x000011fc                INT_SYS_EnableIRQGlobal
 .text.INT_SYS_DisableIRQGlobal
                0x0000122c       0x1c ./SDK/platform/system/src/interrupt/fsl_interrupt_manager.o
                0x0000122c                INT_SYS_DisableIRQGlobal
 .text.SIM_HAL_EnableClock
                0x00001248       0x3c ./SDK/platform/system/src/clock/MK64F12/fsl_clock_MK64F12.o
 .text.CLOCK_HAL_GetOutDiv1
                0x00001284       0x24 ./SDK/platform/system/src/clock/MK64F12/fsl_clock_MK64F12.o
 .text.CLOCK_HAL_GetOutDiv2
                0x000012a8       0x28 ./SDK/platform/system/src/clock/MK64F12/fsl_clock_MK64F12.o
 .text.CLOCK_SYS_GetCoreClockFreq
                0x000012d0       0x28 ./SDK/platform/system/src/clock/MK64F12/fsl_clock_MK64F12.o
                0x000012d0                CLOCK_SYS_GetCoreClockFreq
 .text.CLOCK_SYS_GetSystemClockFreq
                0x000012f8       0x28 ./SDK/platform/system/src/clock/MK64F12/fsl_clock_MK64F12.o
                0x000012f8                CLOCK_SYS_GetSystemClockFreq
 .text.CLOCK_SYS_GetBusClockFreq
                0x00001320       0x28 ./SDK/platform/system/src/clock/MK64F12/fsl_clock_MK64F12.o
                0x00001320                CLOCK_SYS_GetBusClockFreq
 .text.CLOCK_SYS_GetUartFreq
                0x00001348       0x4c ./SDK/platform/system/src/clock/MK64F12/fsl_clock_MK64F12.o
                0x00001348                CLOCK_SYS_GetUartFreq
 .text.CLOCK_SYS_GetFtmExternalFreq
                0x00001394       0x34 ./SDK/platform/system/src/clock/MK64F12/fsl_clock_MK64F12.o
                0x00001394                CLOCK_SYS_GetFtmExternalFreq
 .text.CLOCK_SYS_EnablePortClock
                0x000013c8       0x48 ./SDK/platform/system/src/clock/MK64F12/fsl_clock_MK64F12.o
                0x000013c8                CLOCK_SYS_EnablePortClock
 .text.CLOCK_SYS_EnableFtmClock
                0x00001410       0x48 ./SDK/platform/system/src/clock/MK64F12/fsl_clock_MK64F12.o
                0x00001410                CLOCK_SYS_EnableFtmClock
 .text.CLOCK_SYS_EnableSpiClock
                0x00001458       0x48 ./SDK/platform/system/src/clock/MK64F12/fsl_clock_MK64F12.o
                0x00001458                CLOCK_SYS_EnableSpiClock
 .text.CLOCK_SYS_EnableUartClock
                0x000014a0       0x48 ./SDK/platform/system/src/clock/MK64F12/fsl_clock_MK64F12.o
                0x000014a0                CLOCK_SYS_EnableUartClock
 .text.OSA_SemaCreate
                0x000014e8       0x4c ./SDK/platform/osa/src/fsl_os_abstraction_bm.o
                0x000014e8                OSA_SemaCreate
 .text.OSA_SemaWait
                0x00001534       0xc4 ./SDK/platform/osa/src/fsl_os_abstraction_bm.o
                0x00001534                OSA_SemaWait
 .text.OSA_SemaPost
                0x000015f8       0x54 ./SDK/platform/osa/src/fsl_os_abstraction_bm.o
                0x000015f8                OSA_SemaPost
 .text.OSA_EventSet
                0x0000164c       0x48 ./SDK/platform/osa/src/fsl_os_abstraction_bm.o
                0x0000164c                OSA_EventSet
 .text.task_init
                0x00001694       0x64 ./SDK/platform/osa/src/fsl_os_abstraction_bm.o
                0x00001694                task_init
 .text.OSA_Init
                0x000016f8       0x14 ./SDK/platform/osa/src/fsl_os_abstraction_bm.o
                0x000016f8                OSA_Init
 .text.UART_HAL_Init
                0x0000170c       0x74 ./SDK/platform/hal/src/uart/fsl_uart_hal.o
                0x0000170c                UART_HAL_Init
 .text.UART_HAL_SetBaudRate
                0x00001780       0xa0 ./SDK/platform/hal/src/uart/fsl_uart_hal.o
                0x00001780                UART_HAL_SetBaudRate
 .text.UART_HAL_SetParityMode
                0x00001820       0x40 ./SDK/platform/hal/src/uart/fsl_uart_hal.o
                0x00001820                UART_HAL_SetParityMode
 .text.UART_HAL_Putchar
                0x00001860       0x28 ./SDK/platform/hal/src/uart/fsl_uart_hal.o
                0x00001860                UART_HAL_Putchar
 .text.UART_HAL_Getchar
                0x00001888       0x2c ./SDK/platform/hal/src/uart/fsl_uart_hal.o
                0x00001888                UART_HAL_Getchar
 .text.UART_HAL_SetIntMode
                0x000018b4      0x114 ./SDK/platform/hal/src/uart/fsl_uart_hal.o
                0x000018b4                UART_HAL_SetIntMode
 .text.UART_HAL_GetStatusFlag
                0x000019c8       0xb8 ./SDK/platform/hal/src/uart/fsl_uart_hal.o
                0x000019c8                UART_HAL_GetStatusFlag
 .text.UART_HAL_ClearStatusFlag
                0x00001a80       0xb0 ./SDK/platform/hal/src/uart/fsl_uart_hal.o
                0x00001a80                UART_HAL_ClearStatusFlag
 .text.UART_HAL_SetTxFifoCmd
                0x00001b30       0x5c ./SDK/platform/hal/src/uart/fsl_uart_hal.o
                0x00001b30                UART_HAL_SetTxFifoCmd
 .text.UART_HAL_SetRxFifoCmd
                0x00001b8c       0x5c ./SDK/platform/hal/src/uart/fsl_uart_hal.o
                0x00001b8c                UART_HAL_SetRxFifoCmd
 .text.UART_HAL_FlushTxFifo
                0x00001be8       0x40 ./SDK/platform/hal/src/uart/fsl_uart_hal.o
                0x00001be8                UART_HAL_FlushTxFifo
 .text.UART_HAL_FlushRxFifo
                0x00001c28       0x40 ./SDK/platform/hal/src/uart/fsl_uart_hal.o
                0x00001c28                UART_HAL_FlushRxFifo
 .text.UART_HAL_SetTxFifoWatermark
                0x00001c68       0x38 ./SDK/platform/hal/src/uart/fsl_uart_hal.o
                0x00001c68                UART_HAL_SetTxFifoWatermark
 .text.UART_HAL_SetRxFifoWatermark
                0x00001ca0       0x38 ./SDK/platform/hal/src/uart/fsl_uart_hal.o
                0x00001ca0                UART_HAL_SetRxFifoWatermark
 .text.SIM_HAL_GetFtmExternalClkPinMode
                0x00001cd8       0xb0 ./SDK/platform/hal/src/sim/MK64F12/fsl_sim_hal_MK64F12.o
                0x00001cd8                SIM_HAL_GetFtmExternalClkPinMode
 .text.CLOCK_HAL_GetClkOutStat
                0x00001d88       0x24 ./SDK/platform/hal/src/mcg/fsl_mcg_hal.o
 .text.CLOCK_HAL_IsPllSelected
                0x00001dac       0x30 ./SDK/platform/hal/src/mcg/fsl_mcg_hal.o
 .text.CLOCK_HAL_TestOscFreq
                0x00001ddc       0x50 ./SDK/platform/hal/src/mcg/fsl_mcg_hal.o
                0x00001ddc                CLOCK_HAL_TestOscFreq
 .text.CLOCK_HAL_GetMcgExternalClkFreq
                0x00001e2c       0x28 ./SDK/platform/hal/src/mcg/fsl_mcg_hal.o
 .text.CLOCK_HAL_TestFllExternalRefFreq
                0x00001e54       0x90 ./SDK/platform/hal/src/mcg/fsl_mcg_hal.o
                0x00001e54                CLOCK_HAL_TestFllExternalRefFreq
 .text.CLOCK_HAL_GetFllRefClk
                0x00001ee4       0x74 ./SDK/platform/hal/src/mcg/fsl_mcg_hal.o
                0x00001ee4                CLOCK_HAL_GetFllRefClk
 .text.CLOCK_HAL_TestFllFreq
                0x00001f58       0x5c ./SDK/platform/hal/src/mcg/fsl_mcg_hal.o
                0x00001f58                CLOCK_HAL_TestFllFreq
 .text.CLOCK_HAL_GetFllClk
                0x00001fb4       0x60 ./SDK/platform/hal/src/mcg/fsl_mcg_hal.o
                0x00001fb4                CLOCK_HAL_GetFllClk
 .text.CLOCK_HAL_GetPll0RefFreq
                0x00002014       0x18 ./SDK/platform/hal/src/mcg/fsl_mcg_hal.o
                0x00002014                CLOCK_HAL_GetPll0RefFreq
 .text.CLOCK_HAL_GetPll0Clk
                0x0000202c       0x7c ./SDK/platform/hal/src/mcg/fsl_mcg_hal.o
                0x0000202c                CLOCK_HAL_GetPll0Clk
 .text.CLOCK_HAL_GetInternalRefClk
                0x000020a8       0x64 ./SDK/platform/hal/src/mcg/fsl_mcg_hal.o
                0x000020a8                CLOCK_HAL_GetInternalRefClk
 .text.CLOCK_HAL_GetFixedFreqClk
                0x0000210c       0x34 ./SDK/platform/hal/src/mcg/fsl_mcg_hal.o
                0x0000210c                CLOCK_HAL_GetFixedFreqClk
 .text.CLOCK_HAL_GetOutClk
                0x00002140       0x68 ./SDK/platform/hal/src/mcg/fsl_mcg_hal.o
                0x00002140                CLOCK_HAL_GetOutClk
 .text.GPIO_HAL_SetPinDir
                0x000021a8       0x60 ./SDK/platform/hal/src/gpio/fsl_gpio_hal.o
                0x000021a8                GPIO_HAL_SetPinDir
 .text.GPIO_HAL_WritePinOutput
                0x00002208       0x4c ./SDK/platform/hal/src/gpio/fsl_gpio_hal.o
                0x00002208                GPIO_HAL_WritePinOutput
 .text.FTM_HAL_SetClockPs
                0x00002254       0x2c ./SDK/platform/hal/src/ftm/fsl_ftm_hal.o
 .text.FTM_HAL_SetCpwms
                0x00002280       0x40 ./SDK/platform/hal/src/ftm/fsl_ftm_hal.o
 .text.FTM_HAL_SetChnMSnBAMode
                0x000022c0       0x78 ./SDK/platform/hal/src/ftm/fsl_ftm_hal.o
 .text.FTM_HAL_SetChnEdgeLevel
                0x00002338       0x84 ./SDK/platform/hal/src/ftm/fsl_ftm_hal.o
 .text.FTM_HAL_Enable
                0x000023bc       0x4c ./SDK/platform/hal/src/ftm/fsl_ftm_hal.o
 .text.FTM_HAL_SetOutmaskPwmSyncModeCmd
                0x00002408       0x28 ./SDK/platform/hal/src/ftm/fsl_ftm_hal.o
 .text.FTM_HAL_SetDualChnPwmSyncCmd
                0x00002430       0x68 ./SDK/platform/hal/src/ftm/fsl_ftm_hal.o
 .text.FTM_HAL_SetDualEdgeCaptureCmd
                0x00002498       0x68 ./SDK/platform/hal/src/ftm/fsl_ftm_hal.o
 .text.FTM_HAL_SetDualChnCombineCmd
                0x00002500       0x68 ./SDK/platform/hal/src/ftm/fsl_ftm_hal.o
 .text.FTM_HAL_SetSwoctrlHardwareSyncModeCmd
                0x00002568       0x28 ./SDK/platform/hal/src/ftm/fsl_ftm_hal.o
 .text.FTM_HAL_SetInvctrlHardwareSyncModeCmd
                0x00002590       0x28 ./SDK/platform/hal/src/ftm/fsl_ftm_hal.o
 .text.FTM_HAL_SetOutmaskHardwareSyncModeCmd
                0x000025b8       0x28 ./SDK/platform/hal/src/ftm/fsl_ftm_hal.o
 .text.FTM_HAL_SetModCntinCvHardwareSyncModeCmd
                0x000025e0       0x28 ./SDK/platform/hal/src/ftm/fsl_ftm_hal.o
 .text.FTM_HAL_SetCounterHardwareSyncModeCmd
                0x00002608       0x28 ./SDK/platform/hal/src/ftm/fsl_ftm_hal.o
 .text.FTM_HAL_SetSwoctrlSoftwareSyncModeCmd
                0x00002630       0x28 ./SDK/platform/hal/src/ftm/fsl_ftm_hal.o
 .text.FTM_HAL_SetInvctrlSoftwareSyncModeCmd
                0x00002658       0x28 ./SDK/platform/hal/src/ftm/fsl_ftm_hal.o
 .text.FTM_HAL_SetOutmaskSoftwareSyncModeCmd
                0x00002680       0x28 ./SDK/platform/hal/src/ftm/fsl_ftm_hal.o
 .text.FTM_HAL_SetModCntinCvSoftwareSyncModeCmd
                0x000026a8       0x28 ./SDK/platform/hal/src/ftm/fsl_ftm_hal.o
 .text.FTM_HAL_SetCounterSoftwareSyncModeCmd
                0x000026d0       0x28 ./SDK/platform/hal/src/ftm/fsl_ftm_hal.o
 .text.FTM_HAL_SetPwmSyncModeCmd
                0x000026f8       0x28 ./SDK/platform/hal/src/ftm/fsl_ftm_hal.o
 .text.FTM_HAL_SetSwoctrlPwmSyncModeCmd
                0x00002720       0x28 ./SDK/platform/hal/src/ftm/fsl_ftm_hal.o
 .text.FTM_HAL_SetInvctrlPwmSyncModeCmd
                0x00002748       0x28 ./SDK/platform/hal/src/ftm/fsl_ftm_hal.o
 .text.FTM_HAL_SetCntinPwmSyncModeCmd
                0x00002770       0x28 ./SDK/platform/hal/src/ftm/fsl_ftm_hal.o
 .text.FTM_HAL_Init
                0x00002798       0x20 ./SDK/platform/hal/src/ftm/fsl_ftm_hal.o
                0x00002798                FTM_HAL_Init
 .text.FTM_HAL_SetSyncMode
                0x000027b8      0x130 ./SDK/platform/hal/src/ftm/fsl_ftm_hal.o
                0x000027b8                FTM_HAL_SetSyncMode
 .text.FTM_HAL_EnablePwmMode
                0x000028e8       0xbc ./SDK/platform/hal/src/ftm/fsl_ftm_hal.o
                0x000028e8                FTM_HAL_EnablePwmMode
 .text.FTM_HAL_Reset
                0x000029a4       0xa4 ./SDK/platform/hal/src/ftm/fsl_ftm_hal.o
                0x000029a4                FTM_HAL_Reset
 .text.FTM_HAL_GetChnPairIndex
                0x00002a48       0x48 ./SDK/platform/hal/src/ftm/fsl_ftm_hal.o
                0x00002a48                FTM_HAL_GetChnPairIndex
 .text.DSPI_HAL_Enable
                0x00002a90       0x20 ./SDK/platform/hal/src/dspi/fsl_dspi_hal.o
 .text.DSPI_HAL_Disable
                0x00002ab0       0x20 ./SDK/platform/hal/src/dspi/fsl_dspi_hal.o
 .text.DSPI_HAL_IsMaster
                0x00002ad0       0x1c ./SDK/platform/hal/src/dspi/fsl_dspi_hal.o
 .text.DSPI_HAL_Init
                0x00002aec       0x7c ./SDK/platform/hal/src/dspi/fsl_dspi_hal.o
                0x00002aec                DSPI_HAL_Init
 .text.DSPI_HAL_SetBaudRate
                0x00002b68      0x14c ./SDK/platform/hal/src/dspi/fsl_dspi_hal.o
                0x00002b68                DSPI_HAL_SetBaudRate
 .text.DSPI_HAL_SetPcsPolarityMode
                0x00002cb4       0x58 ./SDK/platform/hal/src/dspi/fsl_dspi_hal.o
                0x00002cb4                DSPI_HAL_SetPcsPolarityMode
 .text.DSPI_HAL_SetFifoCmd
                0x00002d0c       0x64 ./SDK/platform/hal/src/dspi/fsl_dspi_hal.o
                0x00002d0c                DSPI_HAL_SetFifoCmd
 .text.DSPI_HAL_SetFlushFifoCmd
                0x00002d70       0x38 ./SDK/platform/hal/src/dspi/fsl_dspi_hal.o
                0x00002d70                DSPI_HAL_SetFlushFifoCmd
 .text.DSPI_HAL_SetDataFormat
                0x00002da8      0x128 ./SDK/platform/hal/src/dspi/fsl_dspi_hal.o
                0x00002da8                DSPI_HAL_SetDataFormat
 .text.DSPI_HAL_SetDelay
                0x00002ed0      0x114 ./SDK/platform/hal/src/dspi/fsl_dspi_hal.o
                0x00002ed0                DSPI_HAL_SetDelay
 .text.DSPI_HAL_SetTxFifoFillDmaIntMode
                0x00002fe4       0x3c ./SDK/platform/hal/src/dspi/fsl_dspi_hal.o
                0x00002fe4                DSPI_HAL_SetTxFifoFillDmaIntMode
 .text.DSPI_HAL_SetRxFifoDrainDmaIntMode
                0x00003020       0x3c ./SDK/platform/hal/src/dspi/fsl_dspi_hal.o
                0x00003020                DSPI_HAL_SetRxFifoDrainDmaIntMode
 .text.DSPI_HAL_SetIntMode
                0x0000305c       0x3c ./SDK/platform/hal/src/dspi/fsl_dspi_hal.o
                0x0000305c                DSPI_HAL_SetIntMode
 .text.DSPI_HAL_GetFormattedCommand
                0x00003098       0x40 ./SDK/platform/hal/src/dspi/fsl_dspi_hal.o
                0x00003098                DSPI_HAL_GetFormattedCommand
 .text.NVIC_EnableIRQ
                0x000030d8       0x30 ./SDK/platform/drivers/src/uart/fsl_uart_driver.o
 .text.UART_HAL_EnableTransmitter
                0x00003108       0x24 ./SDK/platform/drivers/src/uart/fsl_uart_driver.o
 .text.UART_HAL_EnableReceiver
                0x0000312c       0x24 ./SDK/platform/drivers/src/uart/fsl_uart_driver.o
 .text.UART_HAL_SetBitCountPerChar
                0x00003150       0x28 ./SDK/platform/drivers/src/uart/fsl_uart_driver.o
 .text.UART_HAL_SetStopBitCount
                0x00003178       0x24 ./SDK/platform/drivers/src/uart/fsl_uart_driver.o
 .text.UART_HAL_GetTxFifoSize
                0x0000319c       0x24 ./SDK/platform/drivers/src/uart/fsl_uart_driver.o
 .text.UART_HAL_GetTxDatawordCountInFifo
                0x000031c0       0x1c ./SDK/platform/drivers/src/uart/fsl_uart_driver.o
 .text.UART_HAL_GetRxDatawordCountInFifo
                0x000031dc       0x1c ./SDK/platform/drivers/src/uart/fsl_uart_driver.o
 .text.INT_SYS_EnableIRQ
                0x000031f8       0x54 ./SDK/platform/drivers/src/uart/fsl_uart_driver.o
 .text.UART_DRV_Init
                0x0000324c      0x18c ./SDK/platform/drivers/src/uart/fsl_uart_driver.o
                0x0000324c                UART_DRV_Init
 .text.UART_DRV_SendData
                0x000033d8       0x74 ./SDK/platform/drivers/src/uart/fsl_uart_driver.o
                0x000033d8                UART_DRV_SendData
 .text.UART_DRV_IRQHandler
                0x0000344c      0x170 ./SDK/platform/drivers/src/uart/fsl_uart_driver.o
                0x0000344c                UART_DRV_IRQHandler
 .text.UART_DRV_CompleteSendData
                0x000035bc       0x74 ./SDK/platform/drivers/src/uart/fsl_uart_driver.o
 .text.UART_DRV_StartSendData
                0x00003630       0x8c ./SDK/platform/drivers/src/uart/fsl_uart_driver.o
 .text.UART_DRV_CompleteReceiveData
                0x000036bc       0x80 ./SDK/platform/drivers/src/uart/fsl_uart_driver.o
 .text.NVIC_EnableIRQ
                0x0000373c       0x30 ./SDK/platform/drivers/src/pit/fsl_pit_driver.o
 .text.PIT_HAL_Enable
                0x0000376c       0x20 ./SDK/platform/drivers/src/pit/fsl_pit_driver.o
 .text.PIT_HAL_SetTimerRunInDebugCmd
                0x0000378c       0x28 ./SDK/platform/drivers/src/pit/fsl_pit_driver.o
 .text.PIT_HAL_StartTimer
                0x000037b4       0x44 ./SDK/platform/drivers/src/pit/fsl_pit_driver.o
 .text.PIT_HAL_SetTimerPeriodByCount
                0x000037f8       0x40 ./SDK/platform/drivers/src/pit/fsl_pit_driver.o
 .text.PIT_HAL_SetIntCmd
                0x00003838       0x4c ./SDK/platform/drivers/src/pit/fsl_pit_driver.o
 .text.SIM_HAL_EnableClock
                0x00003884       0x3c ./SDK/platform/drivers/src/pit/fsl_pit_driver.o
 .text.CLOCK_SYS_GetPitFreq
                0x000038c0       0x18 ./SDK/platform/drivers/src/pit/fsl_pit_driver.o
 .text.CLOCK_SYS_EnablePitClock
                0x000038d8       0x1c ./SDK/platform/drivers/src/pit/fsl_pit_driver.o
 .text.INT_SYS_EnableIRQ
                0x000038f4       0x54 ./SDK/platform/drivers/src/pit/fsl_pit_driver.o
 .text.PIT_DRV_Init
                0x00003948       0x70 ./SDK/platform/drivers/src/pit/fsl_pit_driver.o
                0x00003948                PIT_DRV_Init
 .text.PIT_DRV_InitChannel
                0x000039b8       0x78 ./SDK/platform/drivers/src/pit/fsl_pit_driver.o
                0x000039b8                PIT_DRV_InitChannel
 .text.PIT_DRV_StartTimer
                0x00003a30       0x44 ./SDK/platform/drivers/src/pit/fsl_pit_driver.o
                0x00003a30                PIT_DRV_StartTimer
 .text.PIT_DRV_SetTimerPeriodByUs
                0x00003a74       0x88 ./SDK/platform/drivers/src/pit/fsl_pit_driver.o
                0x00003a74                PIT_DRV_SetTimerPeriodByUs
 .text.NVIC_EnableIRQ
                0x00003afc       0x30 ./SDK/platform/drivers/src/gpio/fsl_gpio_driver.o
 .text.PORT_HAL_SetPullMode
                0x00003b2c       0x44 ./SDK/platform/drivers/src/gpio/fsl_gpio_driver.o
 .text.PORT_HAL_SetPullCmd
                0x00003b70       0x48 ./SDK/platform/drivers/src/gpio/fsl_gpio_driver.o
 .text.PORT_HAL_SetSlewRateMode
                0x00003bb8       0x48 ./SDK/platform/drivers/src/gpio/fsl_gpio_driver.o
 .text.PORT_HAL_SetPassiveFilterCmd
                0x00003c00       0x48 ./SDK/platform/drivers/src/gpio/fsl_gpio_driver.o
 .text.PORT_HAL_SetOpenDrainCmd
                0x00003c48       0x48 ./SDK/platform/drivers/src/gpio/fsl_gpio_driver.o
 .text.PORT_HAL_SetDriveStrengthMode
                0x00003c90       0x48 ./SDK/platform/drivers/src/gpio/fsl_gpio_driver.o
 .text.PORT_HAL_SetMuxMode
                0x00003cd8       0x58 ./SDK/platform/drivers/src/gpio/fsl_gpio_driver.o
 .text.PORT_HAL_SetDigitalFilterCmd
                0x00003d30       0x4c ./SDK/platform/drivers/src/gpio/fsl_gpio_driver.o
 .text.PORT_HAL_SetPinIntMode
                0x00003d7c       0x58 ./SDK/platform/drivers/src/gpio/fsl_gpio_driver.o
 .text.GPIO_HAL_SetPinOutput
                0x00003dd4       0x38 ./SDK/platform/drivers/src/gpio/fsl_gpio_driver.o
 .text.GPIO_HAL_ClearPinOutput
                0x00003e0c       0x38 ./SDK/platform/drivers/src/gpio/fsl_gpio_driver.o
 .text.GPIO_HAL_ReadPinInput
                0x00003e44       0x40 ./SDK/platform/drivers/src/gpio/fsl_gpio_driver.o
 .text.INT_SYS_EnableIRQ
                0x00003e84       0x54 ./SDK/platform/drivers/src/gpio/fsl_gpio_driver.o
 .text.GPIO_DRV_Init
                0x00003ed8       0x50 ./SDK/platform/drivers/src/gpio/fsl_gpio_driver.o
                0x00003ed8                GPIO_DRV_Init
 .text.GPIO_DRV_InputPinInit
                0x00003f28       0xc4 ./SDK/platform/drivers/src/gpio/fsl_gpio_driver.o
                0x00003f28                GPIO_DRV_InputPinInit
 .text.GPIO_DRV_OutputPinInit
                0x00003fec       0x90 ./SDK/platform/drivers/src/gpio/fsl_gpio_driver.o
                0x00003fec                GPIO_DRV_OutputPinInit
 .text.GPIO_DRV_SetPinOutput
                0x0000407c       0x30 ./SDK/platform/drivers/src/gpio/fsl_gpio_driver.o
                0x0000407c                GPIO_DRV_SetPinOutput
 .text.GPIO_DRV_ClearPinOutput
                0x000040ac       0x30 ./SDK/platform/drivers/src/gpio/fsl_gpio_driver.o
                0x000040ac                GPIO_DRV_ClearPinOutput
 .text.GPIO_DRV_ReadPinInput
                0x000040dc       0x34 ./SDK/platform/drivers/src/gpio/fsl_gpio_driver.o
                0x000040dc                GPIO_DRV_ReadPinInput
 .text.NVIC_EnableIRQ
                0x00004110       0x30 ./SDK/platform/drivers/src/ftm/fsl_ftm_driver.o
 .text.NVIC_ClearPendingIRQ
                0x00004140       0x34 ./SDK/platform/drivers/src/ftm/fsl_ftm_driver.o
 .text.FTM_HAL_SetClockSource
                0x00004174       0x2c ./SDK/platform/drivers/src/ftm/fsl_ftm_driver.o
 .text.FTM_HAL_SetClockPs
                0x000041a0       0x2c ./SDK/platform/drivers/src/ftm/fsl_ftm_driver.o
 .text.FTM_HAL_GetClockPs
                0x000041cc       0x20 ./SDK/platform/drivers/src/ftm/fsl_ftm_driver.o
 .text.FTM_HAL_EnableTimerOverflowInt
                0x000041ec       0x20 ./SDK/platform/drivers/src/ftm/fsl_ftm_driver.o
 .text.FTM_HAL_DisableTimerOverflowInt
                0x0000420c       0x20 ./SDK/platform/drivers/src/ftm/fsl_ftm_driver.o
 .text.FTM_HAL_IsOverflowIntEnabled
                0x0000422c       0x2c ./SDK/platform/drivers/src/ftm/fsl_ftm_driver.o
 .text.FTM_HAL_ClearTimerOverflow
                0x00004258       0x20 ./SDK/platform/drivers/src/ftm/fsl_ftm_driver.o
 .text.FTM_HAL_SetMod
                0x00004278       0x28 ./SDK/platform/drivers/src/ftm/fsl_ftm_driver.o
 .text.FTM_HAL_SetCounterInitVal
                0x000042a0       0x28 ./SDK/platform/drivers/src/ftm/fsl_ftm_driver.o
 .text.FTM_HAL_IsChnIntEnabled
                0x000042c8       0x54 ./SDK/platform/drivers/src/ftm/fsl_ftm_driver.o
 .text.FTM_HAL_SetChnCountVal
                0x0000431c       0x58 ./SDK/platform/drivers/src/ftm/fsl_ftm_driver.o
 .text.FTM_HAL_ClearChnEventStatus
                0x00004374       0x48 ./SDK/platform/drivers/src/ftm/fsl_ftm_driver.o
 .text.FTM_HAL_EnableFaultInt
                0x000043bc       0x24 ./SDK/platform/drivers/src/ftm/fsl_ftm_driver.o
 .text.FTM_HAL_DisableFaultInt
                0x000043e0       0x24 ./SDK/platform/drivers/src/ftm/fsl_ftm_driver.o
 .text.FTM_HAL_SetWriteProtectionCmd
                0x00004404       0x40 ./SDK/platform/drivers/src/ftm/fsl_ftm_driver.o
 .text.FTM_HAL_SetBdmMode
                0x00004444       0x30 ./SDK/platform/drivers/src/ftm/fsl_ftm_driver.o
 .text.FTM_HAL_SetTofFreq
                0x00004474       0x30 ./SDK/platform/drivers/src/ftm/fsl_ftm_driver.o
 .text.INT_SYS_EnableIRQ
                0x000044a4       0x54 ./SDK/platform/drivers/src/ftm/fsl_ftm_driver.o
 .text.CLOCK_SYS_GetFixedFreqClockFreq
                0x000044f8       0x14 ./SDK/platform/drivers/src/ftm/fsl_ftm_driver.o
 .text.CLOCK_SYS_GetFtmFixedFreq
                0x0000450c       0x18 ./SDK/platform/drivers/src/ftm/fsl_ftm_driver.o
 .text.CLOCK_SYS_GetFtmSystemClockFreq
                0x00004524       0x18 ./SDK/platform/drivers/src/ftm/fsl_ftm_driver.o
 .text.FTM_DRV_Init
                0x0000453c      0x100 ./SDK/platform/drivers/src/ftm/fsl_ftm_driver.o
                0x0000453c                FTM_DRV_Init
 .text.FTM_DRV_SetFaultIntCmd
                0x0000463c       0x3c ./SDK/platform/drivers/src/ftm/fsl_ftm_driver.o
                0x0000463c                FTM_DRV_SetFaultIntCmd
 .text.FTM_DRV_SetTimeOverflowIntCmd
                0x00004678       0x3c ./SDK/platform/drivers/src/ftm/fsl_ftm_driver.o
                0x00004678                FTM_DRV_SetTimeOverflowIntCmd
 .text.FTM_DRV_SetClock
                0x000046b4       0x70 ./SDK/platform/drivers/src/ftm/fsl_ftm_driver.o
                0x000046b4                FTM_DRV_SetClock
 .text.FTM_DRV_GetClock
                0x00004724       0xa8 ./SDK/platform/drivers/src/ftm/fsl_ftm_driver.o
                0x00004724                FTM_DRV_GetClock
 .text.FTM_DRV_PwmStart
                0x000047cc      0x220 ./SDK/platform/drivers/src/ftm/fsl_ftm_driver.o
                0x000047cc                FTM_DRV_PwmStart
 .text.FTM_DRV_IRQHandler
                0x000049ec       0x6c ./SDK/platform/drivers/src/ftm/fsl_ftm_driver.o
                0x000049ec                FTM_DRV_IRQHandler
 .text.NVIC_EnableIRQ
                0x00004a58       0x30 ./SDK/platform/drivers/src/dspi/fsl_dspi_master_driver.o
 .text.DSPI_HAL_Enable
                0x00004a88       0x20 ./SDK/platform/drivers/src/dspi/fsl_dspi_master_driver.o
 .text.DSPI_HAL_SetMasterSlaveMode
                0x00004aa8       0x24 ./SDK/platform/drivers/src/dspi/fsl_dspi_master_driver.o
 .text.DSPI_HAL_SetContinuousSckCmd
                0x00004acc       0x24 ./SDK/platform/drivers/src/dspi/fsl_dspi_master_driver.o
 .text.DSPI_HAL_StartTransfer
                0x00004af0       0x20 ./SDK/platform/drivers/src/dspi/fsl_dspi_master_driver.o
 .text.DSPI_HAL_StopTransfer
                0x00004b10       0x20 ./SDK/platform/drivers/src/dspi/fsl_dspi_master_driver.o
 .text.DSPI_HAL_GetStatusFlag
                0x00004b30       0x30 ./SDK/platform/drivers/src/dspi/fsl_dspi_master_driver.o
 .text.DSPI_HAL_ClearStatusFlag
                0x00004b60       0x20 ./SDK/platform/drivers/src/dspi/fsl_dspi_master_driver.o
 .text.DSPI_HAL_ReadData
                0x00004b80       0x18 ./SDK/platform/drivers/src/dspi/fsl_dspi_master_driver.o
 .text.DSPI_HAL_WriteCmdDataMastermode
                0x00004b98       0x1c ./SDK/platform/drivers/src/dspi/fsl_dspi_master_driver.o
 .text.DSPI_HAL_PresetTransferCount
                0x00004bb4       0x28 ./SDK/platform/drivers/src/dspi/fsl_dspi_master_driver.o
 .text.CLOCK_SYS_GetSpiFreq
                0x00004bdc       0x18 ./SDK/platform/drivers/src/dspi/fsl_dspi_master_driver.o
 .text.INT_SYS_EnableIRQ
                0x00004bf4       0x54 ./SDK/platform/drivers/src/dspi/fsl_dspi_master_driver.o
 .text.DSPI_DRV_MasterInit
                0x00004c48       0xe4 ./SDK/platform/drivers/src/dspi/fsl_dspi_master_driver.o
                0x00004c48                DSPI_DRV_MasterInit
 .text.DSPI_DRV_MasterConfigureBus
                0x00004d2c       0x8c ./SDK/platform/drivers/src/dspi/fsl_dspi_master_driver.o
                0x00004d2c                DSPI_DRV_MasterConfigureBus
 .text.DSPI_DRV_MasterTransferBlocking
                0x00004db8       0xb0 ./SDK/platform/drivers/src/dspi/fsl_dspi_master_driver.o
                0x00004db8                DSPI_DRV_MasterTransferBlocking
 .text.DSPI_DRV_MasterStartTransfer
                0x00004e68       0xf8 ./SDK/platform/drivers/src/dspi/fsl_dspi_master_driver.o
 .text.DSPI_DRV_MasterFillupTxFifo
                0x00004f60      0x1e4 ./SDK/platform/drivers/src/dspi/fsl_dspi_master_driver.o
 .text.DSPI_DRV_MasterCompleteTransfer
                0x00005144       0x5c ./SDK/platform/drivers/src/dspi/fsl_dspi_master_driver.o
 .text.DSPI_DRV_MasterIRQHandler
                0x000051a0      0x13c ./SDK/platform/drivers/src/dspi/fsl_dspi_master_driver.o
                0x000051a0                DSPI_DRV_MasterIRQHandler
 .text.DSPI_HAL_IsMaster
                0x000052dc       0x1c ./SDK/platform/drivers/src/dspi/fsl_dspi_shared_function.o
 .text.DSPI_DRV_IRQHandler
                0x000052f8       0x54 ./SDK/platform/drivers/src/dspi/fsl_dspi_shared_function.o
                0x000052f8                DSPI_DRV_IRQHandler
 .text.DSPI_HAL_GetIntMode
                0x0000534c       0x30 ./SDK/platform/drivers/src/dspi/fsl_dspi_slave_driver.o
 .text.DSPI_HAL_GetStatusFlag
                0x0000537c       0x30 ./SDK/platform/drivers/src/dspi/fsl_dspi_slave_driver.o
 .text.DSPI_HAL_ClearStatusFlag
                0x000053ac       0x20 ./SDK/platform/drivers/src/dspi/fsl_dspi_slave_driver.o
 .text.DSPI_HAL_ReadData
                0x000053cc       0x18 ./SDK/platform/drivers/src/dspi/fsl_dspi_slave_driver.o
 .text.DSPI_HAL_WriteDataSlavemode
                0x000053e4       0x1c ./SDK/platform/drivers/src/dspi/fsl_dspi_slave_driver.o
 .text.DSPI_DRV_SlaveIRQHandler
                0x00005400      0x1fc ./SDK/platform/drivers/src/dspi/fsl_dspi_slave_driver.o
                0x00005400                DSPI_DRV_SlaveIRQHandler
 .text.DSPI_DRV_SlaveCompleteTransfer
                0x000055fc       0x84 ./SDK/platform/drivers/src/dspi/fsl_dspi_slave_driver.o
 .text.SystemInit
                0x00005680      0x1f4 ./SDK/platform/devices/MK64F12/startup/system_MK64F12.o
                0x00005680                SystemInit
 .text.init_data_bss
                0x00005874       0xcc ./SDK/platform/devices/startup.o
                0x00005874                init_data_bss
 .text.NVIC_SetPriority
                0x00005940       0x54 ./Generated_Code/Cpu.o
 .text.Components_Init
                0x00005994       0xcc ./Generated_Code/Cpu.o
                0x00005994                Components_Init
 .text.UART1_RX_TX_IRQHandler
                0x00005a60        0xc ./Generated_Code/SERIAL1.o
                0x00005a60                UART1_RX_TX_IRQHandler
 .text.SIM_HAL_EnableClock
                0x00005a6c       0x3c ./Generated_Code/hardware_init.o
 .text.hardware_init
                0x00005aa8       0x88 ./Generated_Code/hardware_init.o
                0x00005aa8                hardware_init
 .text.NVIC_SetPriority
                0x00005b30       0x54 ./Generated_Code/osa1.o
 .text.CLOCK_SYS_GetSystickFreq
                0x00005b84       0x10 ./Generated_Code/osa1.o
 .text.SysTick_Handler
                0x00005b94       0x20 ./Generated_Code/osa1.o
                0x00005b94                SysTick_Handler
 .text.OSA_TimeInit
                0x00005bb4       0xbc ./Generated_Code/osa1.o
                0x00005bb4                OSA_TimeInit
 .text.OSA_TimeDiff
                0x00005c70       0x30 ./Generated_Code/osa1.o
                0x00005c70                OSA_TimeDiff
 .text.OSA_TimeGetMsec
                0x00005ca0       0x18 ./Generated_Code/osa1.o
                0x00005ca0                OSA_TimeGetMsec
 .text.PORT_HAL_SetPullMode
                0x00005cb8       0x44 ./Generated_Code/pin_mux.o
 .text.PORT_HAL_SetPullCmd
                0x00005cfc       0x48 ./Generated_Code/pin_mux.o
 .text.PORT_HAL_SetSlewRateMode
                0x00005d44       0x48 ./Generated_Code/pin_mux.o
 .text.PORT_HAL_SetPassiveFilterCmd
                0x00005d8c       0x48 ./Generated_Code/pin_mux.o
 .text.PORT_HAL_SetOpenDrainCmd
                0x00005dd4       0x48 ./Generated_Code/pin_mux.o
 .text.PORT_HAL_SetDriveStrengthMode
                0x00005e1c       0x48 ./Generated_Code/pin_mux.o
 .text.PORT_HAL_SetMuxMode
                0x00005e64       0x58 ./Generated_Code/pin_mux.o
 .text.init_enet_pins
                0x00005ebc       0x1c ./Generated_Code/pin_mux.o
                0x00005ebc                init_enet_pins
 .text.init_ftm_pins
                0x00005ed8       0x44 ./Generated_Code/pin_mux.o
                0x00005ed8                init_ftm_pins
 .text.init_gpio_pins
                0x00005f1c      0x164 ./Generated_Code/pin_mux.o
                0x00005f1c                init_gpio_pins
 .text.init_llwu_pins
                0x00006080       0x68 ./Generated_Code/pin_mux.o
                0x00006080                init_llwu_pins
 .text.init_osc_pins
                0x000060e8       0x1c ./Generated_Code/pin_mux.o
                0x000060e8                init_osc_pins
 .text.init_spi_pins
                0x00006104       0x44 ./Generated_Code/pin_mux.o
                0x00006104                init_spi_pins
 .text.init_uart_pins
                0x00006148       0x30 ./Generated_Code/pin_mux.o
                0x00006148                init_uart_pins
 .text.__assert_func
                0x00006178       0x38 c:/freescale/kds_3.0.0/toolchain/bin/../lib/gcc/arm-none-eabi/4.8.4/../../../../arm-none-eabi/lib/armv7e-m/fpu\libg_s.a(lib_a-assert.o)
                0x00006178                __assert_func
 .text.exit     0x000061b0       0x28 c:/freescale/kds_3.0.0/toolchain/bin/../lib/gcc/arm-none-eabi/4.8.4/../../../../arm-none-eabi/lib/armv7e-m/fpu\libg_s.a(lib_a-exit.o)
                0x000061b0                exit
 .text.fprintf  0x000061d8       0x24 c:/freescale/kds_3.0.0/toolchain/bin/../lib/gcc/arm-none-eabi/4.8.4/../../../../arm-none-eabi/lib/armv7e-m/fpu\libg_s.a(lib_a-fprintf.o)
                0x000061d8                fiprintf
                0x000061d8                fprintf
 .text.__libc_init_array
                0x000061fc       0x4c c:/freescale/kds_3.0.0/toolchain/bin/../lib/gcc/arm-none-eabi/4.8.4/../../../../arm-none-eabi/lib/armv7e-m/fpu\libg_s.a(lib_a-init.o)
                0x000061fc                __libc_init_array
 .text.memset   0x00006248       0x10 c:/freescale/kds_3.0.0/toolchain/bin/../lib/gcc/arm-none-eabi/4.8.4/../../../../arm-none-eabi/lib/armv7e-m/fpu\libg_s.a(lib_a-memset.o)
                0x00006248                memset
 .text._free_r  0x00006258       0x88 c:/freescale/kds_3.0.0/toolchain/bin/../lib/gcc/arm-none-eabi/4.8.4/../../../../arm-none-eabi/lib/armv7e-m/fpu\libg_s.a(lib_a-nano-freer.o)
                0x00006258                _free_r
 .text._malloc_r
                0x000062e0       0xa8 c:/freescale/kds_3.0.0/toolchain/bin/../lib/gcc/arm-none-eabi/4.8.4/../../../../arm-none-eabi/lib/armv7e-m/fpu\libg_s.a(lib_a-nano-mallocr.o)
                0x000062e0                _malloc_r
 .text._sbrk_r  0x00006388       0x20 c:/freescale/kds_3.0.0/toolchain/bin/../lib/gcc/arm-none-eabi/4.8.4/../../../../arm-none-eabi/lib/armv7e-m/fpu\libg_s.a(lib_a-sbrkr.o)
                0x00006388                _sbrk_r
 .text.__sfputc_r
                0x000063a8       0x2c c:/freescale/kds_3.0.0/toolchain/bin/../lib/gcc/arm-none-eabi/4.8.4/../../../../arm-none-eabi/lib/armv7e-m/fpu\libg_s.a(lib_a-vfprintf.o)
 .text.__sfputs_r
                0x000063d4       0x24 c:/freescale/kds_3.0.0/toolchain/bin/../lib/gcc/arm-none-eabi/4.8.4/../../../../arm-none-eabi/lib/armv7e-m/fpu\libg_s.a(lib_a-vfprintf.o)
                0x000063d4                __sfputs_r
 .text._vfprintf_r
                0x000063f8      0x208 c:/freescale/kds_3.0.0/toolchain/bin/../lib/gcc/arm-none-eabi/4.8.4/../../../../arm-none-eabi/lib/armv7e-m/fpu\libg_s.a(lib_a-vfprintf.o)
                0x000063f8                _vfprintf_r
                0x000063f8                _vfiprintf_r
 .text._printf_common
                0x00006600       0xe4 c:/freescale/kds_3.0.0/toolchain/bin/../lib/gcc/arm-none-eabi/4.8.4/../../../../arm-none-eabi/lib/armv7e-m/fpu\libg_s.a(lib_a-vfprintf_i.o)
                0x00006600                _printf_common
 .text._printf_i
                0x000066e4      0x228 c:/freescale/kds_3.0.0/toolchain/bin/../lib/gcc/arm-none-eabi/4.8.4/../../../../arm-none-eabi/lib/armv7e-m/fpu\libg_s.a(lib_a-vfprintf_i.o)
                0x000066e4                _printf_i
 .text.__swbuf_r
                0x0000690c       0xa8 c:/freescale/kds_3.0.0/toolchain/bin/../lib/gcc/arm-none-eabi/4.8.4/../../../../arm-none-eabi/lib/armv7e-m/fpu\libg_s.a(lib_a-wbuf.o)
                0x0000690c                __swbuf_r
 .text.__swsetup_r
                0x000069b4       0xdc c:/freescale/kds_3.0.0/toolchain/bin/../lib/gcc/arm-none-eabi/4.8.4/../../../../arm-none-eabi/lib/armv7e-m/fpu\libg_s.a(lib_a-wsetup.o)
                0x000069b4                __swsetup_r
 .text.abort    0x00006a90        0xe c:/freescale/kds_3.0.0/toolchain/bin/../lib/gcc/arm-none-eabi/4.8.4/../../../../arm-none-eabi/lib/armv7e-m/fpu\libg_s.a(lib_a-abort.o)
                0x00006a90                abort
 .text.__sflush_r
                0x00006a9e      0x106 c:/freescale/kds_3.0.0/toolchain/bin/../lib/gcc/arm-none-eabi/4.8.4/../../../../arm-none-eabi/lib/armv7e-m/fpu\libg_s.a(lib_a-fflush.o)
                0x00006a9e                __sflush_r
 .text._fflush_r
                0x00006ba4       0x54 c:/freescale/kds_3.0.0/toolchain/bin/../lib/gcc/arm-none-eabi/4.8.4/../../../../arm-none-eabi/lib/armv7e-m/fpu\libg_s.a(lib_a-fflush.o)
                0x00006ba4                _fflush_r
 .text._cleanup_r
                0x00006bf8       0x32 c:/freescale/kds_3.0.0/toolchain/bin/../lib/gcc/arm-none-eabi/4.8.4/../../../../arm-none-eabi/lib/armv7e-m/fpu\libg_s.a(lib_a-findfp.o)
                0x00006bf8                _cleanup_r
 *fill*         0x00006c2a        0x2 
 .text.std.isra.0
                0x00006c2c       0x48 c:/freescale/kds_3.0.0/toolchain/bin/../lib/gcc/arm-none-eabi/4.8.4/../../../../arm-none-eabi/lib/armv7e-m/fpu\libg_s.a(lib_a-findfp.o)
 .text.__sfmoreglue
                0x00006c74       0x2c c:/freescale/kds_3.0.0/toolchain/bin/../lib/gcc/arm-none-eabi/4.8.4/../../../../arm-none-eabi/lib/armv7e-m/fpu\libg_s.a(lib_a-findfp.o)
                0x00006c74                __sfmoreglue
 .text.__sinit  0x00006ca0       0x60 c:/freescale/kds_3.0.0/toolchain/bin/../lib/gcc/arm-none-eabi/4.8.4/../../../../arm-none-eabi/lib/armv7e-m/fpu\libg_s.a(lib_a-findfp.o)
                0x00006ca0                __sinit
 .text.__sfp    0x00006d00       0x74 c:/freescale/kds_3.0.0/toolchain/bin/../lib/gcc/arm-none-eabi/4.8.4/../../../../arm-none-eabi/lib/armv7e-m/fpu\libg_s.a(lib_a-findfp.o)
                0x00006d00                __sfp
 .text.__smakebuf_r
                0x00006d74       0x9c c:/freescale/kds_3.0.0/toolchain/bin/../lib/gcc/arm-none-eabi/4.8.4/../../../../arm-none-eabi/lib/armv7e-m/fpu\libg_s.a(lib_a-makebuf.o)
                0x00006d74                __smakebuf_r
 .text.memchr   0x00006e10       0x1e c:/freescale/kds_3.0.0/toolchain/bin/../lib/gcc/arm-none-eabi/4.8.4/../../../../arm-none-eabi/lib/armv7e-m/fpu\libg_s.a(lib_a-memchr-stub.o)
                0x00006e10                memchr
 .text._raise_r
                0x00006e2e       0x50 c:/freescale/kds_3.0.0/toolchain/bin/../lib/gcc/arm-none-eabi/4.8.4/../../../../arm-none-eabi/lib/armv7e-m/fpu\libg_s.a(lib_a-signal.o)
                0x00006e2e                _raise_r
 *fill*         0x00006e7e        0x2 
 .text.raise    0x00006e80       0x10 c:/freescale/kds_3.0.0/toolchain/bin/../lib/gcc/arm-none-eabi/4.8.4/../../../../arm-none-eabi/lib/armv7e-m/fpu\libg_s.a(lib_a-signal.o)
                0x00006e80                raise
 .text._kill_r  0x00006e90       0x24 c:/freescale/kds_3.0.0/toolchain/bin/../lib/gcc/arm-none-eabi/4.8.4/../../../../arm-none-eabi/lib/armv7e-m/fpu\libg_s.a(lib_a-signalr.o)
                0x00006e90                _kill_r
 .text._getpid_r
                0x00006eb4        0x4 c:/freescale/kds_3.0.0/toolchain/bin/../lib/gcc/arm-none-eabi/4.8.4/../../../../arm-none-eabi/lib/armv7e-m/fpu\libg_s.a(lib_a-signalr.o)
                0x00006eb4                _getpid_r
 .text.__sread  0x00006eb8       0x22 c:/freescale/kds_3.0.0/toolchain/bin/../lib/gcc/arm-none-eabi/4.8.4/../../../../arm-none-eabi/lib/armv7e-m/fpu\libg_s.a(lib_a-stdio.o)
                0x00006eb8                __sread
 .text.__swrite
                0x00006eda       0x38 c:/freescale/kds_3.0.0/toolchain/bin/../lib/gcc/arm-none-eabi/4.8.4/../../../../arm-none-eabi/lib/armv7e-m/fpu\libg_s.a(lib_a-stdio.o)
                0x00006eda                __swrite
 .text.__sseek  0x00006f12       0x24 c:/freescale/kds_3.0.0/toolchain/bin/../lib/gcc/arm-none-eabi/4.8.4/../../../../arm-none-eabi/lib/armv7e-m/fpu\libg_s.a(lib_a-stdio.o)
                0x00006f12                __sseek
 .text.__sclose
                0x00006f36        0x8 c:/freescale/kds_3.0.0/toolchain/bin/../lib/gcc/arm-none-eabi/4.8.4/../../../../arm-none-eabi/lib/armv7e-m/fpu\libg_s.a(lib_a-stdio.o)
                0x00006f36                __sclose
 .text.strlen   0x00006f3e       0x10 c:/freescale/kds_3.0.0/toolchain/bin/../lib/gcc/arm-none-eabi/4.8.4/../../../../arm-none-eabi/lib/armv7e-m/fpu\libg_s.a(lib_a-strlen.o)
                0x00006f3e                strlen
 *fill*         0x00006f4e        0x2 
 .text._write_r
                0x00006f50       0x24 c:/freescale/kds_3.0.0/toolchain/bin/../lib/gcc/arm-none-eabi/4.8.4/../../../../arm-none-eabi/lib/armv7e-m/fpu\libg_s.a(lib_a-writer.o)
                0x00006f50                _write_r
 .text._close_r
                0x00006f74       0x20 c:/freescale/kds_3.0.0/toolchain/bin/../lib/gcc/arm-none-eabi/4.8.4/../../../../arm-none-eabi/lib/armv7e-m/fpu\libg_s.a(lib_a-closer.o)
                0x00006f74                _close_r
 .text._fstat_r
                0x00006f94       0x24 c:/freescale/kds_3.0.0/toolchain/bin/../lib/gcc/arm-none-eabi/4.8.4/../../../../arm-none-eabi/lib/armv7e-m/fpu\libg_s.a(lib_a-fstatr.o)
                0x00006f94                _fstat_r
 .text._isatty_r
                0x00006fb8       0x20 c:/freescale/kds_3.0.0/toolchain/bin/../lib/gcc/arm-none-eabi/4.8.4/../../../../arm-none-eabi/lib/armv7e-m/fpu\libg_s.a(lib_a-isattyr.o)
                0x00006fb8                _isatty_r
 .text._lseek_r
                0x00006fd8       0x24 c:/freescale/kds_3.0.0/toolchain/bin/../lib/gcc/arm-none-eabi/4.8.4/../../../../arm-none-eabi/lib/armv7e-m/fpu\libg_s.a(lib_a-lseekr.o)
                0x00006fd8                _lseek_r
 .text._read_r  0x00006ffc       0x24 c:/freescale/kds_3.0.0/toolchain/bin/../lib/gcc/arm-none-eabi/4.8.4/../../../../arm-none-eabi/lib/armv7e-m/fpu\libg_s.a(lib_a-readr.o)
                0x00006ffc                _read_r
 .text._close   0x00007020       0x10 c:/freescale/kds_3.0.0/toolchain/bin/../lib/gcc/arm-none-eabi/4.8.4/../../../../arm-none-eabi/lib/armv7e-m/fpu\libnosys.a(close.o)
                0x00007020                _close
 .text._fstat   0x00007030       0x10 c:/freescale/kds_3.0.0/toolchain/bin/../lib/gcc/arm-none-eabi/4.8.4/../../../../arm-none-eabi/lib/armv7e-m/fpu\libnosys.a(fstat.o)
                0x00007030                _fstat
 .text._getpid  0x00007040       0x10 c:/freescale/kds_3.0.0/toolchain/bin/../lib/gcc/arm-none-eabi/4.8.4/../../../../arm-none-eabi/lib/armv7e-m/fpu\libnosys.a(getpid.o)
                0x00007040                _getpid
 .text._isatty  0x00007050       0x10 c:/freescale/kds_3.0.0/toolchain/bin/../lib/gcc/arm-none-eabi/4.8.4/../../../../arm-none-eabi/lib/armv7e-m/fpu\libnosys.a(isatty.o)
                0x00007050                _isatty
 .text._kill    0x00007060       0x10 c:/freescale/kds_3.0.0/toolchain/bin/../lib/gcc/arm-none-eabi/4.8.4/../../../../arm-none-eabi/lib/armv7e-m/fpu\libnosys.a(kill.o)
                0x00007060                _kill
 .text._lseek   0x00007070       0x10 c:/freescale/kds_3.0.0/toolchain/bin/../lib/gcc/arm-none-eabi/4.8.4/../../../../arm-none-eabi/lib/armv7e-m/fpu\libnosys.a(lseek.o)
                0x00007070                _lseek
 .text._read    0x00007080       0x10 c:/freescale/kds_3.0.0/toolchain/bin/../lib/gcc/arm-none-eabi/4.8.4/../../../../arm-none-eabi/lib/armv7e-m/fpu\libnosys.a(read.o)
                0x00007080                _read
 .text._sbrk    0x00007090       0x34 c:/freescale/kds_3.0.0/toolchain/bin/../lib/gcc/arm-none-eabi/4.8.4/../../../../arm-none-eabi/lib/armv7e-m/fpu\libnosys.a(sbrk.o)
                0x00007090                _sbrk
 .text._write   0x000070c4       0x10 c:/freescale/kds_3.0.0/toolchain/bin/../lib/gcc/arm-none-eabi/4.8.4/../../../../arm-none-eabi/lib/armv7e-m/fpu\libnosys.a(write.o)
                0x000070c4                _write
 .text._exit    0x000070d4        0x4 c:/freescale/kds_3.0.0/toolchain/bin/../lib/gcc/arm-none-eabi/4.8.4/../../../../arm-none-eabi/lib/armv7e-m/fpu\libnosys.a(_exit.o)
                0x000070d4                _exit
 *(.rodata)
 .rodata        0x000070d8       0x7c ./Sources/Events.o
 .rodata        0x00007154       0x38 ./Sources/main.o
 .rodata        0x0000718c      0x1e0 ./SDK/platform/system/src/clock/MK64F12/fsl_clock_MK64F12.o
 .rodata        0x0000736c       0x64 ./SDK/platform/osa/src/fsl_os_abstraction_bm.o
 .rodata        0x000073d0       0xd8 ./SDK/platform/hal/src/sim/MK64F12/fsl_sim_hal_MK64F12.o
 .rodata        0x000074a8       0x38 ./SDK/platform/hal/src/gpio/fsl_gpio_hal.o
 .rodata        0x000074e0      0x198 ./SDK/platform/hal/src/ftm/fsl_ftm_hal.o
 .rodata        0x00007678      0x13c ./SDK/platform/drivers/src/uart/fsl_uart_driver.o
 .rodata        0x000077b4      0x180 ./SDK/platform/drivers/src/pit/fsl_pit_driver.o
 .rodata        0x00007934      0x168 ./SDK/platform/drivers/src/gpio/fsl_gpio_driver.o
 .rodata        0x00007a9c      0x2cc ./SDK/platform/drivers/src/ftm/fsl_ftm_driver.o
 .rodata        0x00007d68       0xe4 ./SDK/platform/drivers/src/dspi/fsl_dspi_master_driver.o
 .rodata        0x00007e4c       0x5c ./SDK/platform/drivers/src/dspi/fsl_dspi_shared_function.o
 .rodata        0x00007ea8       0x2c ./Generated_Code/osa1.o
 .rodata        0x00007ed4       0x64 ./Generated_Code/pin_mux.o
 *(.rodata*)
 .rodata.__func__.8415
                0x00007f38       0x18 ./Sources/Events.o
 .rodata.portGateTable
                0x00007f50        0x8 ./SDK/platform/system/src/clock/MK64F12/fsl_clock_MK64F12.o
 .rodata.ftmGateTable
                0x00007f58        0x4 ./SDK/platform/system/src/clock/MK64F12/fsl_clock_MK64F12.o
 .rodata.spiGateTable
                0x00007f5c        0x4 ./SDK/platform/system/src/clock/MK64F12/fsl_clock_MK64F12.o
 .rodata.uartGateTable
                0x00007f60        0x8 ./SDK/platform/system/src/clock/MK64F12/fsl_clock_MK64F12.o
 .rodata.__func__.7870
                0x00007f68       0x1c ./SDK/platform/system/src/clock/MK64F12/fsl_clock_MK64F12.o
 .rodata.__func__.7909
                0x00007f84       0x1c ./SDK/platform/system/src/clock/MK64F12/fsl_clock_MK64F12.o
 .rodata.__func__.7922
                0x00007fa0       0x1c ./SDK/platform/system/src/clock/MK64F12/fsl_clock_MK64F12.o
 .rodata.__func__.7948
                0x00007fbc       0x1c ./SDK/platform/system/src/clock/MK64F12/fsl_clock_MK64F12.o
 .rodata.__func__.7891
                0x00007fd8       0x10 ./SDK/platform/osa/src/fsl_os_abstraction_bm.o
 .rodata.__func__.7897
                0x00007fe8       0x10 ./SDK/platform/osa/src/fsl_os_abstraction_bm.o
 .rodata.__func__.7901
                0x00007ff8       0x10 ./SDK/platform/osa/src/fsl_os_abstraction_bm.o
 .rodata.__func__.7947
                0x00008008       0x10 ./SDK/platform/osa/src/fsl_os_abstraction_bm.o
 .rodata.__func__.6863
                0x00008018       0x24 ./SDK/platform/hal/src/sim/MK64F12/fsl_sim_hal_MK64F12.o
 .rodata.fllFactorTable.6440
                0x0000803c       0x10 ./SDK/platform/hal/src/mcg/fsl_mcg_hal.o
 .rodata.__func__.6219
                0x0000804c       0x14 ./SDK/platform/hal/src/gpio/fsl_gpio_hal.o
 .rodata.__func__.6225
                0x00008060       0x18 ./SDK/platform/hal/src/gpio/fsl_gpio_hal.o
 .rodata.__func__.6425
                0x00008078       0x10 ./SDK/platform/hal/src/ftm/fsl_ftm_hal.o
 .rodata.__func__.6703
                0x00008088       0x14 ./SDK/platform/hal/src/ftm/fsl_ftm_hal.o
 .rodata.__func__.6471
                0x0000809c       0x20 ./SDK/platform/hal/src/ftm/fsl_ftm_hal.o
 .rodata.__func__.6719
                0x000080bc       0x18 ./SDK/platform/hal/src/ftm/fsl_ftm_hal.o
 .rodata.__func__.6489
                0x000080d4       0x20 ./SDK/platform/hal/src/ftm/fsl_ftm_hal.o
 .rodata.__func__.6307
                0x000080f4       0x18 ./SDK/platform/hal/src/ftm/fsl_ftm_hal.o
 .rodata.__func__.6301
                0x0000810c       0x18 ./SDK/platform/hal/src/ftm/fsl_ftm_hal.o
 .rodata.__func__.6274
                0x00008124       0x14 ./SDK/platform/hal/src/ftm/fsl_ftm_hal.o
 .rodata.__func__.6501
                0x00008138       0x20 ./SDK/platform/hal/src/ftm/fsl_ftm_hal.o
 .rodata.s_baudratePrescaler
                0x00008158       0x10 ./SDK/platform/hal/src/dspi/fsl_dspi_hal.o
 .rodata.s_baudrateScaler
                0x00008168       0x40 ./SDK/platform/hal/src/dspi/fsl_dspi_hal.o
 .rodata.g_uartBase
                0x000081a8       0x18 ./SDK/platform/drivers/src/uart/fsl_uart_common.o
                0x000081a8                g_uartBase
 .rodata.__func__.8523
                0x000081c0       0x10 ./SDK/platform/drivers/src/uart/fsl_uart_driver.o
 .rodata.__func__.8496
                0x000081d0       0x14 ./SDK/platform/drivers/src/uart/fsl_uart_driver.o
 .rodata.__func__.8580
                0x000081e4       0x14 ./SDK/platform/drivers/src/uart/fsl_uart_driver.o
 .rodata.__func__.8646
                0x000081f8       0x1c ./SDK/platform/drivers/src/uart/fsl_uart_driver.o
 .rodata.__func__.8654
                0x00008214       0x18 ./SDK/platform/drivers/src/uart/fsl_uart_driver.o
 .rodata.__func__.8660
                0x0000822c       0x20 ./SDK/platform/drivers/src/uart/fsl_uart_driver.o
 .rodata.g_pitBase
                0x0000824c        0x4 ./SDK/platform/drivers/src/pit/fsl_pit_common.o
                0x0000824c                g_pitBase
 .rodata.g_pitIrqId
                0x00008250        0x4 ./SDK/platform/drivers/src/pit/fsl_pit_common.o
                0x00008250                g_pitIrqId
 .rodata.__func__.7860
                0x00008254       0x10 ./SDK/platform/drivers/src/pit/fsl_pit_driver.o
 .rodata.__func__.7867
                0x00008264       0x14 ./SDK/platform/drivers/src/pit/fsl_pit_driver.o
 .rodata.__func__.6199
                0x00008278       0x14 ./SDK/platform/drivers/src/pit/fsl_pit_driver.o
 .rodata.__func__.7844
                0x0000828c       0x14 ./SDK/platform/drivers/src/pit/fsl_pit_driver.o
 .rodata.__func__.7882
                0x000082a0       0x14 ./SDK/platform/drivers/src/pit/fsl_pit_driver.o
 .rodata.__func__.6167
                0x000082b4       0x14 ./SDK/platform/drivers/src/pit/fsl_pit_driver.o
 .rodata.__func__.7895
                0x000082c8       0x1c ./SDK/platform/drivers/src/pit/fsl_pit_driver.o
 .rodata.__func__.6183
                0x000082e4       0x20 ./SDK/platform/drivers/src/pit/fsl_pit_driver.o
 .rodata.g_gpioBase
                0x00008304       0x14 ./SDK/platform/drivers/src/gpio/fsl_gpio_common.o
                0x00008304                g_gpioBase
 .rodata.g_portBase
                0x00008318       0x14 ./SDK/platform/drivers/src/gpio/fsl_gpio_common.o
                0x00008318                g_portBase
 .rodata.g_portIrqId
                0x0000832c        0x8 ./SDK/platform/drivers/src/gpio/fsl_gpio_common.o
                0x0000832c                g_portIrqId
 .rodata.__func__.6221
                0x00008334       0x14 ./SDK/platform/drivers/src/gpio/fsl_gpio_driver.o
 .rodata.__func__.6191
                0x00008348       0x14 ./SDK/platform/drivers/src/gpio/fsl_gpio_driver.o
 .rodata.__func__.6185
                0x0000835c       0x18 ./SDK/platform/drivers/src/gpio/fsl_gpio_driver.o
 .rodata.__func__.6203
                0x00008374       0x20 ./SDK/platform/drivers/src/gpio/fsl_gpio_driver.o
 .rodata.__func__.6233
                0x00008394       0x20 ./SDK/platform/drivers/src/gpio/fsl_gpio_driver.o
 .rodata.__func__.6255
                0x000083b4       0x18 ./SDK/platform/drivers/src/gpio/fsl_gpio_driver.o
 .rodata.__func__.7986
                0x000083cc       0x14 ./SDK/platform/drivers/src/gpio/fsl_gpio_driver.o
 .rodata.__func__.6197
                0x000083e0       0x1c ./SDK/platform/drivers/src/gpio/fsl_gpio_driver.o
 .rodata.__func__.6215
                0x000083fc       0x20 ./SDK/platform/drivers/src/gpio/fsl_gpio_driver.o
 .rodata.__func__.6209
                0x0000841c       0x1c ./SDK/platform/drivers/src/gpio/fsl_gpio_driver.o
 .rodata.__func__.6319
                0x00008438       0x18 ./SDK/platform/drivers/src/gpio/fsl_gpio_driver.o
 .rodata.__func__.6324
                0x00008450       0x18 ./SDK/platform/drivers/src/gpio/fsl_gpio_driver.o
 .rodata.__func__.6353
                0x00008468       0x18 ./SDK/platform/drivers/src/gpio/fsl_gpio_driver.o
 .rodata.g_ftmBase
                0x00008480       0x10 ./SDK/platform/drivers/src/ftm/fsl_ftm_common.o
                0x00008480                g_ftmBase
 .rodata.g_ftmIrqId
                0x00008490        0x4 ./SDK/platform/drivers/src/ftm/fsl_ftm_common.o
                0x00008490                g_ftmIrqId
 .rodata.g_ftmChannelCount
                0x00008494       0x10 ./SDK/platform/drivers/src/ftm/fsl_ftm_driver.o
                0x00008494                g_ftmChannelCount
 .rodata.__func__.8353
                0x000084a4       0x10 ./SDK/platform/drivers/src/ftm/fsl_ftm_driver.o
 .rodata.__func__.6716
                0x000084b4       0x14 ./SDK/platform/drivers/src/ftm/fsl_ftm_driver.o
 .rodata.__func__.8408
                0x000084c8       0x14 ./SDK/platform/drivers/src/ftm/fsl_ftm_driver.o
 .rodata.__func__.8412
                0x000084dc       0x14 ./SDK/platform/drivers/src/ftm/fsl_ftm_driver.o
 .rodata.__func__.8437
                0x000084f0       0x14 ./SDK/platform/drivers/src/ftm/fsl_ftm_driver.o
 .rodata.__func__.6359
                0x00008504       0x18 ./SDK/platform/drivers/src/ftm/fsl_ftm_driver.o
 .rodata.__func__.6333
                0x0000851c       0x18 ./SDK/platform/drivers/src/ftm/fsl_ftm_driver.o
 .rodata.__func__.6374
                0x00008534       0x1c ./SDK/platform/drivers/src/ftm/fsl_ftm_driver.o
 .rodata.g_dspiBase
                0x00008550        0xc ./SDK/platform/drivers/src/dspi/fsl_dspi_common.o
                0x00008550                g_dspiBase
 .rodata.g_dspiFifoSize
                0x0000855c        0xc ./SDK/platform/drivers/src/dspi/fsl_dspi_common.o
                0x0000855c                g_dspiFifoSize
 .rodata.g_dspiIrqId
                0x00008568        0x4 ./SDK/platform/drivers/src/dspi/fsl_dspi_common.o
                0x00008568                g_dspiIrqId
 .rodata.__func__.8234
                0x0000856c       0x14 ./SDK/platform/drivers/src/dspi/fsl_dspi_master_driver.o
 .rodata.__func__.8279
                0x00008580       0x1c ./SDK/platform/drivers/src/dspi/fsl_dspi_master_driver.o
 .rodata.__func__.6390
                0x0000859c       0x14 ./SDK/platform/drivers/src/dspi/fsl_dspi_shared_function.o
 .rodata.SERIAL1_InitConfig0
                0x000085b0        0x8 ./Generated_Code/SERIAL1.o
                0x000085b0                SERIAL1_InitConfig0
 .rodata.dspiCom1_BusConfig0
                0x000085b8        0xc ./Generated_Code/dspiCom1.o
                0x000085b8                dspiCom1_BusConfig0
 .rodata.dspiCom1_MasterConfig0
                0x000085c4        0x8 ./Generated_Code/dspiCom1.o
                0x000085c4                dspiCom1_MasterConfig0
 .rodata.gpio1_InpConfig0
                0x000085cc       0x30 ./Generated_Code/gpio1.o
                0x000085cc                gpio1_InpConfig0
 .rodata.gpio1_OutConfig0
                0x000085fc       0x3c ./Generated_Code/gpio1.o
                0x000085fc                gpio1_OutConfig0
 .rodata.__func__.10023
                0x00008638       0x10 ./Generated_Code/osa1.o
 .rodata.__func__.6221
                0x00008648       0x14 ./Generated_Code/pin_mux.o
 .rodata.__func__.6185
                0x0000865c       0x18 ./Generated_Code/pin_mux.o
 .rodata.__func__.6191
                0x00008674       0x14 ./Generated_Code/pin_mux.o
 .rodata.__func__.6203
                0x00008688       0x20 ./Generated_Code/pin_mux.o
 .rodata.__func__.6197
                0x000086a8       0x1c ./Generated_Code/pin_mux.o
 .rodata.__func__.6215
                0x000086c4       0x20 ./Generated_Code/pin_mux.o
 .rodata.__func__.6209
                0x000086e4       0x1c ./Generated_Code/pin_mux.o
 .rodata.pit100us_InitConfig0
                0x00008700        0x8 ./Generated_Code/pit100us.o
                0x00008700                pit100us_InitConfig0
 .rodata.pitTimer1_InitConfig0
                0x00008708        0x8 ./Generated_Code/pitTimer1.o
                0x00008708                pitTimer1_InitConfig0
 .rodata.str1.1
                0x00008710       0x3c c:/freescale/kds_3.0.0/toolchain/bin/../lib/gcc/arm-none-eabi/4.8.4/../../../../arm-none-eabi/lib/armv7e-m/fpu\libg_s.a(lib_a-assert.o)
                                 0x3d (size before relaxing)
 .rodata.str1.1
                0x0000874c        0x2 c:/freescale/kds_3.0.0/toolchain/bin/../lib/gcc/arm-none-eabi/4.8.4/../../../../arm-none-eabi/lib/armv7e-m/fpu\libg_s.a(lib_a-impure.o)
 *fill*         0x0000874e        0x2 
 .rodata._global_impure_ptr
                0x00008750        0x4 c:/freescale/kds_3.0.0/toolchain/bin/../lib/gcc/arm-none-eabi/4.8.4/../../../../arm-none-eabi/lib/armv7e-m/fpu\libg_s.a(lib_a-impure.o)
                0x00008750                _global_impure_ptr
 .rodata.str1.1
                0x00008754       0x11 c:/freescale/kds_3.0.0/toolchain/bin/../lib/gcc/arm-none-eabi/4.8.4/../../../../arm-none-eabi/lib/armv7e-m/fpu\libg_s.a(lib_a-vfprintf.o)
 .rodata.str1.1
                0x00008765       0x22 c:/freescale/kds_3.0.0/toolchain/bin/../lib/gcc/arm-none-eabi/4.8.4/../../../../arm-none-eabi/lib/armv7e-m/fpu\libg_s.a(lib_a-vfprintf_i.o)
 *fill*         0x00008787        0x1 
 .rodata.__sf_fake_stdin
                0x00008788       0x20 c:/freescale/kds_3.0.0/toolchain/bin/../lib/gcc/arm-none-eabi/4.8.4/../../../../arm-none-eabi/lib/armv7e-m/fpu\libg_s.a(lib_a-findfp.o)
                0x00008788                __sf_fake_stdin
 .rodata.__sf_fake_stdout
                0x000087a8       0x20 c:/freescale/kds_3.0.0/toolchain/bin/../lib/gcc/arm-none-eabi/4.8.4/../../../../arm-none-eabi/lib/armv7e-m/fpu\libg_s.a(lib_a-findfp.o)
                0x000087a8                __sf_fake_stdout
 .rodata.__sf_fake_stderr
                0x000087c8       0x20 c:/freescale/kds_3.0.0/toolchain/bin/../lib/gcc/arm-none-eabi/4.8.4/../../../../arm-none-eabi/lib/armv7e-m/fpu\libg_s.a(lib_a-findfp.o)
                0x000087c8                __sf_fake_stderr
 *(.glue_7)
 .glue_7        0x00000000        0x0 linker stubs
 *(.glue_7t)
 .glue_7t       0x00000000        0x0 linker stubs
 *(.eh_frame)
 .eh_frame      0x000087e8        0x0 c:/freescale/kds_3.0.0/toolchain/bin/../lib/gcc/arm-none-eabi/4.8.4/armv7e-m/fpu/crtbegin.o
 *(.init)
 .init          0x000087e8        0x4 c:/freescale/kds_3.0.0/toolchain/bin/../lib/gcc/arm-none-eabi/4.8.4/armv7e-m/fpu/crti.o
                0x000087e8                _init
 .init          0x000087ec        0x8 c:/freescale/kds_3.0.0/toolchain/bin/../lib/gcc/arm-none-eabi/4.8.4/armv7e-m/fpu/crtn.o
 *(.fini)
 .fini          0x000087f4        0x4 c:/freescale/kds_3.0.0/toolchain/bin/../lib/gcc/arm-none-eabi/4.8.4/armv7e-m/fpu/crti.o
                0x000087f4                _fini
 .fini          0x000087f8        0x8 c:/freescale/kds_3.0.0/toolchain/bin/../lib/gcc/arm-none-eabi/4.8.4/armv7e-m/fpu/crtn.o
                0x00008800                . = ALIGN (0x4)

.vfp11_veneer   0x00008800        0x0
 .vfp11_veneer  0x00000000        0x0 linker stubs

.v4_bx          0x00008800        0x0
 .v4_bx         0x00000000        0x0 linker stubs

.iplt           0x00008800        0x0
 .iplt          0x00000000        0x0 c:/freescale/kds_3.0.0/toolchain/bin/../lib/gcc/arm-none-eabi/4.8.4/armv7e-m/fpu/crtbegin.o

.ARM.extab
 *(.ARM.extab* .gnu.linkonce.armextab.*)

.ARM            0x00008800        0x8
                0x00008800                __exidx_start = .
 *(.ARM.exidx*)
 .ARM.exidx     0x00008800        0x8 c:/freescale/kds_3.0.0/toolchain/bin/../lib/gcc/arm-none-eabi/4.8.4/../../../../arm-none-eabi/lib/armv7e-m/fpu/crt0.o
 .ARM.exidx     0x00008808        0x0 c:/freescale/kds_3.0.0/toolchain/bin/../lib/gcc/arm-none-eabi/4.8.4/armv7e-m/fpu\libgcc.a(_divdi3.o)
                                  0x8 (size before relaxing)
 .ARM.exidx     0x00008808        0x0 c:/freescale/kds_3.0.0/toolchain/bin/../lib/gcc/arm-none-eabi/4.8.4/armv7e-m/fpu\libgcc.a(_udivdi3.o)
                                  0x8 (size before relaxing)
                0x00008808                __exidx_end = .

.rel.dyn        0x00008808        0x0
 .rel.iplt      0x00000000        0x0 c:/freescale/kds_3.0.0/toolchain/bin/../lib/gcc/arm-none-eabi/4.8.4/armv7e-m/fpu/crtbegin.o

.ctors          0x00008808        0x0
                0x00008808                __CTOR_LIST__ = .
 *crtbegin.o(.ctors)
 *crtbegin?.o(.ctors)
 *(EXCLUDE_FILE(*crtend.o *crtend?.o) .ctors)
 *(SORT(.ctors.*))
 *(.ctors)
                0x00008808                __CTOR_END__ = .

.dtors          0x00008808        0x0
                0x00008808                __DTOR_LIST__ = .
 *crtbegin.o(.dtors)
 *crtbegin?.o(.dtors)
 *(EXCLUDE_FILE(*crtend.o *crtend?.o) .dtors)
 *(SORT(.dtors.*))
 *(.dtors)
                0x00008808                __DTOR_END__ = .

.preinit_array  0x00008808        0x0
                0x00008808                PROVIDE (__preinit_array_start, .)
 *(.preinit_array*)
                0x00008808                PROVIDE (__preinit_array_end, .)

.init_array     0x00008808        0x4
                0x00008808                PROVIDE (__init_array_start, .)
 *(SORT(.init_array.*))
 *(.init_array*)
 .init_array    0x00008808        0x4 c:/freescale/kds_3.0.0/toolchain/bin/../lib/gcc/arm-none-eabi/4.8.4/armv7e-m/fpu/crtbegin.o
                0x0000880c                PROVIDE (__init_array_end, .)

.fini_array     0x0000880c        0x4
                0x0000880c                PROVIDE (__fini_array_start, .)
 *(SORT(.fini_array.*))
 *(.fini_array*)
 .fini_array    0x0000880c        0x4 c:/freescale/kds_3.0.0/toolchain/bin/../lib/gcc/arm-none-eabi/4.8.4/armv7e-m/fpu/crtbegin.o
                0x00008810                PROVIDE (__fini_array_end, .)
                0x00008810                __etext = .
                0x00008810                __DATA_ROM = .

.data           0x1fff0400       0x90 load address 0x00008810
                0x1fff0400                . = ALIGN (0x4)
                0x1fff0400                __DATA_RAM = .
                0x1fff0400                __data_start__ = .
 *(.data)
 *(.data*)
 .data.g_fastInternalRefClkFreq
                0x1fff0400        0x4 ./SDK/platform/hal/src/mcg/fsl_mcg_hal.o
                0x1fff0400                g_fastInternalRefClkFreq
 .data.g_slowInternalRefClkFreq
                0x1fff0404        0x4 ./SDK/platform/hal/src/mcg/fsl_mcg_hal.o
                0x1fff0404                g_slowInternalRefClkFreq
 .data.g_uartRxTxIrqId
                0x1fff0408        0x8 ./SDK/platform/drivers/src/uart/fsl_uart_common.o
                0x1fff0408                g_uartRxTxIrqId
 .data.flexTimer1_ChnConfig0
                0x1fff0410       0x10 ./Generated_Code/flexTimer1.o
                0x1fff0410                flexTimer1_ChnConfig0
 .data.flexTimer1_InitConfig0
                0x1fff0420        0x8 ./Generated_Code/flexTimer1.o
                0x1fff0420                flexTimer1_InitConfig0
 .data.impure_data
                0x1fff0428       0x60 c:/freescale/kds_3.0.0/toolchain/bin/../lib/gcc/arm-none-eabi/4.8.4/../../../../arm-none-eabi/lib/armv7e-m/fpu\libg_s.a(lib_a-impure.o)
 .data._impure_ptr
                0x1fff0488        0x4 c:/freescale/kds_3.0.0/toolchain/bin/../lib/gcc/arm-none-eabi/4.8.4/../../../../arm-none-eabi/lib/armv7e-m/fpu\libg_s.a(lib_a-impure.o)
                0x1fff0488                _impure_ptr
 *(.jcr*)
 .jcr           0x1fff048c        0x0 c:/freescale/kds_3.0.0/toolchain/bin/../lib/gcc/arm-none-eabi/4.8.4/armv7e-m/fpu/crtbegin.o
 .jcr           0x1fff048c        0x4 c:/freescale/kds_3.0.0/toolchain/bin/../lib/gcc/arm-none-eabi/4.8.4/armv7e-m/fpu/crtend.o
                0x1fff0490                . = ALIGN (0x4)
                0x1fff0490                __data_end__ = .
                0x000088a0                __DATA_END = (__DATA_ROM + (__data_end__ - __data_start__))
                0x000088a0                __m_interrupts_ram_ROMStart = (__DATA_ROM + SIZEOF (.data))

.igot.plt       0x1fff0490        0x0 load address 0x000088a0
 .igot.plt      0x00000000        0x0 c:/freescale/kds_3.0.0/toolchain/bin/../lib/gcc/arm-none-eabi/4.8.4/armv7e-m/fpu/crtbegin.o

.m_interrupts_ram
                0x1fff0000      0x400 load address 0x000088a0
                0x1fff0000                . = ALIGN (0x4)
                0x1fff0000                __m_interrupts_ram_RAMStart = .
 *(.m_interrupts_ram)
                0x1fff0400                . = (. + 0x400)
 *fill*         0x1fff0000      0x400 
                0x1fff0400                __m_interrupts_ram_RAMEnd = .
                0x1fff0400                . = ALIGN (0x4)
                0x00000400                __m_interrupts_ram_ROMSize = (__m_interrupts_ram_RAMEnd - __m_interrupts_ram_RAMStart)
                0x00000400                __RAM_VECTOR_TABLE_SIZE_BYTES = (__m_interrupts_ram_RAMEnd - __m_interrupts_ram_RAMStart)
                0x00008ca0                __m_data_2_ROMStart = (__m_interrupts_ram_ROMStart + SIZEOF (.m_interrupts_ram))

.m_data_2       0x20000000        0x0 load address 0x00008ca0
                0x20000000                . = ALIGN (0x4)
                0x20000000                __m_data_2_RAMStart = .
 *(.m_data_2)
                0x20000000                __m_data_2_RAMEnd = .
                0x20000000                . = ALIGN (0x4)
                0x00000000                __m_data_2_ROMSize = (__m_data_2_RAMEnd - __m_data_2_RAMStart)

.bss            0x1fff0490      0x174 load address 0x000088a0
                0x1fff0490                . = ALIGN (0x4)
                0x1fff0490                __START_BSS = .
                0x1fff0490                __bss_start__ = .
 *(.bss)
 .bss           0x1fff0490       0x1c c:/freescale/kds_3.0.0/toolchain/bin/../lib/gcc/arm-none-eabi/4.8.4/armv7e-m/fpu/crtbegin.o
 *(.bss*)
 .bss.Flag      0x1fff04ac        0x8 ./Sources/Events.o
                0x1fff04ac                Flag
 .bss.g_interruptDisableCount
                0x1fff04b4        0x4 ./SDK/platform/system/src/interrupt/fsl_interrupt_manager.o
                0x1fff04b4                g_interruptDisableCount
 .bss.g_taskControlBlockPool
                0x1fff04b8       0x50 ./SDK/platform/osa/src/fsl_os_abstraction_bm.o
 .bss.g_freeTaskControlBlock
                0x1fff0508        0x4 ./SDK/platform/osa/src/fsl_os_abstraction_bm.o
 .bss.g_taskListHead
                0x1fff050c       0x10 ./SDK/platform/osa/src/fsl_os_abstraction_bm.o
 .bss.g_uartStatePtr
                0x1fff051c       0x18 ./SDK/platform/drivers/src/uart/fsl_uart_common.o
                0x1fff051c                g_uartStatePtr
 .bss.s_ftmClockSource
                0x1fff0534        0x1 ./SDK/platform/drivers/src/ftm/fsl_ftm_driver.o
 *fill*         0x1fff0535        0x3 
 .bss.g_dspiStatePtr
                0x1fff0538        0xc ./SDK/platform/drivers/src/dspi/fsl_dspi_common.o
                0x1fff0538                g_dspiStatePtr
 .bss.dspiCom1_calculatedBaudRate
                0x1fff0544        0x4 ./Generated_Code/dspiCom1.o
                0x1fff0544                dspiCom1_calculatedBaudRate
 .bss.SwTimerIsrCounter
                0x1fff0548        0x2 ./Generated_Code/osa1.o
 *fill*         0x1fff054a        0x2 
 .bss.__malloc_sbrk_start
                0x1fff054c        0x4 c:/freescale/kds_3.0.0/toolchain/bin/../lib/gcc/arm-none-eabi/4.8.4/../../../../arm-none-eabi/lib/armv7e-m/fpu\libg_s.a(lib_a-nano-mallocr.o)
                0x1fff054c                __malloc_sbrk_start
 .bss.__malloc_free_list
                0x1fff0550        0x4 c:/freescale/kds_3.0.0/toolchain/bin/../lib/gcc/arm-none-eabi/4.8.4/../../../../arm-none-eabi/lib/armv7e-m/fpu\libg_s.a(lib_a-nano-mallocr.o)
                0x1fff0550                __malloc_free_list
 .bss.heap_end.4246
                0x1fff0554        0x4 c:/freescale/kds_3.0.0/toolchain/bin/../lib/gcc/arm-none-eabi/4.8.4/../../../../arm-none-eabi/lib/armv7e-m/fpu\libnosys.a(sbrk.o)
 *(COMMON)
 COMMON         0x1fff0558       0x14 ./SDK/platform/system/src/clock/MK64F12/fsl_clock_MK64F12.o
                0x1fff0558                g_usbClkInFreq
                0x1fff055c                g_enet1588ClkInFreq
                0x1fff0560                g_ftmClkFreq
                0x1fff0568                g_sdhcClkInFreq
 COMMON         0x1fff056c        0x8 ./SDK/platform/hal/src/mcg/fsl_mcg_hal.o
                0x1fff056c                g_xtal0ClkFreq
                0x1fff0570                g_xtalRtcClkFreq
 *fill*         0x1fff0574        0x4 
 COMMON         0x1fff0578       0x10 ./SDK/platform/drivers/src/pit/fsl_pit_driver.o
                0x1fff0578                g_pitUsInstance
                0x1fff0579                g_pitUsChannel
                0x1fff0580                g_pitSourceClock
 COMMON         0x1fff0588       0x40 ./Generated_Code/SERIAL1.o
                0x1fff0588                SERIAL1_State
 COMMON         0x1fff05c8       0x38 ./Generated_Code/dspiCom1.o
                0x1fff05c8                dspiCom1_MasterState
 COMMON         0x1fff0600        0x4 c:/freescale/kds_3.0.0/toolchain/bin/../lib/gcc/arm-none-eabi/4.8.4/../../../../arm-none-eabi/lib/armv7e-m/fpu\libg_s.a(lib_a-reent.o)
                0x1fff0600                errno
                0x1fff0604                . = ALIGN (0x4)
                0x1fff0604                __bss_end__ = .
                0x1fff0604                __END_BSS = .

.heap           0x20000000        0x0
                0x20000000                . = ALIGN (0x8)
                0x20000000                __end__ = .
                0x20000000                PROVIDE (end, .)
                0x20000000                __HeapBase = .
                0x20000000                . = (. + HEAP_SIZE)
                0x20000000                __HeapLimit = .

.stack          0x20000000      0x400
                0x20000000                . = ALIGN (0x8)
                0x20000400                . = (. + STACK_SIZE)
 *fill*         0x20000000      0x400 
                0x20030000                __StackTop = (ORIGIN (m_data_2) + 0x30000)
                0x2002fc00                __StackLimit = (__StackTop - STACK_SIZE)
                0x20030000                PROVIDE (__stack, __StackTop)

.ARM.attributes
                0x00000000       0x30
 *(.ARM.attributes)
 .ARM.attributes
                0x00000000       0x22 c:/freescale/kds_3.0.0/toolchain/bin/../lib/gcc/arm-none-eabi/4.8.4/armv7e-m/fpu/crti.o
 .ARM.attributes
                0x00000022       0x34 c:/freescale/kds_3.0.0/toolchain/bin/../lib/gcc/arm-none-eabi/4.8.4/armv7e-m/fpu/crtbegin.o
 .ARM.attributes
                0x00000056       0x20 c:/freescale/kds_3.0.0/toolchain/bin/../lib/gcc/arm-none-eabi/4.8.4/../../../../arm-none-eabi/lib/armv7e-m/fpu/crt0.o
 .ARM.attributes
                0x00000076       0x39 ./Static_Code/System/PE_low_level_init.o
 .ARM.attributes
                0x000000af       0x39 ./Sources/Events.o
 .ARM.attributes
                0x000000e8       0x39 ./Sources/NRF24L01_DRIVER.o
 .ARM.attributes
                0x00000121       0x39 ./Sources/Serial_Driver.o
 .ARM.attributes
                0x0000015a       0x39 ./Sources/main.o
 .ARM.attributes
                0x00000193       0x39 ./SDK/platform/system/src/interrupt/fsl_interrupt_manager.o
 .ARM.attributes
                0x000001cc       0x39 ./SDK/platform/system/src/clock/MK64F12/fsl_clock_MK64F12.o
 .ARM.attributes
                0x00000205       0x39 ./SDK/platform/osa/src/fsl_os_abstraction_bm.o
 .ARM.attributes
                0x0000023e       0x39 ./SDK/platform/hal/src/uart/fsl_uart_hal.o
 .ARM.attributes
                0x00000277       0x39 ./SDK/platform/hal/src/sim/MK64F12/fsl_sim_hal_MK64F12.o
 .ARM.attributes
                0x000002b0       0x39 ./SDK/platform/hal/src/mcg/fsl_mcg_hal.o
 .ARM.attributes
                0x000002e9       0x39 ./SDK/platform/hal/src/gpio/fsl_gpio_hal.o
 .ARM.attributes
                0x00000322       0x39 ./SDK/platform/hal/src/ftm/fsl_ftm_hal.o
 .ARM.attributes
                0x0000035b       0x39 ./SDK/platform/hal/src/dspi/fsl_dspi_hal.o
 .ARM.attributes
                0x00000394       0x39 ./SDK/platform/drivers/src/uart/fsl_uart_common.o
 .ARM.attributes
                0x000003cd       0x39 ./SDK/platform/drivers/src/uart/fsl_uart_driver.o
 .ARM.attributes
                0x00000406       0x39 ./SDK/platform/drivers/src/pit/fsl_pit_common.o
 .ARM.attributes
                0x0000043f       0x39 ./SDK/platform/drivers/src/pit/fsl_pit_driver.o
 .ARM.attributes
                0x00000478       0x39 ./SDK/platform/drivers/src/gpio/fsl_gpio_common.o
 .ARM.attributes
                0x000004b1       0x39 ./SDK/platform/drivers/src/gpio/fsl_gpio_driver.o
 .ARM.attributes
                0x000004ea       0x39 ./SDK/platform/drivers/src/ftm/fsl_ftm_common.o
 .ARM.attributes
                0x00000523       0x39 ./SDK/platform/drivers/src/ftm/fsl_ftm_driver.o
 .ARM.attributes
                0x0000055c       0x39 ./SDK/platform/drivers/src/dspi/fsl_dspi_common.o
 .ARM.attributes
                0x00000595       0x39 ./SDK/platform/drivers/src/dspi/fsl_dspi_master_driver.o
 .ARM.attributes
                0x000005ce       0x39 ./SDK/platform/drivers/src/dspi/fsl_dspi_shared_function.o
 .ARM.attributes
                0x00000607       0x39 ./SDK/platform/drivers/src/dspi/fsl_dspi_slave_driver.o
 .ARM.attributes
                0x00000640       0x1f ./SDK/platform/devices/MK64F12/startup/gcc/startup_MK64F12.o
 .ARM.attributes
                0x0000065f       0x39 ./SDK/platform/devices/MK64F12/startup/system_MK64F12.o
 .ARM.attributes
                0x00000698       0x39 ./SDK/platform/devices/startup.o
 .ARM.attributes
                0x000006d1       0x39 ./Generated_Code/Cpu.o
 .ARM.attributes
                0x0000070a       0x39 ./Generated_Code/SERIAL1.o
 .ARM.attributes
                0x00000743       0x39 ./Generated_Code/dspiCom1.o
 .ARM.attributes
                0x0000077c       0x39 ./Generated_Code/flexTimer1.o
 .ARM.attributes
                0x000007b5       0x39 ./Generated_Code/gpio1.o
 .ARM.attributes
                0x000007ee       0x39 ./Generated_Code/hardware_init.o
 .ARM.attributes
                0x00000827       0x39 ./Generated_Code/osa1.o
 .ARM.attributes
                0x00000860       0x39 ./Generated_Code/pin_mux.o
 .ARM.attributes
                0x00000899       0x39 ./Generated_Code/pit100us.o
 .ARM.attributes
                0x000008d2       0x39 ./Generated_Code/pitTimer1.o
 .ARM.attributes
                0x0000090b       0x22 c:/freescale/kds_3.0.0/toolchain/bin/../lib/gcc/arm-none-eabi/4.8.4/armv7e-m/fpu\libgcc.a(_aeabi_uldivmod.o)
 .ARM.attributes
                0x0000092d       0x34 c:/freescale/kds_3.0.0/toolchain/bin/../lib/gcc/arm-none-eabi/4.8.4/armv7e-m/fpu\libgcc.a(bpabi.o)
 .ARM.attributes
                0x00000961       0x22 c:/freescale/kds_3.0.0/toolchain/bin/../lib/gcc/arm-none-eabi/4.8.4/armv7e-m/fpu\libgcc.a(_dvmd_tls.o)
 .ARM.attributes
                0x00000983       0x34 c:/freescale/kds_3.0.0/toolchain/bin/../lib/gcc/arm-none-eabi/4.8.4/armv7e-m/fpu\libgcc.a(_divdi3.o)
 .ARM.attributes
                0x000009b7       0x34 c:/freescale/kds_3.0.0/toolchain/bin/../lib/gcc/arm-none-eabi/4.8.4/armv7e-m/fpu\libgcc.a(_udivdi3.o)
 .ARM.attributes
                0x000009eb       0x34 c:/freescale/kds_3.0.0/toolchain/bin/../lib/gcc/arm-none-eabi/4.8.4/../../../../arm-none-eabi/lib/armv7e-m/fpu\libg_s.a(lib_a-assert.o)
 .ARM.attributes
                0x00000a1f       0x34 c:/freescale/kds_3.0.0/toolchain/bin/../lib/gcc/arm-none-eabi/4.8.4/../../../../arm-none-eabi/lib/armv7e-m/fpu\libg_s.a(lib_a-exit.o)
 .ARM.attributes
                0x00000a53       0x34 c:/freescale/kds_3.0.0/toolchain/bin/../lib/gcc/arm-none-eabi/4.8.4/../../../../arm-none-eabi/lib/armv7e-m/fpu\libg_s.a(lib_a-fprintf.o)
 .ARM.attributes
                0x00000a87       0x34 c:/freescale/kds_3.0.0/toolchain/bin/../lib/gcc/arm-none-eabi/4.8.4/../../../../arm-none-eabi/lib/armv7e-m/fpu\libg_s.a(lib_a-impure.o)
 .ARM.attributes
                0x00000abb       0x34 c:/freescale/kds_3.0.0/toolchain/bin/../lib/gcc/arm-none-eabi/4.8.4/../../../../arm-none-eabi/lib/armv7e-m/fpu\libg_s.a(lib_a-init.o)
 .ARM.attributes
                0x00000aef       0x34 c:/freescale/kds_3.0.0/toolchain/bin/../lib/gcc/arm-none-eabi/4.8.4/../../../../arm-none-eabi/lib/armv7e-m/fpu\libg_s.a(lib_a-memset.o)
 .ARM.attributes
                0x00000b23       0x34 c:/freescale/kds_3.0.0/toolchain/bin/../lib/gcc/arm-none-eabi/4.8.4/../../../../arm-none-eabi/lib/armv7e-m/fpu\libg_s.a(lib_a-nano-freer.o)
 .ARM.attributes
                0x00000b57       0x34 c:/freescale/kds_3.0.0/toolchain/bin/../lib/gcc/arm-none-eabi/4.8.4/../../../../arm-none-eabi/lib/armv7e-m/fpu\libg_s.a(lib_a-nano-mallocr.o)
 .ARM.attributes
                0x00000b8b       0x34 c:/freescale/kds_3.0.0/toolchain/bin/../lib/gcc/arm-none-eabi/4.8.4/../../../../arm-none-eabi/lib/armv7e-m/fpu\libg_s.a(lib_a-sbrkr.o)
 .ARM.attributes
                0x00000bbf       0x34 c:/freescale/kds_3.0.0/toolchain/bin/../lib/gcc/arm-none-eabi/4.8.4/../../../../arm-none-eabi/lib/armv7e-m/fpu\libg_s.a(lib_a-vfprintf.o)
 .ARM.attributes
                0x00000bf3       0x34 c:/freescale/kds_3.0.0/toolchain/bin/../lib/gcc/arm-none-eabi/4.8.4/../../../../arm-none-eabi/lib/armv7e-m/fpu\libg_s.a(lib_a-vfprintf_i.o)
 .ARM.attributes
                0x00000c27       0x34 c:/freescale/kds_3.0.0/toolchain/bin/../lib/gcc/arm-none-eabi/4.8.4/../../../../arm-none-eabi/lib/armv7e-m/fpu\libg_s.a(lib_a-wbuf.o)
 .ARM.attributes
                0x00000c5b       0x34 c:/freescale/kds_3.0.0/toolchain/bin/../lib/gcc/arm-none-eabi/4.8.4/../../../../arm-none-eabi/lib/armv7e-m/fpu\libg_s.a(lib_a-wsetup.o)
 .ARM.attributes
                0x00000c8f       0x34 c:/freescale/kds_3.0.0/toolchain/bin/../lib/gcc/arm-none-eabi/4.8.4/../../../../arm-none-eabi/lib/armv7e-m/fpu\libg_s.a(lib_a-abort.o)
 .ARM.attributes
                0x00000cc3       0x34 c:/freescale/kds_3.0.0/toolchain/bin/../lib/gcc/arm-none-eabi/4.8.4/../../../../arm-none-eabi/lib/armv7e-m/fpu\libg_s.a(lib_a-fflush.o)
 .ARM.attributes
                0x00000cf7       0x34 c:/freescale/kds_3.0.0/toolchain/bin/../lib/gcc/arm-none-eabi/4.8.4/../../../../arm-none-eabi/lib/armv7e-m/fpu\libg_s.a(lib_a-findfp.o)
 .ARM.attributes
                0x00000d2b       0x34 c:/freescale/kds_3.0.0/toolchain/bin/../lib/gcc/arm-none-eabi/4.8.4/../../../../arm-none-eabi/lib/armv7e-m/fpu\libg_s.a(lib_a-makebuf.o)
 .ARM.attributes
                0x00000d5f       0x34 c:/freescale/kds_3.0.0/toolchain/bin/../lib/gcc/arm-none-eabi/4.8.4/../../../../arm-none-eabi/lib/armv7e-m/fpu\libg_s.a(lib_a-memchr-stub.o)
 .ARM.attributes
                0x00000d93       0x34 c:/freescale/kds_3.0.0/toolchain/bin/../lib/gcc/arm-none-eabi/4.8.4/../../../../arm-none-eabi/lib/armv7e-m/fpu\libg_s.a(lib_a-reent.o)
 .ARM.attributes