Archive member included because of file (symbol)

c:/freescale/kds_3.0.0/toolchain/bin/../lib/gcc/arm-none-eabi/4.8.4/armv7e-m/fpu\libgcc.a(_aeabi_uldivmod.o)
                              ./SDK/platform/drivers/src/pit/fsl_pit_driver.o (__aeabi_uldivmod)
c:/freescale/kds_3.0.0/toolchain/bin/../lib/gcc/arm-none-eabi/4.8.4/armv7e-m/fpu\libgcc.a(bpabi.o)
                              c:/freescale/kds_3.0.0/toolchain/bin/../lib/gcc/arm-none-eabi/4.8.4/armv7e-m/fpu\libgcc.a(_aeabi_uldivmod.o) (__gnu_uldivmod_helper)
c:/freescale/kds_3.0.0/toolchain/bin/../lib/gcc/arm-none-eabi/4.8.4/armv7e-m/fpu\libgcc.a(_dvmd_tls.o)
                              c:/freescale/kds_3.0.0/toolchain/bin/../lib/gcc/arm-none-eabi/4.8.4/armv7e-m/fpu\libgcc.a(_aeabi_uldivmod.o) (__aeabi_ldiv0)
c:/freescale/kds_3.0.0/toolchain/bin/../lib/gcc/arm-none-eabi/4.8.4/armv7e-m/fpu\libgcc.a(_divdi3.o)
                              c:/freescale/kds_3.0.0/toolchain/bin/../lib/gcc/arm-none-eabi/4.8.4/armv7e-m/fpu\libgcc.a(bpabi.o) (__divdi3)
c:/freescale/kds_3.0.0/toolchain/bin/../lib/gcc/arm-none-eabi/4.8.4/armv7e-m/fpu\libgcc.a(_udivdi3.o)
                              c:/freescale/kds_3.0.0/toolchain/bin/../lib/gcc/arm-none-eabi/4.8.4/armv7e-m/fpu\libgcc.a(bpabi.o) (__udivdi3)
c:/freescale/kds_3.0.0/toolchain/bin/../lib/gcc/arm-none-eabi/4.8.4/../../../../arm-none-eabi/lib/armv7e-m/fpu\libg_s.a(lib_a-assert.o)
                              ./Sources/Events.o (__assert_func)
c:/freescale/kds_3.0.0/toolchain/bin/../lib/gcc/arm-none-eabi/4.8.4/../../../../arm-none-eabi/lib/armv7e-m/fpu\libg_s.a(lib_a-calloc.o)
                              ./SDK/platform/osa/src/fsl_os_abstraction_bm.o (calloc)
c:/freescale/kds_3.0.0/toolchain/bin/../lib/gcc/arm-none-eabi/4.8.4/../../../../arm-none-eabi/lib/armv7e-m/fpu\libg_s.a(lib_a-exit.o)
                              c:/freescale/kds_3.0.0/toolchain/bin/../lib/gcc/arm-none-eabi/4.8.4/../../../../arm-none-eabi/lib/armv7e-m/fpu/crt0.o (exit)
c:/freescale/kds_3.0.0/toolchain/bin/../lib/gcc/arm-none-eabi/4.8.4/../../../../arm-none-eabi/lib/armv7e-m/fpu\libg_s.a(lib_a-fprintf.o)
                              c:/freescale/kds_3.0.0/toolchain/bin/../lib/gcc/arm-none-eabi/4.8.4/../../../../arm-none-eabi/lib/armv7e-m/fpu\libg_s.a(lib_a-assert.o) (fiprintf)
c:/freescale/kds_3.0.0/toolchain/bin/../lib/gcc/arm-none-eabi/4.8.4/../../../../arm-none-eabi/lib/armv7e-m/fpu\libg_s.a(lib_a-impure.o)
                              c:/freescale/kds_3.0.0/toolchain/bin/../lib/gcc/arm-none-eabi/4.8.4/../../../../arm-none-eabi/lib/armv7e-m/fpu\libg_s.a(lib_a-exit.o) (_global_impure_ptr)
c:/freescale/kds_3.0.0/toolchain/bin/../lib/gcc/arm-none-eabi/4.8.4/../../../../arm-none-eabi/lib/armv7e-m/fpu\libg_s.a(lib_a-init.o)
                              c:/freescale/kds_3.0.0/toolchain/bin/../lib/gcc/arm-none-eabi/4.8.4/../../../../arm-none-eabi/lib/armv7e-m/fpu/crt0.o (__libc_init_array)
c:/freescale/kds_3.0.0/toolchain/bin/../lib/gcc/arm-none-eabi/4.8.4/../../../../arm-none-eabi/lib/armv7e-m/fpu\libg_s.a(lib_a-malloc.o)
                              ./SDK/platform/osa/src/fsl_os_abstraction_bm.o (malloc)
c:/freescale/kds_3.0.0/toolchain/bin/../lib/gcc/arm-none-eabi/4.8.4/../../../../arm-none-eabi/lib/armv7e-m/fpu\libg_s.a(lib_a-memset.o)
                              c:/freescale/kds_3.0.0/toolchain/bin/../lib/gcc/arm-none-eabi/4.8.4/../../../../arm-none-eabi/lib/armv7e-m/fpu/crt0.o (memset)
c:/freescale/kds_3.0.0/toolchain/bin/../lib/gcc/arm-none-eabi/4.8.4/../../../../arm-none-eabi/lib/armv7e-m/fpu\libg_s.a(lib_a-nano-callocr.o)
                              c:/freescale/kds_3.0.0/toolchain/bin/../lib/gcc/arm-none-eabi/4.8.4/../../../../arm-none-eabi/lib/armv7e-m/fpu\libg_s.a(lib_a-calloc.o) (_calloc_r)
c:/freescale/kds_3.0.0/toolchain/bin/../lib/gcc/arm-none-eabi/4.8.4/../../../../arm-none-eabi/lib/armv7e-m/fpu\libg_s.a(lib_a-nano-freer.o)
                              c:/freescale/kds_3.0.0/toolchain/bin/../lib/gcc/arm-none-eabi/4.8.4/../../../../arm-none-eabi/lib/armv7e-m/fpu\libg_s.a(lib_a-malloc.o) (_free_r)
c:/freescale/kds_3.0.0/toolchain/bin/../lib/gcc/arm-none-eabi/4.8.4/../../../../arm-none-eabi/lib/armv7e-m/fpu\libg_s.a(lib_a-nano-mallocr.o)
                              c:/freescale/kds_3.0.0/toolchain/bin/../lib/gcc/arm-none-eabi/4.8.4/../../../../arm-none-eabi/lib/armv7e-m/fpu\libg_s.a(lib_a-malloc.o) (_malloc_r)
c:/freescale/kds_3.0.0/toolchain/bin/../lib/gcc/arm-none-eabi/4.8.4/../../../../arm-none-eabi/lib/armv7e-m/fpu\libg_s.a(lib_a-sbrkr.o)
                              c:/freescale/kds_3.0.0/toolchain/bin/../lib/gcc/arm-none-eabi/4.8.4/../../../../arm-none-eabi/lib/armv7e-m/fpu\libg_s.a(lib_a-nano-mallocr.o) (_sbrk_r)
c:/freescale/kds_3.0.0/toolchain/bin/../lib/gcc/arm-none-eabi/4.8.4/../../../../arm-none-eabi/lib/armv7e-m/fpu\libg_s.a(lib_a-vfprintf.o)
[...]
Memory Configuration

Name             Origin             Length             Attributes
m_interrupts     0x00000000         0x00000400         xr
m_flash_config   0x00000400         0x00000010         xr
m_interrupts_ram 0x1fff0000         0x00000400         rw
m_text           0x00000410         0x000ffbf0         xr
m_data           0x1fff0400         0x0000fc00         rw
m_data_2         0x20000000         0x00030000         rw
*default*        0x00000000         0xffffffff

Linker script and memory map

LOAD c:/freescale/kds_3.0.0/toolchain/bin/../lib/gcc/arm-none-eabi/4.8.4/armv7e-m/fpu/crti.o
LOAD c:/freescale/kds_3.0.0/toolchain/bin/../lib/gcc/arm-none-eabi/4.8.4/armv7e-m/fpu/crtbegin.o
LOAD c:/freescale/kds_3.0.0/toolchain/bin/../lib/gcc/arm-none-eabi/4.8.4/../../../../arm-none-eabi/lib/armv7e-m/fpu/crt0.o
LOAD ./Static_Code/System/PE_low_level_init.o
LOAD ./Sources/Events.o
LOAD ./Sources/NRF24L01_DRIVER.o
LOAD ./Sources/Serial_Driver.o
LOAD ./Sources/main.o
LOAD ./SDK/platform/system/src/interrupt/fsl_interrupt_manager.o
LOAD ./SDK/platform/system/src/clock/MK64F12/fsl_clock_MK64F12.o
LOAD ./SDK/platform/system/src/clock/fsl_clock_manager.o
LOAD ./SDK/platform/system/src/clock/fsl_clock_manager_common.o
LOAD ./SDK/platform/osa/src/fsl_os_abstraction_bm.o
LOAD ./SDK/platform/hal/src/uart/fsl_uart_hal.o
LOAD ./SDK/platform/hal/src/sim/MK64F12/fsl_sim_hal_MK64F12.o
LOAD ./SDK/platform/hal/src/rtc/fsl_rtc_hal.o
LOAD ./SDK/platform/hal/src/port/fsl_port_hal.o
LOAD ./SDK/platform/hal/src/pit/fsl_pit_hal.o
LOAD ./SDK/platform/hal/src/osc/fsl_osc_hal.o
LOAD ./SDK/platform/hal/src/mcg/fsl_mcg_hal.o
LOAD ./SDK/platform/hal/src/mcg/fsl_mcg_hal_modes.o
LOAD ./SDK/platform/hal/src/gpio/fsl_gpio_hal.o
LOAD ./SDK/platform/hal/src/ftm/fsl_ftm_hal.o
LOAD ./SDK/platform/hal/src/dspi/fsl_dspi_hal.o
LOAD ./SDK/platform/hal/src/adc16/fsl_adc16_hal.o
LOAD ./SDK/platform/drivers/src/uart/fsl_uart_common.o
LOAD ./SDK/platform/drivers/src/uart/fsl_uart_driver.o
LOAD ./SDK/platform/drivers/src/rtc/fsl_rtc_common.o
LOAD ./SDK/platform/drivers/src/pit/fsl_pit_common.o
LOAD ./SDK/platform/drivers/src/pit/fsl_pit_driver.o
LOAD ./SDK/platform/drivers/src/gpio/fsl_gpio_common.o
LOAD ./SDK/platform/drivers/src/gpio/fsl_gpio_driver.o
LOAD ./SDK/platform/drivers/src/ftm/fsl_ftm_common.o
LOAD ./SDK/platform/drivers/src/ftm/fsl_ftm_driver.o
LOAD ./SDK/platform/drivers/src/dspi/fsl_dspi_common.o
LOAD ./SDK/platform/drivers/src/dspi/fsl_dspi_master_driver.o
LOAD ./SDK/platform/drivers/src/dspi/fsl_dspi_shared_function.o
LOAD ./SDK/platform/drivers/src/dspi/fsl_dspi_slave_driver.o
LOAD ./SDK/platform/drivers/src/adc16/fsl_adc16_common.o
LOAD ./SDK/platform/drivers/src/adc16/fsl_adc16_driver.o
LOAD ./SDK/platform/devices/MK64F12/startup/gcc/startup_MK64F12.o
LOAD ./SDK/platform/devices/MK64F12/startup/system_MK64F12.o
LOAD ./SDK/platform/devices/startup.o
LOAD ./Generated_Code/Cpu.o
LOAD ./Generated_Code/SERIAL1.o
LOAD ./Generated_Code/adConv1.o
LOAD ./Generated_Code/adConv2.o
LOAD ./Generated_Code/clockMan1.o
LOAD ./Generated_Code/dspiCom1.o
LOAD ./Generated_Code/flexTimer1.o
LOAD ./Generated_Code/gpio1.o
LOAD ./Generated_Code/hardware_init.o
LOAD ./Generated_Code/osa1.o
LOAD ./Generated_Code/pin_mux.o
LOAD ./Generated_Code/pit100us.o
LOAD ./Generated_Code/pitTimer1.o
LOAD c:/freescale/kds_3.0.0/toolchain/bin/../lib/gcc/arm-none-eabi/4.8.4/../../../../arm-none-eabi/lib/armv7e-m/fpu\libstdc++_s.a
LOAD c:/freescale/kds_3.0.0/toolchain/bin/../lib/gcc/arm-none-eabi/4.8.4/../../../../arm-none-eabi/lib/armv7e-m/fpu\libm.a
START GROUP
LOAD c:/freescale/kds_3.0.0/toolchain/bin/../lib/gcc/arm-none-eabi/4.8.4/armv7e-m/fpu\libgcc.a
LOAD c:/freescale/kds_3.0.0/toolchain/bin/../lib/gcc/arm-none-eabi/4.8.4/../../../../arm-none-eabi/lib/armv7e-m/fpu\libg_s.a
LOAD c:/freescale/kds_3.0.0/toolchain/bin/../lib/gcc/arm-none-eabi/4.8.4/../../../../arm-none-eabi/lib/armv7e-m/fpu\libc_s.a
END GROUP
START GROUP
LOAD c:/freescale/kds_3.0.0/toolchain/bin/../lib/gcc/arm-none-eabi/4.8.4/armv7e-m/fpu\libgcc.a
LOAD c:/freescale/kds_3.0.0/toolchain/bin/../lib/gcc/arm-none-eabi/4.8.4/../../../../arm-none-eabi/lib/armv7e-m/fpu\libc_s.a
LOAD c:/freescale/kds_3.0.0/toolchain/bin/../lib/gcc/arm-none-eabi/4.8.4/../../../../arm-none-eabi/lib/armv7e-m/fpu\libnosys.a
END GROUP
START GROUP
LOAD c:/freescale/kds_3.0.0/toolchain/bin/../lib/gcc/arm-none-eabi/4.8.4/armv7e-m/fpu\libgcc.a
LOAD c:/freescale/kds_3.0.0/toolchain/bin/../lib/gcc/arm-none-eabi/4.8.4/../../../../arm-none-eabi/lib/armv7e-m/fpu\libc_s.a
LOAD c:/freescale/kds_3.0.0/toolchain/bin/../lib/gcc/arm-none-eabi/4.8.4/../../../../arm-none-eabi/lib/armv7e-m/fpu\libnosys.a
END GROUP
LOAD c:/freescale/kds_3.0.0/toolchain/bin/../lib/gcc/arm-none-eabi/4.8.4/armv7e-m/fpu/crtend.o
LOAD c:/freescale/kds_3.0.0/toolchain/bin/../lib/gcc/arm-none-eabi/4.8.4/armv7e-m/fpu/crtn.o
                0x00000000                HEAP_SIZE = DEFINED (__heap_size__)?__heap_size__:0x0
                0x00000400                STACK_SIZE = DEFINED (__stack_size__)?__stack_size__:0x400

.interrupts     0x00000000      0x400
                0x00000000                __VECTOR_TABLE = .
                0x00000000                . = ALIGN (0x4)
 *(.isr_vector)
 .isr_vector    0x00000000      0x400 ./SDK/platform/devices/MK64F12/startup/gcc/startup_MK64F12.o
                0x00000000                __isr_vector
                0x00000400                . = ALIGN (0x4)
                0x1fff0000                __VECTOR_RAM = ORIGIN (m_interrupts_ram)

.flash_config   0x00000400       0x10
                0x00000400                . = ALIGN (0x4)
 *(.FlashConfig)
 .FlashConfig   0x00000400       0x10 ./SDK/platform/devices/MK64F12/startup/gcc/startup_MK64F12.o
                0x00000410                . = ALIGN (0x4)

.text           0x00000410     0x8d78
                0x00000410                . = ALIGN (0x4)
 *(.text)
 .text          0x00000410       0x54 c:/freescale/kds_3.0.0/toolchain/bin/../lib/gcc/arm-none-eabi/4.8.4/armv7e-m/fpu/crtbegin.o
 .text          0x00000464       0x74 c:/freescale/kds_3.0.0/toolchain/bin/../lib/gcc/arm-none-eabi/4.8.4/../../../../arm-none-eabi/lib/armv7e-m/fpu/crt0.o
                0x00000464                _start
                0x00000464                _mainCRTStartup
 .text          0x000004d8       0x14 ./SDK/platform/devices/MK64F12/startup/gcc/startup_MK64F12.o
                0x000004d8                Reset_Handler
                0x000004e8                DebugMon_Handler
                0x000004e8                I2C0_IRQHandler
                0x000004e8                HardFault_Handler
                0x000004e8                UART3_RX_TX_IRQHandler
                0x000004e8                PendSV_Handler
                0x000004e8                NMI_Handler
                0x000004e8                UART0_RX_TX_IRQHandler
                0x000004e8                I2C1_IRQHandler
                0x000004e8                DMA2_IRQHandler
                0x000004e8                ENET_Error_IRQHandler
                0x000004e8                CAN0_Tx_Warning_IRQHandler
                0x000004e8                CAN0_ORed_Message_buffer_IRQHandler
                0x000004e8                CMP2_IRQHandler
                0x000004e8                LLWU_IRQHandler
                0x000004e8                ENET_Receive_IRQHandler
                0x000004e8                ENET_1588_Timer_IRQHandler
                0x000004e8                UART2_RX_TX_IRQHandler
                0x000004e8                SWI_IRQHandler
                0x000004e8                ADC0_IRQHandler
                0x000004e8                UsageFault_Handler
                0x000004e8                I2S0_Tx_IRQHandler
                0x000004e8                CMT_IRQHandler
                0x000004e8                UART4_RX_TX_IRQHandler
                0x000004e8                DefaultISR
                0x000004e8                DMA9_IRQHandler
                0x000004e8                DMA14_IRQHandler
                0x000004e8                CMP1_IRQHandler
                0x000004e8                Reserved71_IRQHandler
                0x000004e8                UART4_ERR_IRQHandler
                0x000004e8                ADC1_IRQHandler
                0x000004e8                I2C2_IRQHandler
                0x000004e8                PIT2_IRQHandler
                0x000004e8                I2S0_Rx_IRQHandler
                0x000004e8                DMA5_IRQHandler
                0x000004e8                RTC_IRQHandler
                0x000004e8                PDB0_IRQHandler
                0x000004e8                CAN0_Rx_Warning_IRQHandler
                0x000004e8                FTM1_IRQHandler
                0x000004e8                UART5_RX_TX_IRQHandler
                0x000004e8                UART3_ERR_IRQHandler
                0x000004e8                PIT3_IRQHandler
                0x000004e8                SDHC_IRQHandler
                0x000004e8                RTC_Seconds_IRQHandler
                0x000004e8                MCG_IRQHandler
                0x000004e8                FTFE_IRQHandler
                0x000004e8                UART2_ERR_IRQHandler
                0x000004e8                DMA11_IRQHandler
                0x000004e8                UART5_ERR_IRQHandler
                0x000004e8                Read_Collision_IRQHandler
                0x000004e8                DMA7_IRQHandler
                0x000004e8                ENET_Transmit_IRQHandler
                0x000004e8                USBDCD_IRQHandler
                0x000004e8                USB0_IRQHandler
                0x000004e8                SPI2_IRQHandler
                0x000004e8                WDOG_EWM_IRQHandler
                0x000004e8                MemManage_Handler
                0x000004e8                SVC_Handler
                0x000004e8                DMA13_IRQHandler
                0x000004e8                DMA3_IRQHandler
                0x000004e8                UART0_LON_IRQHandler
                0x000004e8                RNG_IRQHandler
                0x000004e8                DMA0_IRQHandler
                0x000004e8                DMA15_IRQHandler
                0x000004e8                DAC0_IRQHandler
                0x000004e8                CAN0_Error_IRQHandler
                0x000004e8                DMA4_IRQHandler
                0x000004e8                UART0_ERR_IRQHandler
                0x000004e8                DMA_Error_IRQHandler
                0x000004e8                LVD_LVW_IRQHandler
                0x000004e8                SPI0_IRQHandler
                0x000004e8                DAC1_IRQHandler
                0x000004e8                MCM_IRQHandler
                0x000004e8                DMA12_IRQHandler
                0x000004e8                CAN0_Bus_Off_IRQHandler
                0x000004e8                FTM3_IRQHandler
                0x000004e8                FTM2_IRQHandler
                0x000004e8                LPTMR0_IRQHandler
                0x000004e8                BusFault_Handler
                0x000004e8                DMA8_IRQHandler
                0x000004e8                DMA10_IRQHandler
                0x000004e8                CAN0_Wake_Up_IRQHandler
                0x000004e8                UART1_ERR_IRQHandler
                0x000004e8                CMP0_IRQHandler
                0x000004e8                DMA6_IRQHandler
                0x000004e8                DMA1_IRQHandler
 .text          0x000004ec       0x2c c:/freescale/kds_3.0.0/toolchain/bin/../lib/gcc/arm-none-eabi/4.8.4/armv7e-m/fpu\libgcc.a(_aeabi_uldivmod.o)
                0x000004ec                __aeabi_uldivmod
 .text          0x00000518       0x60 c:/freescale/kds_3.0.0/toolchain/bin/../lib/gcc/arm-none-eabi/4.8.4/armv7e-m/fpu\libgcc.a(bpabi.o)
                0x00000518                __gnu_ldivmod_helper
                0x00000548                __gnu_uldivmod_helper
 .text          0x00000578        0x4 c:/freescale/kds_3.0.0/toolchain/bin/../lib/gcc/arm-none-eabi/4.8.4/armv7e-m/fpu\libgcc.a(_dvmd_tls.o)
                0x00000578                __aeabi_idiv0
                0x00000578                __aeabi_ldiv0
 .text          0x0000057c      0x298 c:/freescale/kds_3.0.0/toolchain/bin/../lib/gcc/arm-none-eabi/4.8.4/armv7e-m/fpu\libgcc.a(_divdi3.o)
                0x0000057c                __divdi3
 .text          0x00000814      0x284 c:/freescale/kds_3.0.0/toolchain/bin/../lib/gcc/arm-none-eabi/4.8.4/armv7e-m/fpu\libgcc.a(_udivdi3.o)
                0x00000814                __udivdi3
 *(.text*)
 .text.PEX_components_init
                0x00000a98        0xc ./Static_Code/System/PE_low_level_init.o
                0x00000a98                PEX_components_init
 .text.PE_low_level_init
                0x00000aa4       0x14 ./Static_Code/System/PE_low_level_init.o
                0x00000aa4                PE_low_level_init
 .text.PORT_HAL_ClearPortIntFlag
                0x00000ab8       0x1c ./Sources/Events.o
 .text.PIT_HAL_ClearIntFlag
                0x00000ad4       0x40 ./Sources/Events.o
 .text.Delay_ms
                0x00000b14       0x4c ./Sources/Events.o
                0x00000b14                Delay_ms
 .text.GetSetInterruptFlag
                0x00000b60       0x4c ./Sources/Events.o
                0x00000b60                GetSetInterruptFlag
 .text.PORTA_IRQHandler
                0x00000bac       0x1c ./Sources/Events.o
                0x00000bac                PORTA_IRQHandler
 .text.PORTB_IRQHandler
                0x00000bc8       0x1c ./Sources/Events.o
                0x00000bc8                PORTB_IRQHandler
 .text.PORTC_IRQHandler
                0x00000be4       0x1c ./Sources/Events.o
                0x00000be4                PORTC_IRQHandler
 .text.PORTD_IRQHandler
                0x00000c00       0x1c ./Sources/Events.o
                0x00000c00                PORTD_IRQHandler
 .text.PORTE_IRQHandler
                0x00000c1c       0x1c ./Sources/Events.o
                0x00000c1c                PORTE_IRQHandler
 .text.PIT0_IRQHandler
                0x00000c38       0x28 ./Sources/Events.o
                0x00000c38                PIT0_IRQHandler
 .text.FTM0_IRQHandler
                0x00000c60        0xc ./Sources/Events.o
                0x00000c60                FTM0_IRQHandler
 .text.SPI1_IRQHandler
                0x00000c6c        0xc ./Sources/Events.o
                0x00000c6c                SPI1_IRQHandler
 .text.PIT1_IRQHandler
                0x00000c78       0x28 ./Sources/Events.o
                0x00000c78                PIT1_IRQHandler
 .text.Clear_NRF_Int_Flags
                0x00000ca0       0x3c ./Sources/NRF24L01_DRIVER.o
                0x00000ca0                Clear_NRF_Int_Flags
 .text.Set_NRF24L_Rx_Mode
                0x00000cdc       0x64 ./Sources/NRF24L01_DRIVER.o
                0x00000cdc                Set_NRF24L_Rx_Mode
 .text.Set_NRF24L_Tx_Mode
                0x00000d40       0x5c ./Sources/NRF24L01_DRIVER.o
                0x00000d40                Set_NRF24L_Tx_Mode
 .text.Init_NRF24L_Reciever
                0x00000d9c      0x11c ./Sources/NRF24L01_DRIVER.o
                0x00000d9c                Init_NRF24L_Reciever
 .text.Write_Reg_Varified
                0x00000eb8       0x5c ./Sources/NRF24L01_DRIVER.o
                0x00000eb8                Write_Reg_Varified
 .text.Read_Register
                0x00000f14       0x84 ./Sources/NRF24L01_DRIVER.o
                0x00000f14                Read_Register
 .text.Write_Register
                0x00000f98       0xbc ./Sources/NRF24L01_DRIVER.o
                0x00000f98                Write_Register
 .text.Read_Status
                0x00001054       0x2c ./Sources/NRF24L01_DRIVER.o
                0x00001054                Read_Status
 .text.ReadPayload
                0x00001080       0x7c ./Sources/NRF24L01_DRIVER.o
                0x00001080                ReadPayload
 .text.SendNewPayload
                0x000010fc       0xb8 ./Sources/NRF24L01_DRIVER.o
                0x000010fc                SendNewPayload
 .text.Flush_Tx
                0x000011b4       0x40 ./Sources/NRF24L01_DRIVER.o
                0x000011b4                Flush_Tx
 .text.Flush_Rx
                0x000011f4       0x40 ./Sources/NRF24L01_DRIVER.o
                0x000011f4                Flush_Rx
 .text.Get_Analog_Values
                0x00001234       0x5c ./Sources/main.o
                0x00001234                Get_Analog_Values
 .text.main     0x00001290      0x1d0 ./Sources/main.o
                0x00001290                main
 .text.INT_SYS_EnableIRQGlobal
                0x00001460       0x30 ./SDK/platform/system/src/interrupt/fsl_interrupt_manager.o
                0x00001460                INT_SYS_EnableIRQGlobal
 .text.INT_SYS_DisableIRQGlobal
                0x00001490       0x1c ./SDK/platform/system/src/interrupt/fsl_interrupt_manager.o
                0x00001490                INT_SYS_DisableIRQGlobal
 .text.SIM_HAL_EnableClock
                0x000014ac       0x3c ./SDK/platform/system/src/clock/MK64F12/fsl_clock_MK64F12.o
 .text.CLOCK_HAL_GetOutDiv1
                0x000014e8       0x24 ./SDK/platform/system/src/clock/MK64F12/fsl_clock_MK64F12.o
 .text.CLOCK_HAL_GetOutDiv2
                0x0000150c       0x28 ./SDK/platform/system/src/clock/MK64F12/fsl_clock_MK64F12.o
 .text.CLOCK_SYS_GetCoreClockFreq
                0x00001534       0x28 ./SDK/platform/system/src/clock/MK64F12/fsl_clock_MK64F12.o
                0x00001534                CLOCK_SYS_GetCoreClockFreq
 .text.CLOCK_SYS_GetSystemClockFreq
                0x0000155c       0x28 ./SDK/platform/system/src/clock/MK64F12/fsl_clock_MK64F12.o
                0x0000155c                CLOCK_SYS_GetSystemClockFreq
 .text.CLOCK_SYS_GetBusClockFreq
                0x00001584       0x28 ./SDK/platform/system/src/clock/MK64F12/fsl_clock_MK64F12.o
                0x00001584                CLOCK_SYS_GetBusClockFreq
 .text.CLOCK_SYS_GetUartFreq
                0x000015ac       0x4c ./SDK/platform/system/src/clock/MK64F12/fsl_clock_MK64F12.o
                0x000015ac                CLOCK_SYS_GetUartFreq
 .text.CLOCK_SYS_GetFtmExternalFreq
                0x000015f8       0x34 ./SDK/platform/system/src/clock/MK64F12/fsl_clock_MK64F12.o
                0x000015f8                CLOCK_SYS_GetFtmExternalFreq
 .text.CLOCK_SYS_EnablePortClock
                0x0000162c       0x48 ./SDK/platform/system/src/clock/MK64F12/fsl_clock_MK64F12.o
                0x0000162c                CLOCK_SYS_EnablePortClock
 .text.CLOCK_SYS_EnableAdcClock
                0x00001674       0x48 ./SDK/platform/system/src/clock/MK64F12/fsl_clock_MK64F12.o
                0x00001674                CLOCK_SYS_EnableAdcClock
 .text.CLOCK_SYS_EnableFtmClock
                0x000016bc       0x48 ./SDK/platform/system/src/clock/MK64F12/fsl_clock_MK64F12.o
                0x000016bc                CLOCK_SYS_EnableFtmClock
 .text.CLOCK_SYS_EnableSpiClock
                0x00001704       0x48 ./SDK/platform/system/src/clock/MK64F12/fsl_clock_MK64F12.o
                0x00001704                CLOCK_SYS_EnableSpiClock
 .text.CLOCK_SYS_EnableUartClock
                0x0000174c       0x48 ./SDK/platform/system/src/clock/MK64F12/fsl_clock_MK64F12.o
                0x0000174c                CLOCK_SYS_EnableUartClock
 .text.OSA_SemaCreate
                0x00001794       0x4c ./SDK/platform/osa/src/fsl_os_abstraction_bm.o
                0x00001794                OSA_SemaCreate
 .text.OSA_SemaWait
                0x000017e0       0xc4 ./SDK/platform/osa/src/fsl_os_abstraction_bm.o
                0x000017e0                OSA_SemaWait
 .text.OSA_SemaPost
                0x000018a4       0x54 ./SDK/platform/osa/src/fsl_os_abstraction_bm.o
                0x000018a4                OSA_SemaPost
 .text.OSA_EventSet
                0x000018f8       0x48 ./SDK/platform/osa/src/fsl_os_abstraction_bm.o
                0x000018f8                OSA_EventSet
 .text.task_init
                0x00001940       0x64 ./SDK/platform/osa/src/fsl_os_abstraction_bm.o
                0x00001940                task_init
 .text.OSA_Init
                0x000019a4       0x14 ./SDK/platform/osa/src/fsl_os_abstraction_bm.o
                0x000019a4                OSA_Init
 .text.UART_HAL_Init
                0x000019b8       0x74 ./SDK/platform/hal/src/uart/fsl_uart_hal.o
                0x000019b8                UART_HAL_Init
 .text.UART_HAL_SetBaudRate
                0x00001a2c       0xa0 ./SDK/platform/hal/src/uart/fsl_uart_hal.o
                0x00001a2c                UART_HAL_SetBaudRate
 .text.UART_HAL_SetParityMode
                0x00001acc       0x40 ./SDK/platform/hal/src/uart/fsl_uart_hal.o
                0x00001acc                UART_HAL_SetParityMode
 .text.UART_HAL_Putchar
                0x00001b0c       0x28 ./SDK/platform/hal/src/uart/fsl_uart_hal.o
                0x00001b0c                UART_HAL_Putchar
 .text.UART_HAL_Getchar
                0x00001b34       0x2c ./SDK/platform/hal/src/uart/fsl_uart_hal.o
                0x00001b34                UART_HAL_Getchar
 .text.UART_HAL_SetIntMode
                0x00001b60      0x114 ./SDK/platform/hal/src/uart/fsl_uart_hal.o
                0x00001b60                UART_HAL_SetIntMode
 .text.UART_HAL_GetStatusFlag
                0x00001c74       0xb8 ./SDK/platform/hal/src/uart/fsl_uart_hal.o
                0x00001c74                UART_HAL_GetStatusFlag
 .text.UART_HAL_ClearStatusFlag
                0x00001d2c       0xb0 ./SDK/platform/hal/src/uart/fsl_uart_hal.o
                0x00001d2c                UART_HAL_ClearStatusFlag
 .text.UART_HAL_SetTxFifoCmd
                0x00001ddc       0x5c ./SDK/platform/hal/src/uart/fsl_uart_hal.o
                0x00001ddc                UART_HAL_SetTxFifoCmd
 .text.UART_HAL_SetRxFifoCmd
                0x00001e38       0x5c ./SDK/platform/hal/src/uart/fsl_uart_hal.o
                0x00001e38                UART_HAL_SetRxFifoCmd
 .text.UART_HAL_FlushTxFifo
                0x00001e94       0x40 ./SDK/platform/hal/src/uart/fsl_uart_hal.o
                0x00001e94                UART_HAL_FlushTxFifo
 .text.UART_HAL_FlushRxFifo
                0x00001ed4       0x40 ./SDK/platform/hal/src/uart/fsl_uart_hal.o
                0x00001ed4                UART_HAL_FlushRxFifo
 .text.UART_HAL_SetTxFifoWatermark
                0x00001f14       0x38 ./SDK/platform/hal/src/uart/fsl_uart_hal.o
                0x00001f14                UART_HAL_SetTxFifoWatermark
 .text.UART_HAL_SetRxFifoWatermark
                0x00001f4c       0x38 ./SDK/platform/hal/src/uart/fsl_uart_hal.o
                0x00001f4c                UART_HAL_SetRxFifoWatermark
 .text.SIM_HAL_GetFtmExternalClkPinMode
                0x00001f84       0xb0 ./SDK/platform/hal/src/sim/MK64F12/fsl_sim_hal_MK64F12.o
                0x00001f84                SIM_HAL_GetFtmExternalClkPinMode
 .text.CLOCK_HAL_GetClkOutStat
                0x00002034       0x24 ./SDK/platform/hal/src/mcg/fsl_mcg_hal.o
 .text.CLOCK_HAL_IsPllSelected
                0x00002058       0x30 ./SDK/platform/hal/src/mcg/fsl_mcg_hal.o
 .text.CLOCK_HAL_TestOscFreq
                0x00002088       0x50 ./SDK/platform/hal/src/mcg/fsl_mcg_hal.o
                0x00002088                CLOCK_HAL_TestOscFreq
 .text.CLOCK_HAL_GetMcgExternalClkFreq
                0x000020d8       0x28 ./SDK/platform/hal/src/mcg/fsl_mcg_hal.o
 .text.CLOCK_HAL_TestFllExternalRefFreq
                0x00002100       0x90 ./SDK/platform/hal/src/mcg/fsl_mcg_hal.o
                0x00002100                CLOCK_HAL_TestFllExternalRefFreq
 .text.CLOCK_HAL_GetFllRefClk
                0x00002190       0x74 ./SDK/platform/hal/src/mcg/fsl_mcg_hal.o
                0x00002190                CLOCK_HAL_GetFllRefClk
 .text.CLOCK_HAL_TestFllFreq
                0x00002204       0x5c ./SDK/platform/hal/src/mcg/fsl_mcg_hal.o
                0x00002204                CLOCK_HAL_TestFllFreq
 .text.CLOCK_HAL_GetFllClk
                0x00002260       0x60 ./SDK/platform/hal/src/mcg/fsl_mcg_hal.o
                0x00002260                CLOCK_HAL_GetFllClk
 .text.CLOCK_HAL_GetPll0RefFreq
                0x000022c0       0x18 ./SDK/platform/hal/src/mcg/fsl_mcg_hal.o
                0x000022c0                CLOCK_HAL_GetPll0RefFreq
 .text.CLOCK_HAL_GetPll0Clk
                0x000022d8       0x7c ./SDK/platform/hal/src/mcg/fsl_mcg_hal.o
                0x000022d8                CLOCK_HAL_GetPll0Clk
 .text.CLOCK_HAL_GetInternalRefClk
                0x00002354       0x64 ./SDK/platform/hal/src/mcg/fsl_mcg_hal.o
                0x00002354                CLOCK_HAL_GetInternalRefClk
 .text.CLOCK_HAL_GetFixedFreqClk
                0x000023b8       0x34 ./SDK/platform/hal/src/mcg/fsl_mcg_hal.o
                0x000023b8                CLOCK_HAL_GetFixedFreqClk
 .text.CLOCK_HAL_GetOutClk
                0x000023ec       0x68 ./SDK/platform/hal/src/mcg/fsl_mcg_hal.o
                0x000023ec                CLOCK_HAL_GetOutClk
 .text.GPIO_HAL_SetPinDir
                0x00002454       0x60 ./SDK/platform/hal/src/gpio/fsl_gpio_hal.o
                0x00002454                GPIO_HAL_SetPinDir
 .text.GPIO_HAL_WritePinOutput
                0x000024b4       0x4c ./SDK/platform/hal/src/gpio/fsl_gpio_hal.o
                0x000024b4                GPIO_HAL_WritePinOutput
 .text.FTM_HAL_SetClockPs
                0x00002500       0x2c ./SDK/platform/hal/src/ftm/fsl_ftm_hal.o
 .text.FTM_HAL_SetCpwms
                0x0000252c       0x40 ./SDK/platform/hal/src/ftm/fsl_ftm_hal.o
 .text.FTM_HAL_SetChnMSnBAMode
                0x0000256c       0x78 ./SDK/platform/hal/src/ftm/fsl_ftm_hal.o
 .text.FTM_HAL_SetChnEdgeLevel
                0x000025e4       0x84 ./SDK/platform/hal/src/ftm/fsl_ftm_hal.o
 .text.FTM_HAL_Enable
                0x00002668       0x4c ./SDK/platform/hal/src/ftm/fsl_ftm_hal.o
 .text.FTM_HAL_SetOutmaskPwmSyncModeCmd
                0x000026b4       0x28 ./SDK/platform/hal/src/ftm/fsl_ftm_hal.o
 .text.FTM_HAL_SetDualChnPwmSyncCmd
                0x000026dc       0x68 ./SDK/platform/hal/src/ftm/fsl_ftm_hal.o
 .text.FTM_HAL_SetDualEdgeCaptureCmd
                0x00002744       0x68 ./SDK/platform/hal/src/ftm/fsl_ftm_hal.o
 .text.FTM_HAL_SetDualChnCombineCmd
                0x000027ac       0x68 ./SDK/platform/hal/src/ftm/fsl_ftm_hal.o
 .text.FTM_HAL_SetSwoctrlHardwareSyncModeCmd
                0x00002814       0x28 ./SDK/platform/hal/src/ftm/fsl_ftm_hal.o
 .text.FTM_HAL_SetInvctrlHardwareSyncModeCmd
                0x0000283c       0x28 ./SDK/platform/hal/src/ftm/fsl_ftm_hal.o
 .text.FTM_HAL_SetOutmaskHardwareSyncModeCmd
                0x00002864       0x28 ./SDK/platform/hal/src/ftm/fsl_ftm_hal.o
 .text.FTM_HAL_SetModCntinCvHardwareSyncModeCmd
                0x0000288c       0x28 ./SDK/platform/hal/src/ftm/fsl_ftm_hal.o
 .text.FTM_HAL_SetCounterHardwareSyncModeCmd
                0x000028b4       0x28 ./SDK/platform/hal/src/ftm/fsl_ftm_hal.o
 .text.FTM_HAL_SetSwoctrlSoftwareSyncModeCmd
                0x000028dc       0x28 ./SDK/platform/hal/src/ftm/fsl_ftm_hal.o
 .text.FTM_HAL_SetInvctrlSoftwareSyncModeCmd
                0x00002904       0x28 ./SDK/platform/hal/src/ftm/fsl_ftm_hal.o
 .text.FTM_HAL_SetOutmaskSoftwareSyncModeCmd
                0x0000292c       0x28 ./SDK/platform/hal/src/ftm/fsl_ftm_hal.o
 .text.FTM_HAL_SetModCntinCvSoftwareSyncModeCmd
                0x00002954       0x28 ./SDK/platform/hal/src/ftm/fsl_ftm_hal.o
 .text.FTM_HAL_SetCounterSoftwareSyncModeCmd
                0x0000297c       0x28 ./SDK/platform/hal/src/ftm/fsl_ftm_hal.o
 .text.FTM_HAL_SetPwmSyncModeCmd
                0x000029a4       0x28 ./SDK/platform/hal/src/ftm/fsl_ftm_hal.o
 .text.FTM_HAL_SetSwoctrlPwmSyncModeCmd
                0x000029cc       0x28 ./SDK/platform/hal/src/ftm/fsl_ftm_hal.o
 .text.FTM_HAL_SetInvctrlPwmSyncModeCmd
                0x000029f4       0x28 ./SDK/platform/hal/src/ftm/fsl_ftm_hal.o
 .text.FTM_HAL_SetCntinPwmSyncModeCmd
                0x00002a1c       0x28 ./SDK/platform/hal/src/ftm/fsl_ftm_hal.o
 .text.FTM_HAL_Init
                0x00002a44       0x20 ./SDK/platform/hal/src/ftm/fsl_ftm_hal.o
                0x00002a44                FTM_HAL_Init
 .text.FTM_HAL_SetSyncMode
                0x00002a64      0x130 ./SDK/platform/hal/src/ftm/fsl_ftm_hal.o
                0x00002a64                FTM_HAL_SetSyncMode
 .text.FTM_HAL_EnablePwmMode
                0x00002b94       0xbc ./SDK/platform/hal/src/ftm/fsl_ftm_hal.o
                0x00002b94                FTM_HAL_EnablePwmMode
 .text.FTM_HAL_Reset
                0x00002c50       0xa4 ./SDK/platform/hal/src/ftm/fsl_ftm_hal.o
                0x00002c50                FTM_HAL_Reset
 .text.FTM_HAL_GetChnPairIndex
                0x00002cf4       0x48 ./SDK/platform/hal/src/ftm/fsl_ftm_hal.o
                0x00002cf4                FTM_HAL_GetChnPairIndex
 .text.DSPI_HAL_Enable
                0x00002d3c       0x20 ./SDK/platform/hal/src/dspi/fsl_dspi_hal.o
 .text.DSPI_HAL_Disable
                0x00002d5c       0x20 ./SDK/platform/hal/src/dspi/fsl_dspi_hal.o
 .text.DSPI_HAL_IsMaster
                0x00002d7c       0x1c ./SDK/platform/hal/src/dspi/fsl_dspi_hal.o
 .text.DSPI_HAL_Init
                0x00002d98       0x7c ./SDK/platform/hal/src/dspi/fsl_dspi_hal.o
                0x00002d98                DSPI_HAL_Init
 .text.DSPI_HAL_SetBaudRate
                0x00002e14      0x14c ./SDK/platform/hal/src/dspi/fsl_dspi_hal.o
                0x00002e14                DSPI_HAL_SetBaudRate
 .text.DSPI_HAL_SetPcsPolarityMode
                0x00002f60       0x58 ./SDK/platform/hal/src/dspi/fsl_dspi_hal.o
                0x00002f60                DSPI_HAL_SetPcsPolarityMode
 .text.DSPI_HAL_SetFifoCmd
                0x00002fb8       0x64 ./SDK/platform/hal/src/dspi/fsl_dspi_hal.o
                0x00002fb8                DSPI_HAL_SetFifoCmd
 .text.DSPI_HAL_SetFlushFifoCmd
                0x0000301c       0x38 ./SDK/platform/hal/src/dspi/fsl_dspi_hal.o
                0x0000301c                DSPI_HAL_SetFlushFifoCmd
 .text.DSPI_HAL_SetDataFormat
                0x00003054      0x128 ./SDK/platform/hal/src/dspi/fsl_dspi_hal.o
                0x00003054                DSPI_HAL_SetDataFormat
 .text.DSPI_HAL_SetDelay
                0x0000317c      0x114 ./SDK/platform/hal/src/dspi/fsl_dspi_hal.o
                0x0000317c                DSPI_HAL_SetDelay
 .text.DSPI_HAL_SetTxFifoFillDmaIntMode
                0x00003290       0x3c ./SDK/platform/hal/src/dspi/fsl_dspi_hal.o
                0x00003290                DSPI_HAL_SetTxFifoFillDmaIntMode
 .text.DSPI_HAL_SetRxFifoDrainDmaIntMode
                0x000032cc       0x3c ./SDK/platform/hal/src/dspi/fsl_dspi_hal.o
                0x000032cc                DSPI_HAL_SetRxFifoDrainDmaIntMode
 .text.DSPI_HAL_SetIntMode
                0x00003308       0x3c ./SDK/platform/hal/src/dspi/fsl_dspi_hal.o
                0x00003308                DSPI_HAL_SetIntMode
 .text.DSPI_HAL_GetFormattedCommand
                0x00003344       0x40 ./SDK/platform/hal/src/dspi/fsl_dspi_hal.o
                0x00003344                DSPI_HAL_GetFormattedCommand
 .text.ADC16_HAL_Init
                0x00003384       0x38 ./SDK/platform/hal/src/adc16/fsl_adc16_hal.o
                0x00003384                ADC16_HAL_Init
 .text.ADC16_HAL_ConfigChn
                0x000033bc       0x70 ./SDK/platform/hal/src/adc16/fsl_adc16_hal.o
                0x000033bc                ADC16_HAL_ConfigChn
 .text.ADC16_HAL_ConfigConverter
                0x0000342c      0x12c ./SDK/platform/hal/src/adc16/fsl_adc16_hal.o
                0x0000342c                ADC16_HAL_ConfigConverter
 .text.NVIC_EnableIRQ
                0x00003558       0x30 ./SDK/platform/drivers/src/uart/fsl_uart_driver.o
 .text.UART_HAL_EnableTransmitter
                0x00003588       0x24 ./SDK/platform/drivers/src/uart/fsl_uart_driver.o
 .text.UART_HAL_EnableReceiver
                0x000035ac       0x24 ./SDK/platform/drivers/src/uart/fsl_uart_driver.o
 .text.UART_HAL_SetBitCountPerChar
                0x000035d0       0x28 ./SDK/platform/drivers/src/uart/fsl_uart_driver.o
 .text.UART_HAL_SetStopBitCount
                0x000035f8       0x24 ./SDK/platform/drivers/src/uart/fsl_uart_driver.o
 .text.UART_HAL_GetTxFifoSize
                0x0000361c       0x24 ./SDK/platform/drivers/src/uart/fsl_uart_driver.o
 .text.UART_HAL_GetTxDatawordCountInFifo
                0x00003640       0x1c ./SDK/platform/drivers/src/uart/fsl_uart_driver.o
 .text.UART_HAL_GetRxDatawordCountInFifo
                0x0000365c       0x1c ./SDK/platform/drivers/src/uart/fsl_uart_driver.o
 .text.INT_SYS_EnableIRQ
                0x00003678       0x54 ./SDK/platform/drivers/src/uart/fsl_uart_driver.o
 .text.UART_DRV_Init
                0x000036cc      0x18c ./SDK/platform/drivers/src/uart/fsl_uart_driver.o
                0x000036cc                UART_DRV_Init
 .text.UART_DRV_SendData
                0x00003858       0x74 ./SDK/platform/drivers/src/uart/fsl_uart_driver.o
                0x00003858                UART_DRV_SendData
 .text.UART_DRV_IRQHandler
                0x000038cc      0x170 ./SDK/platform/drivers/src/uart/fsl_uart_driver.o
                0x000038cc                UART_DRV_IRQHandler
 .text.UART_DRV_CompleteSendData
                0x00003a3c       0x74 ./SDK/platform/drivers/src/uart/fsl_uart_driver.o
 .text.UART_DRV_StartSendData
                0x00003ab0       0x8c ./SDK/platform/drivers/src/uart/fsl_uart_driver.o
 .text.UART_DRV_CompleteReceiveData
                0x00003b3c       0x80 ./SDK/platform/drivers/src/uart/fsl_uart_driver.o
 .text.NVIC_EnableIRQ
                0x00003bbc       0x30 ./SDK/platform/drivers/src/pit/fsl_pit_driver.o
 .text.PIT_HAL_Enable
                0x00003bec       0x20 ./SDK/platform/drivers/src/pit/fsl_pit_driver.o
 .text.PIT_HAL_SetTimerRunInDebugCmd
                0x00003c0c       0x28 ./SDK/platform/drivers/src/pit/fsl_pit_driver.o
 .text.PIT_HAL_StartTimer
                0x00003c34       0x44 ./SDK/platform/drivers/src/pit/fsl_pit_driver.o
 .text.PIT_HAL_SetTimerPeriodByCount
                0x00003c78       0x40 ./SDK/platform/drivers/src/pit/fsl_pit_driver.o
 .text.PIT_HAL_SetIntCmd
                0x00003cb8       0x4c ./SDK/platform/drivers/src/pit/fsl_pit_driver.o
 .text.SIM_HAL_EnableClock
                0x00003d04       0x3c ./SDK/platform/drivers/src/pit/fsl_pit_driver.o
 .text.CLOCK_SYS_GetPitFreq
                0x00003d40       0x18 ./SDK/platform/drivers/src/pit/fsl_pit_driver.o
 .text.CLOCK_SYS_EnablePitClock
                0x00003d58       0x1c ./SDK/platform/drivers/src/pit/fsl_pit_driver.o
 .text.INT_SYS_EnableIRQ
                0x00003d74       0x54 ./SDK/platform/drivers/src/pit/fsl_pit_driver.o
 .text.PIT_DRV_Init
                0x00003dc8       0x70 ./SDK/platform/drivers/src/pit/fsl_pit_driver.o
                0x00003dc8                PIT_DRV_Init
 .text.PIT_DRV_InitChannel
                0x00003e38       0x78 ./SDK/platform/drivers/src/pit/fsl_pit_driver.o
                0x00003e38                PIT_DRV_InitChannel
 .text.PIT_DRV_StartTimer
                0x00003eb0       0x44 ./SDK/platform/drivers/src/pit/fsl_pit_driver.o
                0x00003eb0                PIT_DRV_StartTimer
 .text.PIT_DRV_SetTimerPeriodByUs
                0x00003ef4       0x88 ./SDK/platform/drivers/src/pit/fsl_pit_driver.o
                0x00003ef4                PIT_DRV_SetTimerPeriodByUs
 .text.NVIC_EnableIRQ
                0x00003f7c       0x30 ./SDK/platform/drivers/src/gpio/fsl_gpio_driver.o
 .text.PORT_HAL_SetPullMode
                0x00003fac       0x44 ./SDK/platform/drivers/src/gpio/fsl_gpio_driver.o
 .text.PORT_HAL_SetPullCmd
                0x00003ff0       0x48 ./SDK/platform/drivers/src/gpio/fsl_gpio_driver.o
 .text.PORT_HAL_SetSlewRateMode
                0x00004038       0x48 ./SDK/platform/drivers/src/gpio/fsl_gpio_driver.o
 .text.PORT_HAL_SetPassiveFilterCmd
                0x00004080       0x48 ./SDK/platform/drivers/src/gpio/fsl_gpio_driver.o
 .text.PORT_HAL_SetOpenDrainCmd
                0x000040c8       0x48 ./SDK/platform/drivers/src/gpio/fsl_gpio_driver.o
 .text.PORT_HAL_SetDriveStrengthMode
                0x00004110       0x48 ./SDK/platform/drivers/src/gpio/fsl_gpio_driver.o
 .text.PORT_HAL_SetMuxMode
                0x00004158       0x58 ./SDK/platform/drivers/src/gpio/fsl_gpio_driver.o
 .text.PORT_HAL_SetDigitalFilterCmd
                0x000041b0       0x4c ./SDK/platform/drivers/src/gpio/fsl_gpio_driver.o
 .text.PORT_HAL_SetPinIntMode
                0x000041fc       0x58 ./SDK/platform/drivers/src/gpio/fsl_gpio_driver.o
 .text.GPIO_HAL_SetPinOutput
                0x00004254       0x38 ./SDK/platform/drivers/src/gpio/fsl_gpio_driver.o
 .text.GPIO_HAL_ClearPinOutput
                0x0000428c       0x38 ./SDK/platform/drivers/src/gpio/fsl_gpio_driver.o
 .text.GPIO_HAL_ReadPinInput
                0x000042c4       0x40 ./SDK/platform/drivers/src/gpio/fsl_gpio_driver.o
 .text.INT_SYS_EnableIRQ
                0x00004304       0x54 ./SDK/platform/drivers/src/gpio/fsl_gpio_driver.o
 .text.GPIO_DRV_Init
                0x00004358       0x50 ./SDK/platform/drivers/src/gpio/fsl_gpio_driver.o
                0x00004358                GPIO_DRV_Init
 .text.GPIO_DRV_InputPinInit
                0x000043a8       0xc4 ./SDK/platform/drivers/src/gpio/fsl_gpio_driver.o
                0x000043a8                GPIO_DRV_InputPinInit
 .text.GPIO_DRV_OutputPinInit
                0x0000446c       0x90 ./SDK/platform/drivers/src/gpio/fsl_gpio_driver.o
                0x0000446c                GPIO_DRV_OutputPinInit
 .text.GPIO_DRV_SetPinOutput
                0x000044fc       0x30 ./SDK/platform/drivers/src/gpio/fsl_gpio_driver.o
                0x000044fc                GPIO_DRV_SetPinOutput
 .text.GPIO_DRV_ClearPinOutput
                0x0000452c       0x30 ./SDK/platform/drivers/src/gpio/fsl_gpio_driver.o
                0x0000452c                GPIO_DRV_ClearPinOutput
 .text.GPIO_DRV_ReadPinInput
                0x0000455c       0x34 ./SDK/platform/drivers/src/gpio/fsl_gpio_driver.o
                0x0000455c                GPIO_DRV_ReadPinInput
 .text.NVIC_EnableIRQ
                0x00004590       0x30 ./SDK/platform/drivers/src/ftm/fsl_ftm_driver.o
 .text.NVIC_ClearPendingIRQ
                0x000045c0       0x34 ./SDK/platform/drivers/src/ftm/fsl_ftm_driver.o
 .text.FTM_HAL_SetClockSource
                0x000045f4       0x2c ./SDK/platform/drivers/src/ftm/fsl_ftm_driver.o
 .text.FTM_HAL_SetClockPs
                0x00004620       0x2c ./SDK/platform/drivers/src/ftm/fsl_ftm_driver.o
 .text.FTM_HAL_GetClockPs
                0x0000464c       0x20 ./SDK/platform/drivers/src/ftm/fsl_ftm_driver.o
 .text.FTM_HAL_EnableTimerOverflowInt
                0x0000466c       0x20 ./SDK/platform/drivers/src/ftm/fsl_ftm_driver.o
 .text.FTM_HAL_DisableTimerOverflowInt
                0x0000468c       0x20 ./SDK/platform/drivers/src/ftm/fsl_ftm_driver.o
 .text.FTM_HAL_IsOverflowIntEnabled
                0x000046ac       0x2c ./SDK/platform/drivers/src/ftm/fsl_ftm_driver.o
 .text.FTM_HAL_ClearTimerOverflow
                0x000046d8       0x20 ./SDK/platform/drivers/src/ftm/fsl_ftm_driver.o
 .text.FTM_HAL_SetMod
                0x000046f8       0x28 ./SDK/platform/drivers/src/ftm/fsl_ftm_driver.o
 .text.FTM_HAL_SetCounterInitVal
                0x00004720       0x28 ./SDK/platform/drivers/src/ftm/fsl_ftm_driver.o
 .text.FTM_HAL_IsChnIntEnabled
                0x00004748       0x54 ./SDK/platform/drivers/src/ftm/fsl_ftm_driver.o
 .text.FTM_HAL_SetChnCountVal
                0x0000479c       0x58 ./SDK/platform/drivers/src/ftm/fsl_ftm_driver.o
 .text.FTM_HAL_ClearChnEventStatus
                0x000047f4       0x48 ./SDK/platform/drivers/src/ftm/fsl_ftm_driver.o
 .text.FTM_HAL_EnableFaultInt
                0x0000483c       0x24 ./SDK/platform/drivers/src/ftm/fsl_ftm_driver.o
 .text.FTM_HAL_DisableFaultInt
                0x00004860       0x24 ./SDK/platform/drivers/src/ftm/fsl_ftm_driver.o
 .text.FTM_HAL_SetWriteProtectionCmd
                0x00004884       0x40 ./SDK/platform/drivers/src/ftm/fsl_ftm_driver.o
 .text.FTM_HAL_SetBdmMode
                0x000048c4       0x30 ./SDK/platform/drivers/src/ftm/fsl_ftm_driver.o
 .text.FTM_HAL_SetTofFreq
                0x000048f4       0x30 ./SDK/platform/drivers/src/ftm/fsl_ftm_driver.o
 .text.INT_SYS_EnableIRQ
                0x00004924       0x54 ./SDK/platform/drivers/src/ftm/fsl_ftm_driver.o
 .text.CLOCK_SYS_GetFixedFreqClockFreq
                0x00004978       0x14 ./SDK/platform/drivers/src/ftm/fsl_ftm_driver.o
 .text.CLOCK_SYS_GetFtmFixedFreq
                0x0000498c       0x18 ./SDK/platform/drivers/src/ftm/fsl_ftm_driver.o
 .text.CLOCK_SYS_GetFtmSystemClockFreq
                0x000049a4       0x18 ./SDK/platform/drivers/src/ftm/fsl_ftm_driver.o
 .text.FTM_DRV_Init
                0x000049bc      0x100 ./SDK/platform/drivers/src/ftm/fsl_ftm_driver.o
                0x000049bc                FTM_DRV_Init
 .text.FTM_DRV_SetFaultIntCmd
                0x00004abc       0x3c ./SDK/platform/drivers/src/ftm/fsl_ftm_driver.o
                0x00004abc                FTM_DRV_SetFaultIntCmd
 .text.FTM_DRV_SetTimeOverflowIntCmd
                0x00004af8       0x3c ./SDK/platform/drivers/src/ftm/fsl_ftm_driver.o
                0x00004af8                FTM_DRV_SetTimeOverflowIntCmd
 .text.FTM_DRV_SetClock
                0x00004b34       0x70 ./SDK/platform/drivers/src/ftm/fsl_ftm_driver.o
                0x00004b34                FTM_DRV_SetClock
 .text.FTM_DRV_GetClock
                0x00004ba4       0xa8 ./SDK/platform/drivers/src/ftm/fsl_ftm_driver.o
                0x00004ba4                FTM_DRV_GetClock
 .text.FTM_DRV_PwmStart
                0x00004c4c      0x220 ./SDK/platform/drivers/src/ftm/fsl_ftm_driver.o
                0x00004c4c                FTM_DRV_PwmStart
 .text.FTM_DRV_IRQHandler
                0x00004e6c       0x6c ./SDK/platform/drivers/src/ftm/fsl_ftm_driver.o
                0x00004e6c                FTM_DRV_IRQHandler
 .text.NVIC_EnableIRQ
                0x00004ed8       0x30 ./SDK/platform/drivers/src/dspi/fsl_dspi_master_driver.o
 .text.DSPI_HAL_Enable
                0x00004f08       0x20 ./SDK/platform/drivers/src/dspi/fsl_dspi_master_driver.o
 .text.DSPI_HAL_SetMasterSlaveMode
                0x00004f28       0x24 ./SDK/platform/drivers/src/dspi/fsl_dspi_master_driver.o
 .text.DSPI_HAL_SetContinuousSckCmd
                0x00004f4c       0x24 ./SDK/platform/drivers/src/dspi/fsl_dspi_master_driver.o
 .text.DSPI_HAL_StartTransfer
                0x00004f70       0x20 ./SDK/platform/drivers/src/dspi/fsl_dspi_master_driver.o
 .text.DSPI_HAL_StopTransfer
                0x00004f90       0x20 ./SDK/platform/drivers/src/dspi/fsl_dspi_master_driver.o
 .text.DSPI_HAL_GetStatusFlag
                0x00004fb0       0x30 ./SDK/platform/drivers/src/dspi/fsl_dspi_master_driver.o
 .text.DSPI_HAL_ClearStatusFlag
                0x00004fe0       0x20 ./SDK/platform/drivers/src/dspi/fsl_dspi_master_driver.o
 .text.DSPI_HAL_ReadData
                0x00005000       0x18 ./SDK/platform/drivers/src/dspi/fsl_dspi_master_driver.o
 .text.DSPI_HAL_WriteCmdDataMastermode
                0x00005018       0x1c ./SDK/platform/drivers/src/dspi/fsl_dspi_master_driver.o
 .text.DSPI_HAL_PresetTransferCount
                0x00005034       0x28 ./SDK/platform/drivers/src/dspi/fsl_dspi_master_driver.o
 .text.CLOCK_SYS_GetSpiFreq
                0x0000505c       0x18 ./SDK/platform/drivers/src/dspi/fsl_dspi_master_driver.o
 .text.INT_SYS_EnableIRQ
                0x00005074       0x54 ./SDK/platform/drivers/src/dspi/fsl_dspi_master_driver.o
 .text.DSPI_DRV_MasterInit
                0x000050c8       0xe4 ./SDK/platform/drivers/src/dspi/fsl_dspi_master_driver.o
                0x000050c8                DSPI_DRV_MasterInit
 .text.DSPI_DRV_MasterConfigureBus
                0x000051ac       0x8c ./SDK/platform/drivers/src/dspi/fsl_dspi_master_driver.o
                0x000051ac                DSPI_DRV_MasterConfigureBus
 .text.DSPI_DRV_MasterTransferBlocking
                0x00005238       0xb0 ./SDK/platform/drivers/src/dspi/fsl_dspi_master_driver.o
                0x00005238                DSPI_DRV_MasterTransferBlocking
 .text.DSPI_DRV_MasterStartTransfer
                0x000052e8       0xf8 ./SDK/platform/drivers/src/dspi/fsl_dspi_master_driver.o
 .text.DSPI_DRV_MasterFillupTxFifo
                0x000053e0      0x1e4 ./SDK/platform/drivers/src/dspi/fsl_dspi_master_driver.o
 .text.DSPI_DRV_MasterCompleteTransfer
                0x000055c4       0x5c ./SDK/platform/drivers/src/dspi/fsl_dspi_master_driver.o
 .text.DSPI_DRV_MasterIRQHandler
                0x00005620      0x13c ./SDK/platform/drivers/src/dspi/fsl_dspi_master_driver.o
                0x00005620                DSPI_DRV_MasterIRQHandler
 .text.DSPI_HAL_IsMaster
                0x0000575c       0x1c ./SDK/platform/drivers/src/dspi/fsl_dspi_shared_function.o
 .text.DSPI_DRV_IRQHandler
                0x00005778       0x54 ./SDK/platform/drivers/src/dspi/fsl_dspi_shared_function.o
                0x00005778                DSPI_DRV_IRQHandler
 .text.DSPI_HAL_GetIntMode
                0x000057cc       0x30 ./SDK/platform/drivers/src/dspi/fsl_dspi_slave_driver.o
 .text.DSPI_HAL_GetStatusFlag
                0x000057fc       0x30 ./SDK/platform/drivers/src/dspi/fsl_dspi_slave_driver.o
 .text.DSPI_HAL_ClearStatusFlag
                0x0000582c       0x20 ./SDK/platform/drivers/src/dspi/fsl_dspi_slave_driver.o
 .text.DSPI_HAL_ReadData
                0x0000584c       0x18 ./SDK/platform/drivers/src/dspi/fsl_dspi_slave_driver.o
 .text.DSPI_HAL_WriteDataSlavemode
                0x00005864       0x1c ./SDK/platform/drivers/src/dspi/fsl_dspi_slave_driver.o
 .text.DSPI_DRV_SlaveIRQHandler
                0x00005880      0x1fc ./SDK/platform/drivers/src/dspi/fsl_dspi_slave_driver.o
                0x00005880                DSPI_DRV_SlaveIRQHandler
 .text.DSPI_DRV_SlaveCompleteTransfer
                0x00005a7c       0x84 ./SDK/platform/drivers/src/dspi/fsl_dspi_slave_driver.o
 .text.ADC16_HAL_GetChnConvCompletedFlag
                0x00005b00       0x50 ./SDK/platform/drivers/src/adc16/fsl_adc16_driver.o
 .text.ADC16_HAL_GetChnConvValue
                0x00005b50       0x40 ./SDK/platform/drivers/src/adc16/fsl_adc16_driver.o
 .text.ADC16_DRV_Init
                0x00005b90       0x60 ./SDK/platform/drivers/src/adc16/fsl_adc16_driver.o
                0x00005b90                ADC16_DRV_Init
 .text.ADC16_DRV_ConfigConvChn
                0x00005bf0       0x58 ./SDK/platform/drivers/src/adc16/fsl_adc16_driver.o
                0x00005bf0                ADC16_DRV_ConfigConvChn
 .text.ADC16_DRV_WaitConvDone
                0x00005c48       0x54 ./SDK/platform/drivers/src/adc16/fsl_adc16_driver.o
                0x00005c48                ADC16_DRV_WaitConvDone
 .text.ADC16_DRV_GetConvValueRAW
                0x00005c9c       0x4c ./SDK/platform/drivers/src/adc16/fsl_adc16_driver.o
                0x00005c9c                ADC16_DRV_GetConvValueRAW
 .text.SystemInit
                0x00005ce8      0x1f4 ./SDK/platform/devices/MK64F12/startup/system_MK64F12.o
                0x00005ce8                SystemInit
 .text.init_data_bss
                0x00005edc       0xcc ./SDK/platform/devices/startup.o
                0x00005edc                init_data_bss
 .text.NVIC_SetPriority
                0x00005fa8       0x54 ./Generated_Code/Cpu.o
 .text.Components_Init
                0x00005ffc      0x100 ./Generated_Code/Cpu.o
                0x00005ffc                Components_Init
 .text.UART1_RX_TX_IRQHandler
                0x000060fc        0xc ./Generated_Code/SERIAL1.o
                0x000060fc                UART1_RX_TX_IRQHandler
 .text.SIM_HAL_EnableClock
                0x00006108       0x3c ./Generated_Code/hardware_init.o
 .text.hardware_init
                0x00006144       0x94 ./Generated_Code/hardware_init.o
                0x00006144                hardware_init
 .text.NVIC_SetPriority
                0x000061d8       0x54 ./Generated_Code/osa1.o
 .text.CLOCK_SYS_GetSystickFreq
                0x0000622c       0x10 ./Generated_Code/osa1.o
 .text.SysTick_Handler
                0x0000623c       0x20 ./Generated_Code/osa1.o
                0x0000623c                SysTick_Handler
 .text.OSA_TimeInit
                0x0000625c       0xbc ./Generated_Code/osa1.o
                0x0000625c                OSA_TimeInit
 .text.OSA_TimeDiff
                0x00006318       0x30 ./Generated_Code/osa1.o
                0x00006318                OSA_TimeDiff
 .text.OSA_TimeGetMsec
                0x00006348       0x18 ./Generated_Code/osa1.o
                0x00006348                OSA_TimeGetMsec
 .text.PORT_HAL_SetPullMode
                0x00006360       0x44 ./Generated_Code/pin_mux.o
 .text.PORT_HAL_SetPullCmd
                0x000063a4       0x48 ./Generated_Code/pin_mux.o
 .text.PORT_HAL_SetSlewRateMode
                0x000063ec       0x48 ./Generated_Code/pin_mux.o
 .text.PORT_HAL_SetPassiveFilterCmd
                0x00006434       0x48 ./Generated_Code/pin_mux.o
 .text.PORT_HAL_SetOpenDrainCmd
                0x0000647c       0x48 ./Generated_Code/pin_mux.o
 .text.PORT_HAL_SetDriveStrengthMode
                0x000064c4       0x48 ./Generated_Code/pin_mux.o
 .text.PORT_HAL_SetMuxMode
                0x0000650c       0x58 ./Generated_Code/pin_mux.o
 .text.init_adc_pins
                0x00006564       0x38 ./Generated_Code/pin_mux.o
                0x00006564                init_adc_pins
 .text.init_enet_pins
                0x0000659c       0x1c ./Generated_Code/pin_mux.o
                0x0000659c                init_enet_pins
 .text.init_ftm_pins
                0x000065b8       0x28 ./Generated_Code/pin_mux.o
                0x000065b8                init_ftm_pins
 .text.init_gpio_pins
                0x000065e0      0x164 ./Generated_Code/pin_mux.o
                0x000065e0                init_gpio_pins
 .text.init_llwu_pins
                0x00006744       0x68 ./Generated_Code/pin_mux.o
                0x00006744                init_llwu_pins
 .text.init_osc_pins
                0x000067ac       0x1c ./Generated_Code/pin_mux.o
                0x000067ac                init_osc_pins
 .text.init_spi_pins
                0x000067c8       0x44 ./Generated_Code/pin_mux.o
                0x000067c8                init_spi_pins
 .text.init_uart_pins
                0x0000680c       0x30 ./Generated_Code/pin_mux.o
                0x0000680c                init_uart_pins
 .text.__assert_func
                0x0000683c       0x38 c:/freescale/kds_3.0.0/toolchain/bin/../lib/gcc/arm-none-eabi/4.8.4/../../../../arm-none-eabi/lib/armv7e-m/fpu\libg_s.a(lib_a-assert.o)
                0x0000683c                __assert_func
 .text.exit     0x00006874       0x28 c:/freescale/kds_3.0.0/toolchain/bin/../lib/gcc/arm-none-eabi/4.8.4/../../../../arm-none-eabi/lib/armv7e-m/fpu\libg_s.a(lib_a-exit.o)
                0x00006874                exit
 .text.fprintf  0x0000689c       0x24 c:/freescale/kds_3.0.0/toolchain/bin/../lib/gcc/arm-none-eabi/4.8.4/../../../../arm-none-eabi/lib/armv7e-m/fpu\libg_s.a(lib_a-fprintf.o)
                0x0000689c                fiprintf
                0x0000689c                fprintf
 .text.__libc_init_array
                0x000068c0       0x4c c:/freescale/kds_3.0.0/toolchain/bin/../lib/gcc/arm-none-eabi/4.8.4/../../../../arm-none-eabi/lib/armv7e-m/fpu\libg_s.a(lib_a-init.o)
                0x000068c0                __libc_init_array
 .text.memset   0x0000690c       0x10 c:/freescale/kds_3.0.0/toolchain/bin/../lib/gcc/arm-none-eabi/4.8.4/../../../../arm-none-eabi/lib/armv7e-m/fpu\libg_s.a(lib_a-memset.o)
                0x0000690c                memset
 .text._free_r  0x0000691c       0x88 c:/freescale/kds_3.0.0/toolchain/bin/../lib/gcc/arm-none-eabi/4.8.4/../../../../arm-none-eabi/lib/armv7e-m/fpu\libg_s.a(lib_a-nano-freer.o)
                0x0000691c                _free_r
 .text._malloc_r
                0x000069a4       0xa8 c:/freescale/kds_3.0.0/toolchain/bin/../lib/gcc/arm-none-eabi/4.8.4/../../../../arm-none-eabi/lib/armv7e-m/fpu\libg_s.a(lib_a-nano-mallocr.o)
                0x000069a4                _malloc_r
 .text._sbrk_r  0x00006a4c       0x20 c:/freescale/kds_3.0.0/toolchain/bin/../lib/gcc/arm-none-eabi/4.8.4/../../../../arm-none-eabi/lib/armv7e-m/fpu\libg_s.a(lib_a-sbrkr.o)
                0x00006a4c                _sbrk_r
 .text.__sfputc_r
                0x00006a6c       0x2c c:/freescale/kds_3.0.0/toolchain/bin/../lib/gcc/arm-none-eabi/4.8.4/../../../../arm-none-eabi/lib/armv7e-m/fpu\libg_s.a(lib_a-vfprintf.o)
 .text.__sfputs_r
                0x00006a98       0x24 c:/freescale/kds_3.0.0/toolchain/bin/../lib/gcc/arm-none-eabi/4.8.4/../../../../arm-none-eabi/lib/armv7e-m/fpu\libg_s.a(lib_a-vfprintf.o)
                0x00006a98                __sfputs_r
 .text._vfprintf_r
                0x00006abc      0x208 c:/freescale/kds_3.0.0/toolchain/bin/../lib/gcc/arm-none-eabi/4.8.4/../../../../arm-none-eabi/lib/armv7e-m/fpu\libg_s.a(lib_a-vfprintf.o)
                0x00006abc                _vfprintf_r
                0x00006abc                _vfiprintf_r
 .text._printf_common
                0x00006cc4       0xe4 c:/freescale/kds_3.0.0/toolchain/bin/../lib/gcc/arm-none-eabi/4.8.4/../../../../arm-none-eabi/lib/armv7e-m/fpu\libg_s.a(lib_a-vfprintf_i.o)
                0x00006cc4                _printf_common
 .text._printf_i
                0x00006da8      0x228 c:/freescale/kds_3.0.0/toolchain/bin/../lib/gcc/arm-none-eabi/4.8.4/../../../../arm-none-eabi/lib/armv7e-m/fpu\libg_s.a(lib_a-vfprintf_i.o)
                0x00006da8                _printf_i
 .text.__swbuf_r
                0x00006fd0       0xa8 c:/freescale/kds_3.0.0/toolchain/bin/../lib/gcc/arm-none-eabi/4.8.4/../../../../arm-none-eabi/lib/armv7e-m/fpu\libg_s.a(lib_a-wbuf.o)
                0x00006fd0                __swbuf_r
 .text.__swsetup_r
                0x00007078       0xdc c:/freescale/kds_3.0.0/toolchain/bin/../lib/gcc/arm-none-eabi/4.8.4/../../../../arm-none-eabi/lib/armv7e-m/fpu\libg_s.a(lib_a-wsetup.o)
                0x00007078                __swsetup_r
 .text.abort    0x00007154        0xe c:/freescale/kds_3.0.0/toolchain/bin/../lib/gcc/arm-none-eabi/4.8.4/../../../../arm-none-eabi/lib/armv7e-m/fpu\libg_s.a(lib_a-abort.o)
                0x00007154                abort
 .text.__sflush_r
                0x00007162      0x106 c:/freescale/kds_3.0.0/toolchain/bin/../lib/gcc/arm-none-eabi/4.8.4/../../../../arm-none-eabi/lib/armv7e-m/fpu\libg_s.a(lib_a-fflush.o)
                0x00007162                __sflush_r
 .text._fflush_r
                0x00007268       0x54 c:/freescale/kds_3.0.0/toolchain/bin/../lib/gcc/arm-none-eabi/4.8.4/../../../../arm-none-eabi/lib/armv7e-m/fpu\libg_s.a(lib_a-fflush.o)
                0x00007268                _fflush_r
 .text._cleanup_r
                0x000072bc       0x32 c:/freescale/kds_3.0.0/toolchain/bin/../lib/gcc/arm-none-eabi/4.8.4/../../../../arm-none-eabi/lib/armv7e-m/fpu\libg_s.a(lib_a-findfp.o)
                0x000072bc                _cleanup_r
 *fill*         0x000072ee        0x2 
 .text.std.isra.0
                0x000072f0       0x48 c:/freescale/kds_3.0.0/toolchain/bin/../lib/gcc/arm-none-eabi/4.8.4/../../../../arm-none-eabi/lib/armv7e-m/fpu\libg_s.a(lib_a-findfp.o)
 .text.__sfmoreglue
                0x00007338       0x2c c:/freescale/kds_3.0.0/toolchain/bin/../lib/gcc/arm-none-eabi/4.8.4/../../../../arm-none-eabi/lib/armv7e-m/fpu\libg_s.a(lib_a-findfp.o)
                0x00007338                __sfmoreglue
 .text.__sinit  0x00007364       0x60 c:/freescale/kds_3.0.0/toolchain/bin/../lib/gcc/arm-none-eabi/4.8.4/../../../../arm-none-eabi/lib/armv7e-m/fpu\libg_s.a(lib_a-findfp.o)
                0x00007364                __sinit
 .text.__sfp    0x000073c4       0x74 c:/freescale/kds_3.0.0/toolchain/bin/../lib/gcc/arm-none-eabi/4.8.4/../../../../arm-none-eabi/lib/armv7e-m/fpu\libg_s.a(lib_a-findfp.o)
                0x000073c4                __sfp
 .text.__smakebuf_r
                0x00007438       0x9c c:/freescale/kds_3.0.0/toolchain/bin/../lib/gcc/arm-none-eabi/4.8.4/../../../../arm-none-eabi/lib/armv7e-m/fpu\libg_s.a(lib_a-makebuf.o)
                0x00007438                __smakebuf_r
 .text.memchr   0x000074d4       0x1e c:/freescale/kds_3.0.0/toolchain/bin/../lib/gcc/arm-none-eabi/4.8.4/../../../../arm-none-eabi/lib/armv7e-m/fpu\libg_s.a(lib_a-memchr-stub.o)
                0x000074d4                memchr
 .text._raise_r
                0x000074f2       0x50 c:/freescale/kds_3.0.0/toolchain/bin/../lib/gcc/arm-none-eabi/4.8.4/../../../../arm-none-eabi/lib/armv7e-m/fpu\libg_s.a(lib_a-signal.o)
                0x000074f2                _raise_r
 *fill*         0x00007542        0x2 
 .text.raise    0x00007544       0x10 c:/freescale/kds_3.0.0/toolchain/bin/../lib/gcc/arm-none-eabi/4.8.4/../../../../arm-none-eabi/lib/armv7e-m/fpu\libg_s.a(lib_a-signal.o)
                0x00007544                raise
 .text._kill_r  0x00007554       0x24 c:/freescale/kds_3.0.0/toolchain/bin/../lib/gcc/arm-none-eabi/4.8.4/../../../../arm-none-eabi/lib/armv7e-m/fpu\libg_s.a(lib_a-signalr.o)
                0x00007554                _kill_r
 .text._getpid_r
                0x00007578        0x4 c:/freescale/kds_3.0.0/toolchain/bin/../lib/gcc/arm-none-eabi/4.8.4/../../../../arm-none-eabi/lib/armv7e-m/fpu\libg_s.a(lib_a-signalr.o)
                0x00007578                _getpid_r
 .text.__sread  0x0000757c       0x22 c:/freescale/kds_3.0.0/toolchain/bin/../lib/gcc/arm-none-eabi/4.8.4/../../../../arm-none-eabi/lib/armv7e-m/fpu\libg_s.a(lib_a-stdio.o)
                0x0000757c                __sread
 .text.__swrite
                0x0000759e       0x38 c:/freescale/kds_3.0.0/toolchain/bin/../lib/gcc/arm-none-eabi/4.8.4/../../../../arm-none-eabi/lib/armv7e-m/fpu\libg_s.a(lib_a-stdio.o)
                0x0000759e                __swrite
 .text.__sseek  0x000075d6       0x24 c:/freescale/kds_3.0.0/toolchain/bin/../lib/gcc/arm-none-eabi/4.8.4/../../../../arm-none-eabi/lib/armv7e-m/fpu\libg_s.a(lib_a-stdio.o)
                0x000075d6                __sseek
 .text.__sclose
                0x000075fa        0x8 c:/freescale/kds_3.0.0/toolchain/bin/../lib/gcc/arm-none-eabi/4.8.4/../../../../arm-none-eabi/lib/armv7e-m/fpu\libg_s.a(lib_a-stdio.o)
                0x000075fa                __sclose
 .text.strlen   0x00007602       0x10 c:/freescale/kds_3.0.0/toolchain/bin/../lib/gcc/arm-none-eabi/4.8.4/../../../../arm-none-eabi/lib/armv7e-m/fpu\libg_s.a(lib_a-strlen.o)
                0x00007602                strlen
 *fill*         0x00007612        0x2 
 .text._write_r
                0x00007614       0x24 c:/freescale/kds_3.0.0/toolchain/bin/../lib/gcc/arm-none-eabi/4.8.4/../../../../arm-none-eabi/lib/armv7e-m/fpu\libg_s.a(lib_a-writer.o)
                0x00007614                _write_r
 .text._close_r
                0x00007638       0x20 c:/freescale/kds_3.0.0/toolchain/bin/../lib/gcc/arm-none-eabi/4.8.4/../../../../arm-none-eabi/lib/armv7e-m/fpu\libg_s.a(lib_a-closer.o)
                0x00007638                _close_r
 .text._fstat_r
                0x00007658       0x24 c:/freescale/kds_3.0.0/toolchain/bin/../lib/gcc/arm-none-eabi/4.8.4/../../../../arm-none-eabi/lib/armv7e-m/fpu\libg_s.a(lib_a-fstatr.o)
                0x00007658                _fstat_r
 .text._isatty_r
                0x0000767c       0x20 c:/freescale/kds_3.0.0/toolchain/bin/../lib/gcc/arm-none-eabi/4.8.4/../../../../arm-none-eabi/lib/armv7e-m/fpu\libg_s.a(lib_a-isattyr.o)
                0x0000767c                _isatty_r
 .text._lseek_r
                0x0000769c       0x24 c:/freescale/kds_3.0.0/toolchain/bin/../lib/gcc/arm-none-eabi/4.8.4/../../../../arm-none-eabi/lib/armv7e-m/fpu\libg_s.a(lib_a-lseekr.o)
                0x0000769c                _lseek_r
 .text._read_r  0x000076c0       0x24 c:/freescale/kds_3.0.0/toolchain/bin/../lib/gcc/arm-none-eabi/4.8.4/../../../../arm-none-eabi/lib/armv7e-m/fpu\libg_s.a(lib_a-readr.o)
                0x000076c0                _read_r
 .text._close   0x000076e4       0x10 c:/freescale/kds_3.0.0/toolchain/bin/../lib/gcc/arm-none-eabi/4.8.4/../../../../arm-none-eabi/lib/armv7e-m/fpu\libnosys.a(close.o)
                0x000076e4                _close
 .text._fstat   0x000076f4       0x10 c:/freescale/kds_3.0.0/toolchain/bin/../lib/gcc/arm-none-eabi/4.8.4/../../../../arm-none-eabi/lib/armv7e-m/fpu\libnosys.a(fstat.o)
                0x000076f4                _fstat
 .text._getpid  0x00007704       0x10 c:/freescale/kds_3.0.0/toolchain/bin/../lib/gcc/arm-none-eabi/4.8.4/../../../../arm-none-eabi/lib/armv7e-m/fpu\libnosys.a(getpid.o)
                0x00007704                _getpid
 .text._isatty  0x00007714       0x10 c:/freescale/kds_3.0.0/toolchain/bin/../lib/gcc/arm-none-eabi/4.8.4/../../../../arm-none-eabi/lib/armv7e-m/fpu\libnosys.a(isatty.o)
                0x00007714                _isatty
 .text._kill    0x00007724       0x10 c:/freescale/kds_3.0.0/toolchain/bin/../lib/gcc/arm-none-eabi/4.8.4/../../../../arm-none-eabi/lib/armv7e-m/fpu\libnosys.a(kill.o)
                0x00007724                _kill
 .text._lseek   0x00007734       0x10 c:/freescale/kds_3.0.0/toolchain/bin/../lib/gcc/arm-none-eabi/4.8.4/../../../../arm-none-eabi/lib/armv7e-m/fpu\libnosys.a(lseek.o)
                0x00007734                _lseek
 .text._read    0x00007744       0x10 c:/freescale/kds_3.0.0/toolchain/bin/../lib/gcc/arm-none-eabi/4.8.4/../../../../arm-none-eabi/lib/armv7e-m/fpu\libnosys.a(read.o)
                0x00007744                _read
 .text._sbrk    0x00007754       0x34 c:/freescale/kds_3.0.0/toolchain/bin/../lib/gcc/arm-none-eabi/4.8.4/../../../../arm-none-eabi/lib/armv7e-m/fpu\libnosys.a(sbrk.o)
                0x00007754                _sbrk
 .text._write   0x00007788       0x10 c:/freescale/kds_3.0.0/toolchain/bin/../lib/gcc/arm-none-eabi/4.8.4/../../../../arm-none-eabi/lib/armv7e-m/fpu\libnosys.a(write.o)
                0x00007788                _write
 .text._exit    0x00007798        0x4 c:/freescale/kds_3.0.0/toolchain/bin/../lib/gcc/arm-none-eabi/4.8.4/../../../../arm-none-eabi/lib/armv7e-m/fpu\libnosys.a(_exit.o)
                0x00007798                _exit
 *(.rodata)
 .rodata        0x0000779c       0x7c ./Sources/Events.o
 .rodata        0x00007818       0x14 ./Sources/main.o
 .rodata        0x0000782c      0x1e0 ./SDK/platform/system/src/clock/MK64F12/fsl_clock_MK64F12.o
 .rodata        0x00007a0c       0x64 ./SDK/platform/osa/src/fsl_os_abstraction_bm.o
 .rodata        0x00007a70       0xd8 ./SDK/platform/hal/src/sim/MK64F12/fsl_sim_hal_MK64F12.o
 .rodata        0x00007b48       0x38 ./SDK/platform/hal/src/gpio/fsl_gpio_hal.o
 .rodata        0x00007b80      0x198 ./SDK/platform/hal/src/ftm/fsl_ftm_hal.o
 .rodata        0x00007d18       0x68 ./SDK/platform/hal/src/adc16/fsl_adc16_hal.o
 .rodata        0x00007d80      0x13c ./SDK/platform/drivers/src/uart/fsl_uart_driver.o
 .rodata        0x00007ebc      0x180 ./SDK/platform/drivers/src/pit/fsl_pit_driver.o
 .rodata        0x0000803c      0x168 ./SDK/platform/drivers/src/gpio/fsl_gpio_driver.o
 .rodata        0x000081a4      0x2cc ./SDK/platform/drivers/src/ftm/fsl_ftm_driver.o
 .rodata        0x00008470       0xe4 ./SDK/platform/drivers/src/dspi/fsl_dspi_master_driver.o
 .rodata        0x00008554       0x5c ./SDK/platform/drivers/src/dspi/fsl_dspi_shared_function.o
 .rodata        0x000085b0      0x188 ./SDK/platform/drivers/src/adc16/fsl_adc16_driver.o
 .rodata        0x00008738       0x2c ./Generated_Code/osa1.o
 .rodata        0x00008764       0x64 ./Generated_Code/pin_mux.o
 *(.rodata*)
 .rodata.__func__.8415
                0x000087c8       0x18 ./Sources/Events.o
 .rodata.portGateTable
                0x000087e0        0x8 ./SDK/platform/system/src/clock/MK64F12/fsl_clock_MK64F12.o
 .rodata.adcGateTable
                0x000087e8        0x4 ./SDK/platform/system/src/clock/MK64F12/fsl_clock_MK64F12.o
 .rodata.ftmGateTable
                0x000087ec        0x4 ./SDK/platform/system/src/clock/MK64F12/fsl_clock_MK64F12.o
 .rodata.spiGateTable
                0x000087f0        0x4 ./SDK/platform/system/src/clock/MK64F12/fsl_clock_MK64F12.o
 .rodata.uartGateTable
                0x000087f4        0x8 ./SDK/platform/system/src/clock/MK64F12/fsl_clock_MK64F12.o
 .rodata.__func__.7870
                0x000087fc       0x1c ./SDK/platform/system/src/clock/MK64F12/fsl_clock_MK64F12.o
 .rodata.__func__.7883
                0x00008818       0x1c ./SDK/platform/system/src/clock/MK64F12/fsl_clock_MK64F12.o
 .rodata.__func__.7909
                0x00008834       0x1c ./SDK/platform/system/src/clock/MK64F12/fsl_clock_MK64F12.o
 .rodata.__func__.7922
                0x00008850       0x1c ./SDK/platform/system/src/clock/MK64F12/fsl_clock_MK64F12.o
 .rodata.__func__.7948
                0x0000886c       0x1c ./SDK/platform/system/src/clock/MK64F12/fsl_clock_MK64F12.o
 .rodata.__func__.7891
                0x00008888       0x10 ./SDK/platform/osa/src/fsl_os_abstraction_bm.o
 .rodata.__func__.7897
                0x00008898       0x10 ./SDK/platform/osa/src/fsl_os_abstraction_bm.o
 .rodata.__func__.7901
                0x000088a8       0x10 ./SDK/platform/osa/src/fsl_os_abstraction_bm.o
 .rodata.__func__.7947
                0x000088b8       0x10 ./SDK/platform/osa/src/fsl_os_abstraction_bm.o
 .rodata.__func__.6863
                0x000088c8       0x24 ./SDK/platform/hal/src/sim/MK64F12/fsl_sim_hal_MK64F12.o
 .rodata.fllFactorTable.6440
                0x000088ec       0x10 ./SDK/platform/hal/src/mcg/fsl_mcg_hal.o
 .rodata.__func__.6219
                0x000088fc       0x14 ./SDK/platform/hal/src/gpio/fsl_gpio_hal.o
 .rodata.__func__.6225
                0x00008910       0x18 ./SDK/platform/hal/src/gpio/fsl_gpio_hal.o
 .rodata.__func__.6425
                0x00008928       0x10 ./SDK/platform/hal/src/ftm/fsl_ftm_hal.o
 .rodata.__func__.6703
                0x00008938       0x14 ./SDK/platform/hal/src/ftm/fsl_ftm_hal.o
 .rodata.__func__.6471
                0x0000894c       0x20 ./SDK/platform/hal/src/ftm/fsl_ftm_hal.o
 .rodata.__func__.6719
                0x0000896c       0x18 ./SDK/platform/hal/src/ftm/fsl_ftm_hal.o
 .rodata.__func__.6489
                0x00008984       0x20 ./SDK/platform/hal/src/ftm/fsl_ftm_hal.o
 .rodata.__func__.6307
                0x000089a4       0x18 ./SDK/platform/hal/src/ftm/fsl_ftm_hal.o
 .rodata.__func__.6301
                0x000089bc       0x18 ./SDK/platform/hal/src/ftm/fsl_ftm_hal.o
 .rodata.__func__.6274
                0x000089d4       0x14 ./SDK/platform/hal/src/ftm/fsl_ftm_hal.o
 .rodata.__func__.6501
                0x000089e8       0x20 ./SDK/platform/hal/src/ftm/fsl_ftm_hal.o
 .rodata.s_baudratePrescaler
                0x00008a08       0x10 ./SDK/platform/hal/src/dspi/fsl_dspi_hal.o
 .rodata.s_baudrateScaler
                0x00008a18       0x40 ./SDK/platform/hal/src/dspi/fsl_dspi_hal.o
 .rodata.__func__.6348
                0x00008a58       0x14 ./SDK/platform/hal/src/adc16/fsl_adc16_hal.o
 .rodata.g_uartBase
                0x00008a6c       0x18 ./SDK/platform/drivers/src/uart/fsl_uart_common.o
                0x00008a6c                g_uartBase
 .rodata.__func__.8523
                0x00008a84       0x10 ./SDK/platform/drivers/src/uart/fsl_uart_driver.o
 .rodata.__func__.8496
                0x00008a94       0x14 ./SDK/platform/drivers/src/uart/fsl_uart_driver.o
 .rodata.__func__.8580
                0x00008aa8       0x14 ./SDK/platform/drivers/src/uart/fsl_uart_driver.o
 .rodata.__func__.8646
                0x00008abc       0x1c ./SDK/platform/drivers/src/uart/fsl_uart_driver.o
 .rodata.__func__.8654
                0x00008ad8       0x18 ./SDK/platform/drivers/src/uart/fsl_uart_driver.o
 .rodata.__func__.8660
                0x00008af0       0x20 ./SDK/platform/drivers/src/uart/fsl_uart_driver.o
 .rodata.g_pitBase
                0x00008b10        0x4 ./SDK/platform/drivers/src/pit/fsl_pit_common.o
                0x00008b10                g_pitBase
 .rodata.g_pitIrqId
                0x00008b14        0x4 ./SDK/platform/drivers/src/pit/fsl_pit_common.o
                0x00008b14                g_pitIrqId
 .rodata.__func__.7860
                0x00008b18       0x10 ./SDK/platform/drivers/src/pit/fsl_pit_driver.o
 .rodata.__func__.7867
                0x00008b28       0x14 ./SDK/platform/drivers/src/pit/fsl_pit_driver.o
 .rodata.__func__.6199
                0x00008b3c       0x14 ./SDK/platform/drivers/src/pit/fsl_pit_driver.o
 .rodata.__func__.7844
                0x00008b50       0x14 ./SDK/platform/drivers/src/pit/fsl_pit_driver.o
 .rodata.__func__.7882
                0x00008b64       0x14 ./SDK/platform/drivers/src/pit/fsl_pit_driver.o
 .rodata.__func__.6167
                0x00008b78       0x14 ./SDK/platform/drivers/src/pit/fsl_pit_driver.o
 .rodata.__func__.7895
                0x00008b8c       0x1c ./SDK/platform/drivers/src/pit/fsl_pit_driver.o
 .rodata.__func__.6183
                0x00008ba8       0x20 ./SDK/platform/drivers/src/pit/fsl_pit_driver.o
 .rodata.g_gpioBase
                0x00008bc8       0x14 ./SDK/platform/drivers/src/gpio/fsl_gpio_common.o
                0x00008bc8                g_gpioBase
 .rodata.g_portBase
                0x00008bdc       0x14 ./SDK/platform/drivers/src/gpio/fsl_gpio_common.o
                0x00008bdc                g_portBase
 .rodata.g_portIrqId
                0x00008bf0        0x8 ./SDK/platform/drivers/src/gpio/fsl_gpio_common.o
                0x00008bf0                g_portIrqId
 .rodata.__func__.6221
                0x00008bf8       0x14 ./SDK/platform/drivers/src/gpio/fsl_gpio_driver.o
 .rodata.__func__.6191
                0x00008c0c       0x14 ./SDK/platform/drivers/src/gpio/fsl_gpio_driver.o
 .rodata.__func__.6185
                0x00008c20       0x18 ./SDK/platform/drivers/src/gpio/fsl_gpio_driver.o
 .rodata.__func__.6203
                0x00008c38       0x20 ./SDK/platform/drivers/src/gpio/fsl_gpio_driver.o
 .rodata.__func__.6233
                0x00008c58       0x20 ./SDK/platform/drivers/src/gpio/fsl_gpio_driver.o
 .rodata.__func__.6255
                0x00008c78       0x18 ./SDK/platform/drivers/src/gpio/fsl_gpio_driver.o
 .rodata.__func__.7986
                0x00008c90       0x14 ./SDK/platform/drivers/src/gpio/fsl_gpio_driver.o
 .rodata.__func__.6197
                0x00008ca4       0x1c ./SDK/platform/drivers/src/gpio/fsl_gpio_driver.o
 .rodata.__func__.6215
                0x00008cc0       0x20 ./SDK/platform/drivers/src/gpio/fsl_gpio_driver.o
 .rodata.__func__.6209
                0x00008ce0       0x1c ./SDK/platform/drivers/src/gpio/fsl_gpio_driver.o
 .rodata.__func__.6319
                0x00008cfc       0x18 ./SDK/platform/drivers/src/gpio/fsl_gpio_driver.o
 .rodata.__func__.6324
                0x00008d14       0x18 ./SDK/platform/drivers/src/gpio/fsl_gpio_driver.o
 .rodata.__func__.6353
                0x00008d2c       0x18 ./SDK/platform/drivers/src/gpio/fsl_gpio_driver.o
 .rodata.g_ftmBase
                0x00008d44       0x10 ./SDK/platform/drivers/src/ftm/fsl_ftm_common.o
                0x00008d44                g_ftmBase
 .rodata.g_ftmIrqId
                0x00008d54        0x4 ./SDK/platform/drivers/src/ftm/fsl_ftm_common.o
                0x00008d54                g_ftmIrqId
 .rodata.g_ftmChannelCount
                0x00008d58       0x10 ./SDK/platform/drivers/src/ftm/fsl_ftm_driver.o
                0x00008d58                g_ftmChannelCount
 .rodata.__func__.8353
                0x00008d68       0x10 ./SDK/platform/drivers/src/ftm/fsl_ftm_driver.o
 .rodata.__func__.6716
                0x00008d78       0x14 ./SDK/platform/drivers/src/ftm/fsl_ftm_driver.o
 .rodata.__func__.8408
                0x00008d8c       0x14 ./SDK/platform/drivers/src/ftm/fsl_ftm_driver.o
 .rodata.__func__.8412
                0x00008da0       0x14 ./SDK/platform/drivers/src/ftm/fsl_ftm_driver.o
 .rodata.__func__.8437
                0x00008db4       0x14 ./SDK/platform/drivers/src/ftm/fsl_ftm_driver.o
 .rodata.__func__.6359
                0x00008dc8       0x18 ./SDK/platform/drivers/src/ftm/fsl_ftm_driver.o
 .rodata.__func__.6333
                0x00008de0       0x18 ./SDK/platform/drivers/src/ftm/fsl_ftm_driver.o
 .rodata.__func__.6374
                0x00008df8       0x1c ./SDK/platform/drivers/src/ftm/fsl_ftm_driver.o
 .rodata.g_dspiBase
                0x00008e14        0xc ./SDK/platform/drivers/src/dspi/fsl_dspi_common.o
                0x00008e14                g_dspiBase
 .rodata.g_dspiFifoSize
                0x00008e20        0xc ./SDK/platform/drivers/src/dspi/fsl_dspi_common.o
                0x00008e20                g_dspiFifoSize
 .rodata.g_dspiIrqId
                0x00008e2c        0x4 ./SDK/platform/drivers/src/dspi/fsl_dspi_common.o
                0x00008e2c                g_dspiIrqId
 .rodata.__func__.8234
                0x00008e30       0x14 ./SDK/platform/drivers/src/dspi/fsl_dspi_master_driver.o
 .rodata.__func__.8279
                0x00008e44       0x1c ./SDK/platform/drivers/src/dspi/fsl_dspi_master_driver.o
 .rodata.__func__.6390
                0x00008e60       0x14 ./SDK/platform/drivers/src/dspi/fsl_dspi_shared_function.o
 .rodata.g_adcBase
                0x00008e74        0x8 ./SDK/platform/drivers/src/adc16/fsl_adc16_common.o
                0x00008e74                g_adcBase
 .rodata.__func__.6290
                0x00008e7c       0x24 ./SDK/platform/drivers/src/adc16/fsl_adc16_driver.o
 .rodata.__func__.6304
                0x00008ea0       0x1c ./SDK/platform/drivers/src/adc16/fsl_adc16_driver.o
 .rodata.__func__.8006
                0x00008ebc       0x10 ./SDK/platform/drivers/src/adc16/fsl_adc16_driver.o
 .rodata.__func__.8036
                0x00008ecc       0x18 ./SDK/platform/drivers/src/adc16/fsl_adc16_driver.o
 .rodata.__func__.8042
                0x00008ee4       0x18 ./SDK/platform/drivers/src/adc16/fsl_adc16_driver.o
 .rodata.__func__.8057
                0x00008efc       0x1c ./SDK/platform/drivers/src/adc16/fsl_adc16_driver.o
 .rodata.SERIAL1_InitConfig0
                0x00008f18        0x8 ./Generated_Code/SERIAL1.o
                0x00008f18                SERIAL1_InitConfig0
 .rodata.adConv1_InitConfig0
                0x00008f20        0xc ./Generated_Code/adConv1.o
                0x00008f20                adConv1_InitConfig0
 .rodata.adConv1_ChnConfig0
                0x00008f2c        0x4 ./Generated_Code/adConv1.o
                0x00008f2c                adConv1_ChnConfig0
 .rodata.adConv2_InitConfig0
                0x00008f30        0xc ./Generated_Code/adConv2.o
                0x00008f30                adConv2_InitConfig0
 .rodata.adConv2_ChnConfig0
                0x00008f3c        0x4 ./Generated_Code/adConv2.o
                0x00008f3c                adConv2_ChnConfig0
 .rodata.dspiCom1_BusConfig0
                0x00008f40        0xc ./Generated_Code/dspiCom1.o
                0x00008f40                dspiCom1_BusConfig0
 .rodata.dspiCom1_MasterConfig0
                0x00008f4c        0x8 ./Generated_Code/dspiCom1.o
                0x00008f4c                dspiCom1_MasterConfig0
 .rodata.gpio1_InpConfig0
                0x00008f54       0x30 ./Generated_Code/gpio1.o
                0x00008f54                gpio1_InpConfig0
 .rodata.gpio1_OutConfig0
                0x00008f84       0x3c ./Generated_Code/gpio1.o
                0x00008f84                gpio1_OutConfig0
 .rodata.__func__.10279
                0x00008fc0       0x10 ./Generated_Code/osa1.o
 .rodata.__func__.6221
                0x00008fd0       0x14 ./Generated_Code/pin_mux.o
 .rodata.__func__.6185
                0x00008fe4       0x18 ./Generated_Code/pin_mux.o
 .rodata.__func__.6191
                0x00008ffc       0x14 ./Generated_Code/pin_mux.o
 .rodata.__func__.6203
                0x00009010       0x20 ./Generated_Code/pin_mux.o
 .rodata.__func__.6197
                0x00009030       0x1c ./Generated_Code/pin_mux.o
 .rodata.__func__.6215
                0x0000904c       0x20 ./Generated_Code/pin_mux.o
 .rodata.__func__.6209
                0x0000906c       0x1c ./Generated_Code/pin_mux.o
 .rodata.pit100us_InitConfig0
                0x00009088        0x8 ./Generated_Code/pit100us.o
                0x00009088                pit100us_InitConfig0
 .rodata.pitTimer1_InitConfig0
                0x00009090        0x8 ./Generated_Code/pitTimer1.o
                0x00009090                pitTimer1_InitConfig0
 .rodata.str1.1
                0x00009098       0x3c c:/freescale/kds_3.0.0/toolchain/bin/../lib/gcc/arm-none-eabi/4.8.4/../../../../arm-none-eabi/lib/armv7e-m/fpu\libg_s.a(lib_a-assert.o)
                                 0x3d (size before relaxing)
 .rodata.str1.1
                0x000090d4        0x2 c:/freescale/kds_3.0.0/toolchain/bin/../lib/gcc/arm-none-eabi/4.8.4/../../../../arm-none-eabi/lib/armv7e-m/fpu\libg_s.a(lib_a-impure.o)
 *fill*         0x000090d6        0x2 
 .rodata._global_impure_ptr
                0x000090d8        0x4 c:/freescale/kds_3.0.0/toolchain/bin/../lib/gcc/arm-none-eabi/4.8.4/../../../../arm-none-eabi/lib/armv7e-m/fpu\libg_s.a(lib_a-impure.o)
                0x000090d8                _global_impure_ptr
 .rodata.str1.1
                0x000090dc       0x11 c:/freescale/kds_3.0.0/toolchain/bin/../lib/gcc/arm-none-eabi/4.8.4/../../../../arm-none-eabi/lib/armv7e-m/fpu\libg_s.a(lib_a-vfprintf.o)
 .rodata.str1.1
                0x000090ed       0x22 c:/freescale/kds_3.0.0/toolchain/bin/../lib/gcc/arm-none-eabi/4.8.4/../../../../arm-none-eabi/lib/armv7e-m/fpu\libg_s.a(lib_a-vfprintf_i.o)
 *fill*         0x0000910f        0x1 
 .rodata.__sf_fake_stdin
                0x00009110       0x20 c:/freescale/kds_3.0.0/toolchain/bin/../lib/gcc/arm-none-eabi/4.8.4/../../../../arm-none-eabi/lib/armv7e-m/fpu\libg_s.a(lib_a-findfp.o)
                0x00009110                __sf_fake_stdin
 .rodata.__sf_fake_stdout
                0x00009130       0x20 c:/freescale/kds_3.0.0/toolchain/bin/../lib/gcc/arm-none-eabi/4.8.4/../../../../arm-none-eabi/lib/armv7e-m/fpu\libg_s.a(lib_a-findfp.o)
                0x00009130                __sf_fake_stdout
 .rodata.__sf_fake_stderr
                0x00009150       0x20 c:/freescale/kds_3.0.0/toolchain/bin/../lib/gcc/arm-none-eabi/4.8.4/../../../../arm-none-eabi/lib/armv7e-m/fpu\libg_s.a(lib_a-findfp.o)
                0x00009150                __sf_fake_stderr
 *(.glue_7)
 .glue_7        0x00000000        0x0 linker stubs
 *(.glue_7t)
 .glue_7t       0x00000000        0x0 linker stubs
 *(.eh_frame)
 .eh_frame      0x00009170        0x0 c:/freescale/kds_3.0.0/toolchain/bin/../lib/gcc/arm-none-eabi/4.8.4/armv7e-m/fpu/crtbegin.o
 *(.init)
 .init          0x00009170        0x4 c:/freescale/kds_3.0.0/toolchain/bin/../lib/gcc/arm-none-eabi/4.8.4/armv7e-m/fpu/crti.o
                0x00009170                _init
 .init          0x00009174        0x8 c:/freescale/kds_3.0.0/toolchain/bin/../lib/gcc/arm-none-eabi/4.8.4/armv7e-m/fpu/crtn.o
 *(.fini)
 .fini          0x0000917c        0x4 c:/freescale/kds_3.0.0/toolchain/bin/../lib/gcc/arm-none-eabi/4.8.4/armv7e-m/fpu/crti.o
                0x0000917c                _fini
 .fini          0x00009180        0x8 c:/freescale/kds_3.0.0/toolchain/bin/../lib/gcc/arm-none-eabi/4.8.4/armv7e-m/fpu/crtn.o
                0x00009188                . = ALIGN (0x4)

.vfp11_veneer   0x00009188        0x0
 .vfp11_veneer  0x00000000        0x0 linker stubs

.v4_bx          0x00009188        0x0
 .v4_bx         0x00000000        0x0 linker stubs

.iplt           0x00009188        0x0
 .iplt          0x00000000        0x0 c:/freescale/kds_3.0.0/toolchain/bin/../lib/gcc/arm-none-eabi/4.8.4/armv7e-m/fpu/crtbegin.o

.ARM.extab
 *(.ARM.extab* .gnu.linkonce.armextab.*)

.ARM            0x00009188        0x8
                0x00009188                __exidx_start = .
 *(.ARM.exidx*)
 .ARM.exidx     0x00009188        0x8 c:/freescale/kds_3.0.0/toolchain/bin/../lib/gcc/arm-none-eabi/4.8.4/../../../../arm-none-eabi/lib/armv7e-m/fpu/crt0.o
 .ARM.exidx     0x00009190        0x0 c:/freescale/kds_3.0.0/toolchain/bin/../lib/gcc/arm-none-eabi/4.8.4/armv7e-m/fpu\libgcc.a(_divdi3.o)
                                  0x8 (size before relaxing)
 .ARM.exidx     0x00009190        0x0 c:/freescale/kds_3.0.0/toolchain/bin/../lib/gcc/arm-none-eabi/4.8.4/armv7e-m/fpu\libgcc.a(_udivdi3.o)
                                  0x8 (size before relaxing)
                0x00009190                __exidx_end = .

.rel.dyn        0x00009190        0x0
 .rel.iplt      0x00000000        0x0 c:/freescale/kds_3.0.0/toolchain/bin/../lib/gcc/arm-none-eabi/4.8.4/armv7e-m/fpu/crtbegin.o

.ctors          0x00009190        0x0
                0x00009190                __CTOR_LIST__ = .
 *crtbegin.o(.ctors)
 *crtbegin?.o(.ctors)
 *(EXCLUDE_FILE(*crtend.o *crtend?.o) .ctors)
 *(SORT(.ctors.*))
 *(.ctors)
                0x00009190                __CTOR_END__ = .

.dtors          0x00009190        0x0
                0x00009190                __DTOR_LIST__ = .
 *crtbegin.o(.dtors)
 *crtbegin?.o(.dtors)
 *(EXCLUDE_FILE(*crtend.o *crtend?.o) .dtors)
 *(SORT(.dtors.*))
 *(.dtors)
                0x00009190                __DTOR_END__ = .

.preinit_array  0x00009190        0x0
                0x00009190                PROVIDE (__preinit_array_start, .)
 *(.preinit_array*)
                0x00009190                PROVIDE (__preinit_array_end, .)

.init_array     0x00009190        0x4
                0x00009190                PROVIDE (__init_array_start, .)
 *(SORT(.init_array.*))
 *(.init_array*)
 .init_array    0x00009190        0x4 c:/freescale/kds_3.0.0/toolchain/bin/../lib/gcc/arm-none-eabi/4.8.4/armv7e-m/fpu/crtbegin.o
                0x00009194                PROVIDE (__init_array_end, .)

.fini_array     0x00009194        0x4
                0x00009194                PROVIDE (__fini_array_start, .)
 *(SORT(.fini_array.*))
 *(.fini_array*)
 .fini_array    0x00009194        0x4 c:/freescale/kds_3.0.0/toolchain/bin/../lib/gcc/arm-none-eabi/4.8.4/armv7e-m/fpu/crtbegin.o
                0x00009198                PROVIDE (__fini_array_end, .)
                0x00009198                __etext = .
                0x00009198                __DATA_ROM = .

.data           0x1fff0400       0x90 load address 0x00009198
                0x1fff0400                . = ALIGN (0x4)
                0x1fff0400                __DATA_RAM = .
                0x1fff0400                __data_start__ = .
 *(.data)
 *(.data*)
 .data.g_fastInternalRefClkFreq
                0x1fff0400        0x4 ./SDK/platform/hal/src/mcg/fsl_mcg_hal.o
                0x1fff0400                g_fastInternalRefClkFreq
 .data.g_slowInternalRefClkFreq
                0x1fff0404        0x4 ./SDK/platform/hal/src/mcg/fsl_mcg_hal.o
                0x1fff0404                g_slowInternalRefClkFreq
 .data.g_uartRxTxIrqId
                0x1fff0408        0x8 ./SDK/platform/drivers/src/uart/fsl_uart_common.o
                0x1fff0408                g_uartRxTxIrqId
 .data.flexTimer1_ChnConfig0
                0x1fff0410       0x10 ./Generated_Code/flexTimer1.o
                0x1fff0410                flexTimer1_ChnConfig0
 .data.flexTimer1_InitConfig0
                0x1fff0420        0x8 ./Generated_Code/flexTimer1.o
                0x1fff0420                flexTimer1_InitConfig0
 .data.impure_data
                0x1fff0428       0x60 c:/freescale/kds_3.0.0/toolchain/bin/../lib/gcc/arm-none-eabi/4.8.4/../../../../arm-none-eabi/lib/armv7e-m/fpu\libg_s.a(lib_a-impure.o)
 .data._impure_ptr
                0x1fff0488        0x4 c:/freescale/kds_3.0.0/toolchain/bin/../lib/gcc/arm-none-eabi/4.8.4/../../../../arm-none-eabi/lib/armv7e-m/fpu\libg_s.a(lib_a-impure.o)
                0x1fff0488                _impure_ptr
 *(.jcr*)
 .jcr           0x1fff048c        0x0 c:/freescale/kds_3.0.0/toolchain/bin/../lib/gcc/arm-none-eabi/4.8.4/armv7e-m/fpu/crtbegin.o
 .jcr           0x1fff048c        0x4 c:/freescale/kds_3.0.0/toolchain/bin/../lib/gcc/arm-none-eabi/4.8.4/armv7e-m/fpu/crtend.o
                0x1fff0490                . = ALIGN (0x4)
                0x1fff0490                __data_end__ = .
                0x00009228                __DATA_END = (__DATA_ROM + (__data_end__ - __data_start__))
                0x00009228                __m_interrupts_ram_ROMStart = (__DATA_ROM + SIZEOF (.data))

.igot.plt       0x1fff0490        0x0 load address 0x00009228
 .igot.plt      0x00000000        0x0 c:/freescale/kds_3.0.0/toolchain/bin/../lib/gcc/arm-none-eabi/4.8.4/armv7e-m/fpu/crtbegin.o

.m_interrupts_ram
                0x1fff0000      0x400 load address 0x00009228
                0x1fff0000                . = ALIGN (0x4)
                0x1fff0000                __m_interrupts_ram_RAMStart = .
 *(.m_interrupts_ram)
                0x1fff0400                . = (. + 0x400)
 *fill*         0x1fff0000      0x400 
                0x1fff0400                __m_interrupts_ram_RAMEnd = .
                0x1fff0400                . = ALIGN (0x4)
                0x00000400                __m_interrupts_ram_ROMSize = (__m_interrupts_ram_RAMEnd - __m_interrupts_ram_RAMStart)
                0x00000400                __RAM_VECTOR_TABLE_SIZE_BYTES = (__m_interrupts_ram_RAMEnd - __m_interrupts_ram_RAMStart)
                0x00009628                __m_data_2_ROMStart = (__m_interrupts_ram_ROMStart + SIZEOF (.m_interrupts_ram))

.m_data_2       0x20000000        0x0 load address 0x00009628
                0x20000000                . = ALIGN (0x4)
                0x20000000                __m_data_2_RAMStart = .
 *(.m_data_2)
                0x20000000                __m_data_2_RAMEnd = .
                0x20000000                . = ALIGN (0x4)
                0x00000000                __m_data_2_ROMSize = (__m_data_2_RAMEnd - __m_data_2_RAMStart)

.bss            0x1fff0490      0x18c load address 0x00009228
                0x1fff0490                . = ALIGN (0x4)
                0x1fff0490                __START_BSS = .
                0x1fff0490                __bss_start__ = .
 *(.bss)
 .bss           0x1fff0490       0x1c c:/freescale/kds_3.0.0/toolchain/bin/../lib/gcc/arm-none-eabi/4.8.4/armv7e-m/fpu/crtbegin.o
 *(.bss*)
 .bss.Flag      0x1fff04ac        0x8 ./Sources/Events.o
                0x1fff04ac                Flag
 .bss.TempADCHolder1
                0x1fff04b4        0x2 ./Sources/main.o
                0x1fff04b4                TempADCHolder1
 .bss.TempADCHolder2
                0x1fff04b6        0x2 ./Sources/main.o
                0x1fff04b6                TempADCHolder2
 .bss.g_interruptDisableCount
                0x1fff04b8        0x4 ./SDK/platform/system/src/interrupt/fsl_interrupt_manager.o
                0x1fff04b8                g_interruptDisableCount
 .bss.g_taskControlBlockPool
                0x1fff04bc       0x50 ./SDK/platform/osa/src/fsl_os_abstraction_bm.o
 .bss.g_freeTaskControlBlock
                0x1fff050c        0x4 ./SDK/platform/osa/src/fsl_os_abstraction_bm.o
 .bss.g_taskListHead
                0x1fff0510       0x10 ./SDK/platform/osa/src/fsl_os_abstraction_bm.o
 .bss.g_uartStatePtr
                0x1fff0520       0x18 ./SDK/platform/drivers/src/uart/fsl_uart_common.o
                0x1fff0520                g_uartStatePtr
 .bss.s_ftmClockSource
                0x1fff0538        0x1 ./SDK/platform/drivers/src/ftm/fsl_ftm_driver.o
 *fill*         0x1fff0539        0x3 
 .bss.g_dspiStatePtr
                0x1fff053c        0xc ./SDK/platform/drivers/src/dspi/fsl_dspi_common.o
                0x1fff053c                g_dspiStatePtr
 .bss.dspiCom1_calculatedBaudRate
                0x1fff0548        0x4 ./Generated_Code/dspiCom1.o
                0x1fff0548                dspiCom1_calculatedBaudRate
 .bss.SwTimerIsrCounter
                0x1fff054c        0x2 ./Generated_Code/osa1.o
 *fill*         0x1fff054e        0x2 
 .bss.__malloc_sbrk_start
                0x1fff0550        0x4 c:/freescale/kds_3.0.0/toolchain/bin/../lib/gcc/arm-none-eabi/4.8.4/../../../../arm-none-eabi/lib/armv7e-m/fpu\libg_s.a(lib_a-nano-mallocr.o)
                0x1fff0550                __malloc_sbrk_start
 .bss.__malloc_free_list
                0x1fff0554        0x4 c:/freescale/kds_3.0.0/toolchain/bin/../lib/gcc/arm-none-eabi/4.8.4/../../../../arm-none-eabi/lib/armv7e-m/fpu\libg_s.a(lib_a-nano-mallocr.o)
                0x1fff0554                __malloc_free_list
 .bss.heap_end.4246
                0x1fff0558        0x4 c:/freescale/kds_3.0.0/toolchain/bin/../lib/gcc/arm-none-eabi/4.8.4/../../../../arm-none-eabi/lib/armv7e-m/fpu\libnosys.a(sbrk.o)
 *(COMMON)
 COMMON         0x1fff055c       0x16 ./Sources/main.o
                0x1fff055c                ReadArray
                0x1fff0568                SendArray
 *fill*         0x1fff0572        0x2 
 COMMON         0x1fff0574       0x14 ./SDK/platform/system/src/clock/MK64F12/fsl_clock_MK64F12.o
                0x1fff0574                g_usbClkInFreq
                0x1fff0578                g_enet1588ClkInFreq
                0x1fff057c                g_ftmClkFreq
                0x1fff0584                g_sdhcClkInFreq
 COMMON         0x1fff0588        0x8 ./SDK/platform/hal/src/mcg/fsl_mcg_hal.o
                0x1fff0588                g_xtal0ClkFreq
                0x1fff058c                g_xtalRtcClkFreq
 COMMON         0x1fff0590       0x10 ./SDK/platform/drivers/src/pit/fsl_pit_driver.o
                0x1fff0590                g_pitUsInstance
                0x1fff0591                g_pitUsChannel
                0x1fff0598                g_pitSourceClock
 COMMON         0x1fff05a0       0x40 ./Generated_Code/SERIAL1.o
                0x1fff05a0                SERIAL1_State
 COMMON         0x1fff05e0       0x38 ./Generated_Code/dspiCom1.o
                0x1fff05e0                dspiCom1_MasterState
 COMMON         0x1fff0618        0x4 c:/freescale/kds_3.0.0/toolchain/bin/../lib/gcc/arm-none-eabi/4.8.4/../../../../arm-none-eabi/lib/armv7e-m/fpu\libg_s.a(lib_a-reent.o)
                0x1fff0618                errno
                0x1fff061c                . = ALIGN (0x4)
                0x1fff061c                __bss_end__ = .
                0x1fff061c                __END_BSS = .

.heap           0x20000000        0x0
                0x20000000                . = ALIGN (0x8)
                0x20000000                __end__ = .
                0x20000000                PROVIDE (end, .)
                0x20000000                __HeapBase = .
                0x20000000                . = (. + HEAP_SIZE)
                0x20000000                __HeapLimit = .

.stack          0x20000000      0x400
                0x20000000                . = ALIGN (0x8)
                0x20000400                . = (. + STACK_SIZE)
 *fill*         0x20000000      0x400 
                0x20030000                __StackTop = (ORIGIN (m_data_2) + 0x30000)
                0x2002fc00                __StackLimit = (__StackTop - STACK_SIZE)
                0x20030000                PROVIDE (__stack, __StackTop)

.ARM.attributes
                0x00000000       0x30
 *(.ARM.attributes)
 .ARM.attributes
                0x00000000       0x22 c:/freescale/kds_3.0.0/toolchain/bin/../lib/gcc/arm-none-eabi/4.8.4/armv7e-m/fpu/crti.o
 .ARM.attributes
                0x00000022       0x34 c:/freescale/kds_3.0.0/toolchain/bin/../lib/gcc/arm-none-eabi/4.8.4/armv7e-m/fpu/crtbegin.o
 .ARM.attributes
                0x00000056       0x20 c:/freescale/kds_3.0.0/toolchain/bin/../lib/gcc/arm-none-eabi/4.8.4/../../../../arm-none-eabi/lib/armv7e-m/fpu/crt0.o
 .ARM.attributes
                0x00000076       0x39 ./Static_Code/System/PE_low_level_init.o
 .ARM.attributes
                0x000000af       0x39 ./Sources/Events.o
 .ARM.attributes
                0x000000e8       0x39 ./Sources/NRF24L01_DRIVER.o
 .ARM.attributes
                0x00000121       0x39 ./Sources/main.o
 .ARM.attributes
                0x0000015a       0x39 ./SDK/platform/system/src/interrupt/fsl_interrupt_manager.o
 .ARM.attributes
                0x00000193       0x39 ./SDK/platform/system/src/clock/MK64F12/fsl_clock_MK64F12.o
 .ARM.attributes
                0x000001cc       0x39 ./SDK/platform/osa/src/fsl_os_abstraction_bm.o
 .ARM.attributes
                0x00000205       0x39 ./SDK/platform/hal/src/uart/fsl_uart_hal.o
 .ARM.attributes
                0x0000023e       0x39 ./SDK/platform/hal/src/sim/MK64F12/fsl_sim_hal_MK64F12.o
 .ARM.attributes
                0x00000277       0x39 ./SDK/platform/hal/src/mcg/fsl_mcg_hal.o
 .ARM.attributes
                0x000002b0       0x39 ./SDK/platform/hal/src/gpio/fsl_gpio_hal.o
 .ARM.attributes
                0x000002e9       0x39 ./SDK/platform/hal/src/ftm/fsl_ftm_hal.o
 .ARM.attributes
                0x00000322       0x39 ./SDK/platform/hal/src/dspi/fsl_dspi_hal.o
 .ARM.attributes
                0x0000035b       0x39 ./SDK/platform/hal/src/adc16/fsl_adc16_hal.o
 .ARM.attributes
                0x00000394       0x39 ./SDK/platform/drivers/src/uart/fsl_uart_common.o
 .ARM.attributes
                0x000003cd       0x39 ./SDK/platform/drivers/src/uart/fsl_uart_driver.o
 .ARM.attributes
                0x00000406       0x39 ./SDK/platform/drivers/src/pit/fsl_pit_common.o
 .ARM.attributes
                0x0000043f       0x39 ./SDK/platform/drivers/src/pit/fsl_pit_driver.o
 .ARM.attributes
                0x00000478       0x39 ./SDK/platform/drivers/src/gpio/fsl_gpio_common.o
 .ARM.attributes
                0x000004b1       0x39 ./SDK/platform/drivers/src/gpio/fsl_gpio_driver.o
 .ARM.attributes
                0x000004ea       0x39 ./SDK/platform/drivers/src/ftm/fsl_ftm_common.o
 .ARM.attributes
                0x00000523       0x39 ./SDK/platform/drivers/src/ftm/fsl_ftm_driver.o
 .ARM.attributes
                0x0000055c       0x39 ./SDK/platform/drivers/src/dspi/fsl_dspi_common.o
 .ARM.attributes
                0x00000595       0x39 ./SDK/platform/drivers/src/dspi/fsl_dspi_master_driver.o
 .ARM.attributes
                0x000005ce       0x39 ./SDK/platform/drivers/src/dspi/fsl_dspi_shared_function.o
 .ARM.attributes
                0x00000607       0x39 ./SDK/platform/drivers/src/dspi/fsl_dspi_slave_driver.o
 .ARM.attributes
                0x00000640       0x39 ./SDK/platform/drivers/src/adc16/fsl_adc16_common.o
 .ARM.attributes
                0x00000679       0x39 ./SDK/platform/drivers/src/adc16/fsl_adc16_driver.o
 .ARM.attributes
                0x000006b2       0x1f ./SDK/platform/devices/MK64F12/startup/gcc/startup_MK64F12.o
 .ARM.attributes